<html>
<body>
<pre>
<h1>µVision Build Log</h1>
<h2>Tool Versions:</h2>
IDE-Version: µVision V5.17.0.0
Copyright (C) 2015 ARM Ltd and ARM Germany GmbH. All rights reserved.
License Information: neale ratzlaff, oregon state university, LIC=----
 
Tool Versions:
Toolchain:       MDK-Lite  Version: 5.17
Toolchain Path:  C:\Keil_v5\ARM\ARMCC\Bin
C Compiler:      Armcc.exe V5.06 update 1 (build 61)
Assembler:       Armasm.exe V5.06 update 1 (build 61)
Linker/Locator:  ArmLink.exe V5.06 update 1 (build 61)
Library Manager: ArmAr.exe V5.06 update 1 (build 61)
Hex Converter:   FromElf.exe V5.06 update 1 (build 61)
CPU DLL:         SARMCM3.DLL V5.17
Dialog DLL:      DCM.DLL V1.13.4.0
Target DLL:      STLink\ST-LINKIII-KEIL_SWO.dll V2.0.18.0
Dialog DLL:      TCM.DLL V1.14.6.0
 
<h2>Project:</h2>
C:\Users\TekBots 2\Documents\DSP libraries\Audio-DSP-master\Audio-DSP-master\Source\MDK-ARM\Audio-DSP.uvprojx
Project File Date:  02/06/2016

<h2>Output:</h2>
*** Using Compiler 'V5.06 update 1 (build 61)', folder: 'C:\Keil_v5\ARM\ARMCC\Bin'
Build target 'Audio-DSP'
compiling stm32f4xx_it.c...
..\..\Libraries\CMSIS\ST\STM32F4xx\Include\stm32f4xx.h(9979): warning:  #1-D: last line of file ends without a newline
  /************************ (C) COPYRIGHT STMicroelectronics *****END OF FILE****/
..\..\Libraries\CMSIS\ST\STM32F4xx\Include\stm32f4xx.h(9979): warning:  #1-D: last line of file ends without a newline
  /************************ (C) COPYRIGHT STMicroelectronics *****END OF FILE****/
..\src\stm32f4xx_it.c(224): warning:  #223-D: function "USART_puts" declared implicitly
  					USART_puts("DAT");
..\src\stm32f4xx_it.c(228): warning:  #223-D: function "USART_puts" declared implicitly
  					USART_puts(USART1_gets);
..\src\stm32f4xx_it.c: 4 warnings, 0 errors
linking...
Program Size: Code=8132 RO-data=460 RW-data=944 ZI-data=8496  
".\Audio-DSP\Audio-DSP.axf" - 0 Error(s), 4 Warning(s).

<h2>Collection of Component include folders:</h2>
  C:\Users\TekBots 2\Documents\DSP libraries\Audio-DSP-master\Audio-DSP-master\Source\MDK-ARM\RTE
  C:\Keil_v5\ARM\PACK\Keil\STM32F4xx_DFP\2.7.0\Drivers\CMSIS\Device\ST\STM32F4xx\Include

<h2>Collection of Component Files used:</h2>
Build Time Elapsed:  00:00:01
</pre>
</body>
</html>
