<html>
<body>
<pre>
<h1>µVision Build Log</h1>
<h2>Tool Versions:</h2>
IDE-Version: µVision V5.17.0.0
Copyright (C) 2015 ARM Ltd and ARM Germany GmbH. All rights reserved.
License Information: neale ratzlaff, oregon state university, LIC=----
 
Tool Versions:
Toolchain:       MDK-Lite  Version: 5.17
Toolchain Path:  C:\Keil_v5\ARM\ARMCC\Bin
C Compiler:      Armcc.exe V5.06 update 1 (build 61)
Assembler:       Armasm.exe V5.06 update 1 (build 61)
Linker/Locator:  ArmLink.exe V5.06 update 1 (build 61)
Library Manager: ArmAr.exe V5.06 update 1 (build 61)
Hex Converter:   FromElf.exe V5.06 update 1 (build 61)
CPU DLL:         SARMCM3.DLL V5.17
Dialog DLL:      DCM.DLL V1.13.4.0
Target DLL:      STLink\ST-LINKIII-KEIL_SWO.dll V2.0.18.0
Dialog DLL:      TCM.DLL V1.14.6.0
 
<h2>Project:</h2>
C:\Users\TekBots 2\audio_filtering\DSP-SRC\Source\MDK-ARM\Audio-DSP.uvprojx
Project File Date:  02/16/2016

<h2>Output:</h2>
*** Using Compiler 'V5.06 update 1 (build 61)', folder: 'C:\Keil_v5\ARM\ARMCC\Bin'
Build target 'Audio-DSP'
compiling system_stm32f4xx.c...
..\..\Libraries\CMSIS\ST\STM32F4xx\Include\stm32f4xx.h(9979): warning:  #1-D: last line of file ends without a newline
  /************************ (C) COPYRIGHT STMicroelectronics *****END OF FILE****/
..\..\Libraries\CMSIS\ST\STM32F4xx\Include\stm32f4xx.h(9979): warning:  #1-D: last line of file ends without a newline
  /************************ (C) COPYRIGHT STMicroelectronics *****END OF FILE****/
..\src\system_stm32f4xx.c: 2 warnings, 0 errors
compiling headphone.c...
..\..\Libraries\CMSIS\ST\STM32F4xx\Include\stm32f4xx.h(9979): warning:  #1-D: last line of file ends without a newline
  /************************ (C) COPYRIGHT STMicroelectronics *****END OF FILE****/
..\..\Libraries\CMSIS\ST\STM32F4xx\Include\stm32f4xx.h(9979): warning:  #1-D: last line of file ends without a newline
  /************************ (C) COPYRIGHT STMicroelectronics *****END OF FILE****/
..\inc\gui_interface_communications.h(9): warning:  #1-D: last line of file ends without a newline
  void USART_put_data(uint8_t data);
..\src\headphone.c: 3 warnings, 0 errors
compiling dsp.c...
..\..\Libraries\CMSIS\ST\STM32F4xx\Include\stm32f4xx.h(9979): warning:  #1-D: last line of file ends without a newline
  /************************ (C) COPYRIGHT STMicroelectronics *****END OF FILE****/
..\..\Libraries\CMSIS\ST\STM32F4xx\Include\stm32f4xx.h(9979): warning:  #1-D: last line of file ends without a newline
  /************************ (C) COPYRIGHT STMicroelectronics *****END OF FILE****/
..\src\dsp.c: 2 warnings, 0 errors
compiling microphone.c...
..\..\Libraries\CMSIS\ST\STM32F4xx\Include\stm32f4xx.h(9979): warning:  #1-D: last line of file ends without a newline
  /************************ (C) COPYRIGHT STMicroelectronics *****END OF FILE****/
..\..\Libraries\CMSIS\ST\STM32F4xx\Include\stm32f4xx.h(9979): warning:  #1-D: last line of file ends without a newline
  /************************ (C) COPYRIGHT STMicroelectronics *****END OF FILE****/
..\inc\gui_interface_communications.h(9): warning:  #1-D: last line of file ends without a newline
  void USART_put_data(uint8_t data);
..\src\microphone.c: 3 warnings, 0 errors
compiling stm32f4xx_it.c...
..\..\Libraries\CMSIS\ST\STM32F4xx\Include\stm32f4xx.h(9979): warning:  #1-D: last line of file ends without a newline
  /************************ (C) COPYRIGHT STMicroelectronics *****END OF FILE****/
..\..\Libraries\CMSIS\ST\STM32F4xx\Include\stm32f4xx.h(9979): warning:  #1-D: last line of file ends without a newline
  /************************ (C) COPYRIGHT STMicroelectronics *****END OF FILE****/
..\inc\gui_interface_communications.h(9): warning:  #1-D: last line of file ends without a newline
  void USART_put_data(uint8_t data);
..\src\stm32f4xx_it.c: 3 warnings, 0 errors
compiling gui_interface_communications.c...
..\..\Libraries\CMSIS\ST\STM32F4xx\Include\stm32f4xx.h(9979): warning:  #1-D: last line of file ends without a newline
  /************************ (C) COPYRIGHT STMicroelectronics *****END OF FILE****/
..\..\Libraries\CMSIS\ST\STM32F4xx\Include\stm32f4xx.h(9979): warning:  #1-D: last line of file ends without a newline
  /************************ (C) COPYRIGHT STMicroelectronics *****END OF FILE****/
..\inc\gui_interface_communications.h(9): warning:  #1-D: last line of file ends without a newline
  void USART_put_data(uint8_t data);
..\src\gui_interface_communications.c(66): warning:  #1-D: last line of file ends without a newline
  */
..\src\gui_interface_communications.c: 4 warnings, 0 errors
compiling main.c...
..\..\Libraries\CMSIS\ST\STM32F4xx\Include\stm32f4xx.h(9979): warning:  #1-D: last line of file ends without a newline
  /************************ (C) COPYRIGHT STMicroelectronics *****END OF FILE****/
..\..\Libraries\CMSIS\ST\STM32F4xx\Include\stm32f4xx.h(9979): warning:  #1-D: last line of file ends without a newline
  /************************ (C) COPYRIGHT STMicroelectronics *****END OF FILE****/
..\inc\gui_interface_communications.h(9): warning:  #1-D: last line of file ends without a newline
  void USART_put_data(uint8_t data);
..\src\main.c: 3 warnings, 0 errors
compiling stm32f4_discovery.c...
..\..\Libraries\CMSIS\ST\STM32F4xx\Include\stm32f4xx.h(9979): warning:  #1-D: last line of file ends without a newline
  /************************ (C) COPYRIGHT STMicroelectronics *****END OF FILE****/
..\..\Libraries\CMSIS\ST\STM32F4xx\Include\stm32f4xx.h(9979): warning:  #1-D: last line of file ends without a newline
  /************************ (C) COPYRIGHT STMicroelectronics *****END OF FILE****/
..\..\Utilities\STM32F4-Discovery\stm32f4_discovery.c: 2 warnings, 0 errors
compiling misc.c...
..\..\Libraries\CMSIS\ST\STM32F4xx\Include\stm32f4xx.h(9979): warning:  #1-D: last line of file ends without a newline
  /************************ (C) COPYRIGHT STMicroelectronics *****END OF FILE****/
..\..\Libraries\CMSIS\ST\STM32F4xx\Include\stm32f4xx.h(9979): warning:  #1-D: last line of file ends without a newline
  /************************ (C) COPYRIGHT STMicroelectronics *****END OF FILE****/
..\..\Libraries\STM32F4xx_StdPeriph_Driver\src\misc.c: 2 warnings, 0 errors
compiling stm32f4xx_syscfg.c...
..\..\Libraries\CMSIS\ST\STM32F4xx\Include\stm32f4xx.h(9979): warning:  #1-D: last line of file ends without a newline
  /************************ (C) COPYRIGHT STMicroelectronics *****END OF FILE****/
..\..\Libraries\CMSIS\ST\STM32F4xx\Include\stm32f4xx.h(9979): warning:  #1-D: last line of file ends without a newline
  /************************ (C) COPYRIGHT STMicroelectronics *****END OF FILE****/
..\..\Libraries\STM32F4xx_StdPeriph_Driver\src\stm32f4xx_syscfg.c: 2 warnings, 0 errors
compiling stm32f4xx_dac.c...
..\..\Libraries\CMSIS\ST\STM32F4xx\Include\stm32f4xx.h(9979): warning:  #1-D: last line of file ends without a newline
  /************************ (C) COPYRIGHT STMicroelectronics *****END OF FILE****/
..\..\Libraries\CMSIS\ST\STM32F4xx\Include\stm32f4xx.h(9979): warning:  #1-D: last line of file ends without a newline
  /************************ (C) COPYRIGHT STMicroelectronics *****END OF FILE****/
..\..\Libraries\STM32F4xx_StdPeriph_Driver\src\stm32f4xx_dac.c: 2 warnings, 0 errors
compiling stm32f4xx_dma.c...
..\..\Libraries\CMSIS\ST\STM32F4xx\Include\stm32f4xx.h(9979): warning:  #1-D: last line of file ends without a newline
  /************************ (C) COPYRIGHT STMicroelectronics *****END OF FILE****/
..\..\Libraries\CMSIS\ST\STM32F4xx\Include\stm32f4xx.h(9979): warning:  #1-D: last line of file ends without a newline
  /************************ (C) COPYRIGHT STMicroelectronics *****END OF FILE****/
..\..\Libraries\STM32F4xx_StdPeriph_Driver\src\stm32f4xx_dma.c: 2 warnings, 0 errors
compiling stm32f4xx_gpio.c...
..\..\Libraries\CMSIS\ST\STM32F4xx\Include\stm32f4xx.h(9979): warning:  #1-D: last line of file ends without a newline
  /************************ (C) COPYRIGHT STMicroelectronics *****END OF FILE****/
..\..\Libraries\CMSIS\ST\STM32F4xx\Include\stm32f4xx.h(9979): warning:  #1-D: last line of file ends without a newline
  /************************ (C) COPYRIGHT STMicroelectronics *****END OF FILE****/
..\..\Libraries\STM32F4xx_StdPeriph_Driver\src\stm32f4xx_gpio.c: 2 warnings, 0 errors
compiling stm32f4xx_usart.c...
"no source": Error:  #5: cannot open source input file "..\..\..\..\stm32f4_dsp_stdperiph_lib\STM32F4xx_DSP_StdPeriph_Lib_V1.6.1\Libraries\STM32F4xx_StdPeriph_Driver\src\stm32f4xx_usart.c": No such file or directory
..\..\..\..\stm32f4_dsp_stdperiph_lib\STM32F4xx_DSP_StdPeriph_Lib_V1.6.1\Libraries\STM32F4xx_StdPeriph_Driver\src\stm32f4xx_usart.c: 0 warnings, 1 error
compiling stm32f4xx_rcc.c...
"no source": Error:  #5: cannot open source input file "..\..\..\..\stm32f4_dsp_stdperiph_lib\STM32F4xx_DSP_StdPeriph_Lib_V1.6.1\Libraries\STM32F4xx_StdPeriph_Driver\src\stm32f4xx_rcc.c": No such file or directory
..\..\..\..\stm32f4_dsp_stdperiph_lib\STM32F4xx_DSP_StdPeriph_Lib_V1.6.1\Libraries\STM32F4xx_StdPeriph_Driver\src\stm32f4xx_rcc.c: 0 warnings, 1 error
assembling startup_stm32f4xx.s...
compiling stm32f4_discovery_audio_codec.c...
..\..\Libraries\CMSIS\ST\STM32F4xx\Include\stm32f4xx.h(9979): warning:  #1-D: last line of file ends without a newline
  /************************ (C) COPYRIGHT STMicroelectronics *****END OF FILE****/
..\..\Libraries\CMSIS\ST\STM32F4xx\Include\stm32f4xx.h(9979): warning:  #1-D: last line of file ends without a newline
  /************************ (C) COPYRIGHT STMicroelectronics *****END OF FILE****/
..\..\Utilities\STM32F4-Discovery\stm32f4_discovery_audio_codec.c: 2 warnings, 0 errors
compiling stm32f4xx_i2c.c...
..\..\Libraries\CMSIS\ST\STM32F4xx\Include\stm32f4xx.h(9979): warning:  #1-D: last line of file ends without a newline
  /************************ (C) COPYRIGHT STMicroelectronics *****END OF FILE****/
..\..\Libraries\CMSIS\ST\STM32F4xx\Include\stm32f4xx.h(9979): warning:  #1-D: last line of file ends without a newline
  /************************ (C) COPYRIGHT STMicroelectronics *****END OF FILE****/
..\..\Libraries\STM32F4xx_StdPeriph_Driver\src\stm32f4xx_i2c.c: 2 warnings, 0 errors
compiling stm32f4xx_rng.c...
..\..\Libraries\CMSIS\ST\STM32F4xx\Include\stm32f4xx.h(9979): warning:  #1-D: last line of file ends without a newline
  /************************ (C) COPYRIGHT STMicroelectronics *****END OF FILE****/
..\..\Libraries\CMSIS\ST\STM32F4xx\Include\stm32f4xx.h(9979): warning:  #1-D: last line of file ends without a newline
  /************************ (C) COPYRIGHT STMicroelectronics *****END OF FILE****/
..\..\Libraries\STM32F4xx_StdPeriph_Driver\src\stm32f4xx_rng.c: 2 warnings, 0 errors
compiling stm32f4xx_exti.c...
..\..\Libraries\CMSIS\ST\STM32F4xx\Include\stm32f4xx.h(9979): warning:  #1-D: last line of file ends without a newline
  /************************ (C) COPYRIGHT STMicroelectronics *****END OF FILE****/
..\..\Libraries\CMSIS\ST\STM32F4xx\Include\stm32f4xx.h(9979): warning:  #1-D: last line of file ends without a newline
  /************************ (C) COPYRIGHT STMicroelectronics *****END OF FILE****/
..\..\Libraries\STM32F4xx_StdPeriph_Driver\src\stm32f4xx_exti.c: 2 warnings, 0 errors
compiling stm32f4xx_spi.c...
..\..\Libraries\CMSIS\ST\STM32F4xx\Include\stm32f4xx.h(9979): warning:  #1-D: last line of file ends without a newline
  /************************ (C) COPYRIGHT STMicroelectronics *****END OF FILE****/
..\..\Libraries\CMSIS\ST\STM32F4xx\Include\stm32f4xx.h(9979): warning:  #1-D: last line of file ends without a newline
  /************************ (C) COPYRIGHT STMicroelectronics *****END OF FILE****/
..\..\Libraries\STM32F4xx_StdPeriph_Driver\src\stm32f4xx_spi.c: 2 warnings, 0 errors
linking...
Program Size: Code=9160 RO-data=460 RW-data=948 ZI-data=8508  
".\Audio-DSP\Audio-DSP.axf" - 0 Error(s), 42 Warning(s).

<h2>Collection of Component include folders:</h2>
  C:\Users\TekBots 2\audio_filtering\DSP-SRC\Source\MDK-ARM\RTE
  C:\Keil_v5\ARM\PACK\Keil\STM32F4xx_DFP\2.7.0\Drivers\CMSIS\Device\ST\STM32F4xx\Include

<h2>Collection of Component Files used:</h2>
Build Time Elapsed:  00:00:02
</pre>
</body>
</html>
