Component: ARM Compiler 5.06 update 1 (build 61) Tool: armlink [4d35a8]

==============================================================================

Section Cross References

    dsp.o(i.dsp) refers to dsp.o(i.initFilter) for initFilter
    dsp.o(i.dsp) refers to arm_fir_fast_q15.o(.text) for arm_fir_fast_q15
    dsp.o(i.dsp) refers to arm_copy_q15.o(.text) for arm_copy_q15
    dsp.o(i.dsp) refers to main.o(.data) for user_mode
    dsp.o(i.dsp) refers to dsp.o(.data) for firstStart
    dsp.o(i.dsp) refers to dsp.o(.bss) for outSignal
    dsp.o(i.initFilter) refers to arm_fir_init_q15.o(.text) for arm_fir_init_q15
    dsp.o(i.initFilter) refers to main.o(.data) for user_mode
    dsp.o(i.initFilter) refers to dsp.o(.bss) for fir_state
    dsp.o(i.initFilter) refers to dsp.o(.data) for fir_bp_475_575
    gui_interface_communications.o(i.USART_puts) refers to stm32f4xx_usart.o(i.USART_SendData) for USART_SendData
    gui_interface_communications.o(i.handle_USART_message) refers to _printf_pad.o(.text) for _printf_pre_padding
    gui_interface_communications.o(i.handle_USART_message) refers to _printf_percent.o(.ARM.Collect$$_printf_percent$$00000000) for _printf_percent
    gui_interface_communications.o(i.handle_USART_message) refers to _printf_d.o(.ARM.Collect$$_printf_percent$$00000009) for _printf_d
    gui_interface_communications.o(i.handle_USART_message) refers to _printf_dec.o(.text) for _printf_int_dec
    gui_interface_communications.o(i.handle_USART_message) refers to _printf_s.o(.ARM.Collect$$_printf_percent$$00000014) for _printf_s
    gui_interface_communications.o(i.handle_USART_message) refers to _printf_str.o(.text) for _printf_str
    gui_interface_communications.o(i.handle_USART_message) refers to strstr.o(.text) for strstr
    gui_interface_communications.o(i.handle_USART_message) refers to atoi.o(.text) for atoi
    gui_interface_communications.o(i.handle_USART_message) refers to localtime.o(.text) for localtime
    gui_interface_communications.o(i.handle_USART_message) refers to stm32f4xx_rtc.o(i.RTC_SetTime) for RTC_SetTime
    gui_interface_communications.o(i.handle_USART_message) refers to stm32f4xx_rtc.o(i.RTC_SetDate) for RTC_SetDate
    gui_interface_communications.o(i.handle_USART_message) refers to stm32f4xx_rtc.o(i.RTC_GetTime) for RTC_GetTime
    gui_interface_communications.o(i.handle_USART_message) refers to noretval__2sprintf.o(.text) for __2sprintf
    gui_interface_communications.o(i.handle_USART_message) refers to tm_stm32f4_hd44780.o(i.TM_HD44780_Puts) for TM_HD44780_Puts
    gui_interface_communications.o(i.handle_USART_message) refers to stm32f4xx_rtc.o(i.RTC_GetDate) for RTC_GetDate
    gui_interface_communications.o(i.handle_USART_message) refers to gui_interface_communications.o(i.USART_puts) for USART_puts
    gui_interface_communications.o(i.handle_USART_message) refers to h1_free.o(.text) for free
    gui_interface_communications.o(i.handle_USART_message) refers to datalogging.o(i.transmit_records) for transmit_records
    gui_interface_communications.o(i.handle_USART_message) refers to main.o(.data) for time_struct
    gui_interface_communications.o(i.handle_USART_message) refers to main.o(.bss) for records
    headphone.o(i.EVAL_AUDIO_TransferComplete_CallBack) refers to stm32f4_discovery_audio_codec.o(i.Audio_MAL_Play) for Audio_MAL_Play
    headphone.o(i.EVAL_AUDIO_TransferComplete_CallBack) refers to headphone.o(.data) for next_buff
    headphone.o(i.EVAL_AUDIO_TransferComplete_CallBack) refers to headphone.o(.bss) for buff0
    headphone.o(i.WavePlayBack) refers to microphone.o(i.WaveRecorderBeginSampling) for WaveRecorderBeginSampling
    headphone.o(i.WavePlayBack) refers to headphone.o(i.WavePlayerInit) for WavePlayerInit
    headphone.o(i.WavePlayBack) refers to headphone.o(i.fill_init) for fill_init
    headphone.o(i.WavePlayBack) refers to headphone.o(i.fill_buffer) for fill_buffer
    headphone.o(i.WavePlayBack) refers to stm32f4_discovery_audio_codec.o(i.Audio_MAL_Play) for Audio_MAL_Play
    headphone.o(i.WavePlayBack) refers to headphone.o(.data) for mic_head
    headphone.o(i.WavePlayBack) refers to headphone.o(.bss) for buff1
    headphone.o(i.WavePlayBack) refers to stm32f4xx_it.o(.data) for LED_Toggle
    headphone.o(i.WavePlayerInit) refers to stm32f4_discovery_audio_codec.o(i.EVAL_AUDIO_SetAudioInterface) for EVAL_AUDIO_SetAudioInterface
    headphone.o(i.WavePlayerInit) refers to stm32f4_discovery_audio_codec.o(i.EVAL_AUDIO_Init) for EVAL_AUDIO_Init
    headphone.o(i.WavePlayerInit) refers to headphone.o(.data) for volume
    headphone.o(i.WaveRecorderCallback) refers to stm32f4_discovery.o(i.STM_EVAL_LEDOff) for STM_EVAL_LEDOff
    headphone.o(i.WaveRecorderCallback) refers to stm32f4xx_rtc.o(i.RTC_GetTime) for RTC_GetTime
    headphone.o(i.WaveRecorderCallback) refers to stm32f4xx_rtc.o(i.RTC_GetDate) for RTC_GetDate
    headphone.o(i.WaveRecorderCallback) refers to datalogging.o(i.save_record) for save_record
[...]
    __initial_sp                             0x200042f8   Data           0  startup_stm32f4xx.o(STACK)

    Global Symbols

    Symbol Name                              Value     Ov Type        Size  Object(Section)

    BuildAttributes$$THM_ISAv4$E$P$D$K$B$S$7EM$VFPi3$EXTD16$VFPS$VFMA$PE$A:L22UL41UL21$X:L11$S22US41US21$IEEE1$IW$USESV6$~STKCKD$USESV7$~SHL$OTIME$ROPI$EBA8$UX$STANDARDLIB$REQ8$PRES8$EABIv2 0x00000000   Number         0  anon$$obj.o ABSOLUTE
    __ARM_use_no_argv                        0x00000000   Number         0  main.o ABSOLUTE
    _printf_flags                            0x00000000   Number         0  printf_stubs.o ABSOLUTE
    _printf_return_value                     0x00000000   Number         0  printf_stubs.o ABSOLUTE
    _printf_sizespec                         0x00000000   Number         0  printf_stubs.o ABSOLUTE
    _printf_widthprec                        0x00000000   Number         0  printf_stubs.o ABSOLUTE
    __ARM_exceptions_init                     - Undefined Weak Reference
    __alloca_initialize                       - Undefined Weak Reference
    __arm_preinit_                            - Undefined Weak Reference
    __cpp_initialize__aeabi_                  - Undefined Weak Reference
    __cxa_finalize                            - Undefined Weak Reference
    __sigvec_lookup                           - Undefined Weak Reference
    __user_heap_extent                        - Undefined Weak Reference
    _atexit_init                              - Undefined Weak Reference
    _call_atexit_fns                          - Undefined Weak Reference
    _clock_init                               - Undefined Weak Reference
    _fp_trap_init                             - Undefined Weak Reference
    _fp_trap_shutdown                         - Undefined Weak Reference
    _get_lc_collate                           - Undefined Weak Reference
    _get_lc_monetary                          - Undefined Weak Reference
    _get_lc_numeric                           - Undefined Weak Reference
    _get_lc_time                              - Undefined Weak Reference
    _getenv_init                              - Undefined Weak Reference
    _handle_redirection                       - Undefined Weak Reference
    _initio                                   - Undefined Weak Reference
    _mutex_acquire                            - Undefined Weak Reference
    _mutex_free                               - Undefined Weak Reference
    _mutex_release                            - Undefined Weak Reference
    _printf_mbtowc                            - Undefined Weak Reference
    _printf_truncate_signed                   - Undefined Weak Reference
    _printf_truncate_unsigned                 - Undefined Weak Reference
    _rand_init                                - Undefined Weak Reference
    _signal_finish                            - Undefined Weak Reference
    _signal_init                              - Undefined Weak Reference
    _terminateio                              - Undefined Weak Reference
    __Vectors_Size                           0x00000188   Number         0  startup_stm32f4xx.o ABSOLUTE
    __Vectors                                0x08000000   Data           4  startup_stm32f4xx.o(RESET)
    __Vectors_End                            0x08000188   Data           0  startup_stm32f4xx.o(RESET)
    __main                                   0x08000189   Thumb Code     8  __main.o(!!!main)
    __scatterload                            0x08000191   Thumb Code     0  __scatter.o(!!!scatter)
    __scatterload_rt2                        0x08000191   Thumb Code    44  __scatter.o(!!!scatter)
    __scatterload_rt2_thumb_only             0x08000191   Thumb Code     0  __scatter.o(!!!scatter)
    __scatterload_null                       0x0800019f   Thumb Code     0  __scatter.o(!!!scatter)
    __decompress                             0x080001c5   Thumb Code    90  __dczerorl2.o(!!dczerorl2)
    __decompress1                            0x080001c5   Thumb Code     0  __dczerorl2.o(!!dczerorl2)
    __scatterload_zeroinit                   0x08000221   Thumb Code    28  __scatter_zi.o(!!handler_zi)
    _printf_d                                0x0800023d   Thumb Code     0  _printf_d.o(.ARM.Collect$$_printf_percent$$00000009)
    _printf_percent                          0x0800023d   Thumb Code     0  _printf_percent.o(.ARM.Collect$$_printf_percent$$00000000)
    _printf_s                                0x08000243   Thumb Code     0  _printf_s.o(.ARM.Collect$$_printf_percent$$00000014)
    _printf_percent_end                      0x08000249   Thumb Code     0  _printf_percent_end.o(.ARM.Collect$$_printf_percent$$00000017)
    __rt_lib_init                            0x0800024d   Thumb Code     0  libinit.o(.ARM.Collect$$libinit$$00000000)
    __rt_lib_init_fp_1                       0x0800024f   Thumb Code     0  libinit2.o(.ARM.Collect$$libinit$$00000001)
    __rt_lib_init_heap_1                     0x08000253   Thumb Code     0  libinit2.o(.ARM.Collect$$libinit$$0000000A)
    __rt_lib_init_lc_common                  0x08000253   Thumb Code     0  libinit2.o(.ARM.Collect$$libinit$$0000000F)
    __rt_lib_init_preinit_1                  0x08000253   Thumb Code     0  libinit2.o(.ARM.Collect$$libinit$$00000004)
    __rt_lib_init_rand_1                     0x08000253   Thumb Code     0  libinit2.o(.ARM.Collect$$libinit$$0000000E)
    __rt_lib_init_user_alloc_1               0x08000253   Thumb Code     0  libinit2.o(.ARM.Collect$$libinit$$0000000C)
    __rt_lib_init_lc_collate_1               0x08000259   Thumb Code     0  libinit2.o(.ARM.Collect$$libinit$$00000011)
    __rt_lib_init_lc_ctype_2                 0x08000259   Thumb Code     0  libinit2.o(.ARM.Collect$$libinit$$00000012)
    __rt_lib_init_alloca_1                   0x08000265   Thumb Code     0  libinit2.o(.ARM.Collect$$libinit$$0000002E)
    __rt_lib_init_argv_1                     0x08000265   Thumb Code     0  libinit2.o(.ARM.Collect$$libinit$$0000002C)
    __rt_lib_init_atexit_1                   0x08000265   Thumb Code     0  libinit2.o(.ARM.Collect$$libinit$$0000001B)
    __rt_lib_init_clock_1                    0x08000265   Thumb Code     0  libinit2.o(.ARM.Collect$$libinit$$00000021)
    __rt_lib_init_cpp_1                      0x08000265   Thumb Code     0  libinit2.o(.ARM.Collect$$libinit$$00000032)
    __rt_lib_init_exceptions_1               0x08000265   Thumb Code     0  libinit2.o(.ARM.Collect$$libinit$$00000030)
    __rt_lib_init_fp_trap_1                  0x08000265   Thumb Code     0  libinit2.o(.ARM.Collect$$libinit$$0000001F)
    __rt_lib_init_getenv_1                   0x08000265   Thumb Code     0  libinit2.o(.ARM.Collect$$libinit$$00000023)
    __rt_lib_init_lc_ctype_1                 0x08000265   Thumb Code     0  libinit2.o(.ARM.Collect$$libinit$$00000013)
    __rt_lib_init_lc_monetary_1              0x08000265   Thumb Code     0  libinit2.o(.ARM.Collect$$libinit$$00000015)
    __rt_lib_init_lc_numeric_1               0x08000265   Thumb Code     0  libinit2.o(.ARM.Collect$$libinit$$00000017)
    __rt_lib_init_lc_time_1                  0x08000265   Thumb Code     0  libinit2.o(.ARM.Collect$$libinit$$00000019)
    __rt_lib_init_return                     0x08000265   Thumb Code     0  libinit2.o(.ARM.Collect$$libinit$$00000033)
    __rt_lib_init_signal_1                   0x08000265   Thumb Code     0  libinit2.o(.ARM.Collect$$libinit$$0000001D)
    __rt_lib_init_stdio_1                    0x08000265   Thumb Code     0  libinit2.o(.ARM.Collect$$libinit$$00000025)
    __rt_lib_shutdown                        0x08000267   Thumb Code     0  libshutdown.o(.ARM.Collect$$libshutdown$$00000000)
    __rt_lib_shutdown_cpp_1                  0x08000269   Thumb Code     0  libshutdown2.o(.ARM.Collect$$libshutdown$$00000002)
    __rt_lib_shutdown_fp_trap_1              0x08000269   Thumb Code     0  libshutdown2.o(.ARM.Collect$$libshutdown$$00000007)
    __rt_lib_shutdown_heap_1                 0x08000269   Thumb Code     0  libshutdown2.o(.ARM.Collect$$libshutdown$$0000000F)
    __rt_lib_shutdown_return                 0x08000269   Thumb Code     0  libshutdown2.o(.ARM.Collect$$libshutdown$$00000010)
    __rt_lib_shutdown_signal_1               0x08000269   Thumb Code     0  libshutdown2.o(.ARM.Collect$$libshutdown$$0000000A)
    __rt_lib_shutdown_stdio_1                0x08000269   Thumb Code     0  libshutdown2.o(.ARM.Collect$$libshutdown$$00000004)
    __rt_lib_shutdown_user_alloc_1           0x08000269   Thumb Code     0  libshutdown2.o(.ARM.Collect$$libshutdown$$0000000C)
    __rt_entry                               0x0800026b   Thumb Code     0  __rtentry.o(.ARM.Collect$$rtentry$$00000000)
    __rt_entry_presh_1                       0x0800026b   Thumb Code     0  __rtentry2.o(.ARM.Collect$$rtentry$$00000002)
    __rt_entry_sh                            0x0800026b   Thumb Code     0  __rtentry4.o(.ARM.Collect$$rtentry$$00000004)
    __rt_entry_li                            0x08000271   Thumb Code     0  __rtentry2.o(.ARM.Collect$$rtentry$$0000000A)
    __rt_entry_postsh_1                      0x08000271   Thumb Code     0  __rtentry2.o(.ARM.Collect$$rtentry$$00000009)
    __rt_entry_main                          0x08000275   Thumb Code     0  __rtentry2.o(.ARM.Collect$$rtentry$$0000000D)
    __rt_entry_postli_1                      0x08000275   Thumb Code     0  __rtentry2.o(.ARM.Collect$$rtentry$$0000000C)
    __rt_exit                                0x0800027d   Thumb Code     0  rtexit.o(.ARM.Collect$$rtexit$$00000000)
    __rt_exit_ls                             0x0800027f   Thumb Code     0  rtexit2.o(.ARM.Collect$$rtexit$$00000003)
    __rt_exit_prels_1                        0x0800027f   Thumb Code     0  rtexit2.o(.ARM.Collect$$rtexit$$00000002)
    __rt_exit_exit                           0x08000283   Thumb Code     0  rtexit2.o(.ARM.Collect$$rtexit$$00000004)
    Reset_Handler                            0x08000289   Thumb Code     8  startup_stm32f4xx.o(.text)
    ADC_IRQHandler                           0x080002a3   Thumb Code     0  startup_stm32f4xx.o(.text)
    CAN1_RX0_IRQHandler                      0x080002a3   Thumb Code     0  startup_stm32f4xx.o(.text)
    CAN1_RX1_IRQHandler                      0x080002a3   Thumb Code     0  startup_stm32f4xx.o(.text)
    CAN1_SCE_IRQHandler                      0x080002a3   Thumb Code     0  startup_stm32f4xx.o(.text)
    CAN1_TX_IRQHandler                       0x080002a3   Thumb Code     0  startup_stm32f4xx.o(.text)
    CAN2_RX0_IRQHandler                      0x080002a3   Thumb Code     0  startup_stm32f4xx.o(.text)
    CAN2_RX1_IRQHandler                      0x080002a3   Thumb Code     0  startup_stm32f4xx.o(.text)
    CAN2_SCE_IRQHandler                      0x080002a3   Thumb Code     0  startup_stm32f4xx.o(.text)
    CAN2_TX_IRQHandler                       0x080002a3   Thumb Code     0  startup_stm32f4xx.o(.text)
    CRYP_IRQHandler                          0x080002a3   Thumb Code     0  startup_stm32f4xx.o(.text)
    DCMI_IRQHandler                          0x080002a3   Thumb Code     0  startup_stm32f4xx.o(.text)
    DMA1_Stream1_IRQHandler                  0x080002a3   Thumb Code     0  startup_stm32f4xx.o(.text)
    DMA1_Stream2_IRQHandler                  0x080002a3   Thumb Code     0  startup_stm32f4xx.o(.text)
    DMA1_Stream3_IRQHandler                  0x080002a3   Thumb Code     0  startup_stm32f4xx.o(.text)
    DMA1_Stream4_IRQHandler                  0x080002a3   Thumb Code     0  startup_stm32f4xx.o(.text)
    DMA1_Stream5_IRQHandler                  0x080002a3   Thumb Code     0  startup_stm32f4xx.o(.text)
    DMA1_Stream6_IRQHandler                  0x080002a3   Thumb Code     0  startup_stm32f4xx.o(.text)
    DMA2_Stream0_IRQHandler                  0x080002a3   Thumb Code     0  startup_stm32f4xx.o(.text)
    DMA2_Stream1_IRQHandler                  0x080002a3   Thumb Code     0  startup_stm32f4xx.o(.text)
    DMA2_Stream2_IRQHandler                  0x080002a3   Thumb Code     0  startup_stm32f4xx.o(.text)
    DMA2_Stream3_IRQHandler                  0x080002a3   Thumb Code     0  startup_stm32f4xx.o(.text)
    DMA2_Stream4_IRQHandler                  0x080002a3   Thumb Code     0  startup_stm32f4xx.o(.text)
    DMA2_Stream5_IRQHandler                  0x080002a3   Thumb Code     0  startup_stm32f4xx.o(.text)
    DMA2_Stream6_IRQHandler                  0x080002a3   Thumb Code     0  startup_stm32f4xx.o(.text)
    DMA2_Stream7_IRQHandler                  0x080002a3   Thumb Code     0  startup_stm32f4xx.o(.text)
    ETH_IRQHandler                           0x080002a3   Thumb Code     0  startup_stm32f4xx.o(.text)
    ETH_WKUP_IRQHandler                      0x080002a3   Thumb Code     0  startup_stm32f4xx.o(.text)
    EXTI15_10_IRQHandler                     0x080002a3   Thumb Code     0  startup_stm32f4xx.o(.text)
    EXTI2_IRQHandler                         0x080002a3   Thumb Code     0  startup_stm32f4xx.o(.text)
    EXTI3_IRQHandler                         0x080002a3   Thumb Code     0  startup_stm32f4xx.o(.text)
    EXTI4_IRQHandler                         0x080002a3   Thumb Code     0  startup_stm32f4xx.o(.text)
    EXTI9_5_IRQHandler                       0x080002a3   Thumb Code     0  startup_stm32f4xx.o(.text)
    FLASH_IRQHandler                         0x080002a3   Thumb Code     0  startup_stm32f4xx.o(.text)
    FPU_IRQHandler                           0x080002a3   Thumb Code     0  startup_stm32f4xx.o(.text)
    FSMC_IRQHandler                          0x080002a3   Thumb Code     0  startup_stm32f4xx.o(.text)
    HASH_RNG_IRQHandler                      0x080002a3   Thumb Code     0  startup_stm32f4xx.o(.text)
    I2C1_ER_IRQHandler                       0x080002a3   Thumb Code     0  startup_stm32f4xx.o(.text)
    I2C1_EV_IRQHandler                       0x080002a3   Thumb Code     0  startup_stm32f4xx.o(.text)
    I2C2_ER_IRQHandler                       0x080002a3   Thumb Code     0  startup_stm32f4xx.o(.text)
    I2C2_EV_IRQHandler                       0x080002a3   Thumb Code     0  startup_stm32f4xx.o(.text)
    I2C3_ER_IRQHandler                       0x080002a3   Thumb Code     0  startup_stm32f4xx.o(.text)
    I2C3_EV_IRQHandler                       0x080002a3   Thumb Code     0  startup_stm32f4xx.o(.text)
    OTG_FS_IRQHandler                        0x080002a3   Thumb Code     0  startup_stm32f4xx.o(.text)
    OTG_FS_WKUP_IRQHandler                   0x080002a3   Thumb Code     0  startup_stm32f4xx.o(.text)
    OTG_HS_EP1_IN_IRQHandler                 0x080002a3   Thumb Code     0  startup_stm32f4xx.o(.text)
    OTG_HS_EP1_OUT_IRQHandler                0x080002a3   Thumb Code     0  startup_stm32f4xx.o(.text)
    OTG_HS_IRQHandler                        0x080002a3   Thumb Code     0  startup_stm32f4xx.o(.text)
    OTG_HS_WKUP_IRQHandler                   0x080002a3   Thumb Code     0  startup_stm32f4xx.o(.text)
    PVD_IRQHandler                           0x080002a3   Thumb Code     0  startup_stm32f4xx.o(.text)
    RCC_IRQHandler                           0x080002a3   Thumb Code     0  startup_stm32f4xx.o(.text)
    SDIO_IRQHandler                          0x080002a3   Thumb Code     0  startup_stm32f4xx.o(.text)
    SPI1_IRQHandler                          0x080002a3   Thumb Code     0  startup_stm32f4xx.o(.text)
    TAMP_STAMP_IRQHandler                    0x080002a3   Thumb Code     0  startup_stm32f4xx.o(.text)
    TIM1_BRK_TIM9_IRQHandler                 0x080002a3   Thumb Code     0  startup_stm32f4xx.o(.text)
    TIM1_CC_IRQHandler                       0x080002a3   Thumb Code     0  startup_stm32f4xx.o(.text)
    TIM1_TRG_COM_TIM11_IRQHandler            0x080002a3   Thumb Code     0  startup_stm32f4xx.o(.text)
    TIM1_UP_TIM10_IRQHandler                 0x080002a3   Thumb Code     0  startup_stm32f4xx.o(.text)
    TIM2_IRQHandler                          0x080002a3   Thumb Code     0  startup_stm32f4xx.o(.text)
    TIM3_IRQHandler                          0x080002a3   Thumb Code     0  startup_stm32f4xx.o(.text)
    TIM4_IRQHandler                          0x080002a3   Thumb Code     0  startup_stm32f4xx.o(.text)
    TIM5_IRQHandler                          0x080002a3   Thumb Code     0  startup_stm32f4xx.o(.text)
    TIM6_DAC_IRQHandler                      0x080002a3   Thumb Code     0  startup_stm32f4xx.o(.text)
    TIM7_IRQHandler                          0x080002a3   Thumb Code     0  startup_stm32f4xx.o(.text)
    TIM8_BRK_TIM12_IRQHandler                0x080002a3   Thumb Code     0  startup_stm32f4xx.o(.text)
    TIM8_CC_IRQHandler                       0x080002a3   Thumb Code     0  startup_stm32f4xx.o(.text)
    TIM8_TRG_COM_TIM14_IRQHandler            0x080002a3   Thumb Code     0  startup_stm32f4xx.o(.text)
    TIM8_UP_TIM13_IRQHandler                 0x080002a3   Thumb Code     0  startup_stm32f4xx.o(.text)
    UART4_IRQHandler                         0x080002a3   Thumb Code     0  startup_stm32f4xx.o(.text)
    UART5_IRQHandler                         0x080002a3   Thumb Code     0  startup_stm32f4xx.o(.text)
    USART1_IRQHandler                        0x080002a3   Thumb Code     0  startup_stm32f4xx.o(.text)
    USART3_IRQHandler                        0x080002a3   Thumb Code     0  startup_stm32f4xx.o(.text)
    USART6_IRQHandler                        0x080002a3   Thumb Code     0  startup_stm32f4xx.o(.text)
    WWDG_IRQHandler                          0x080002a3   Thumb Code     0  startup_stm32f4xx.o(.text)
    __user_initial_stackheap                 0x080002a5   Thumb Code     0  startup_stm32f4xx.o(.text)
    PDM_Filter_Init                          0x080002c9   Thumb Code   222  pdm_filter.o(.text)
    PDM_Filter_64_LSB                        0x080003a7   Thumb Code   660  pdm_filter.o(.text)
    PDM_Filter_80_LSB                        0x0800063b   Thumb Code   692  pdm_filter.o(.text)
    PDM_Filter_64_MSB                        0x080008ef   Thumb Code   658  pdm_filter.o(.text)
    PDM_Filter_80_MSB                        0x08000b81   Thumb Code   830  pdm_filter.o(.text)
    arm_fir_fast_q15                         0x08000ec5   Thumb Code   478  arm_fir_fast_q15.o(.text)
    arm_fir_init_q15                         0x080010a3   Thumb Code    46  arm_fir_init_q15.o(.text)
    arm_copy_q15                             0x080010d1   Thumb Code   126  arm_copy_q15.o(.text)
    free                                     0x0800114f   Thumb Code    78  h1_free.o(.text)
    __2sprintf                               0x0800119d   Thumb Code    34  noretval__2sprintf.o(.text)
    _printf_pre_padding                      0x080011c5   Thumb Code    44  _printf_pad.o(.text)
    _printf_post_padding                     0x080011f1   Thumb Code    34  _printf_pad.o(.text)
    _printf_str                              0x08001213   Thumb Code    82  _printf_str.o(.text)
    _printf_int_dec                          0x08001265   Thumb Code   104  _printf_dec.o(.text)
    __printf                                 0x080012dd   Thumb Code   308  __printf_flags_wp.o(.text)
    atoi                                     0x08001415   Thumb Code    26  atoi.o(.text)
    strstr                                   0x0800142f   Thumb Code    36  strstr.o(.text)
    __aeabi_memclr                           0x08001453   Thumb Code     0  rt_memclr.o(.text)
    __rt_memclr                              0x08001453   Thumb Code    68  rt_memclr.o(.text)
    _memset                                  0x08001457   Thumb Code     0  rt_memclr.o(.text)
    localtime                                0x08001499   Thumb Code     6  localtime.o(.text)
    __use_two_region_memory                  0x080014a5   Thumb Code     2  heapauxi.o(.text)
    __rt_heap_escrow                         0x080014a7   Thumb Code     2  heapauxi.o(.text)
    __rt_heap_expand                         0x080014a9   Thumb Code     2  heapauxi.o(.text)
    __rt_heap_descriptor                     0x080014ad   Thumb Code     8  rt_heap_descriptor_intlibspace.o(.text)
    __aeabi_errno_addr                       0x080014b5   Thumb Code     8  rt_errno_addr_intlibspace.o(.text)
    __errno$intlibspace                      0x080014b5   Thumb Code     0  rt_errno_addr_intlibspace.o(.text)
    __rt_errno_addr$intlibspace              0x080014b5   Thumb Code     0  rt_errno_addr_intlibspace.o(.text)
    _printf_int_common                       0x080014bd   Thumb Code   178  _printf_intcommon.o(.text)
    _printf_char_common                      0x0800157b   Thumb Code    32  _printf_char_common.o(.text)
    _sputc                                   0x080015a1   Thumb Code    10  _sputc.o(.text)
    _printf_cs_common                        0x080015ab   Thumb Code    20  _printf_char.o(.text)
    _printf_char                             0x080015bf   Thumb Code    16  _printf_char.o(.text)
    _printf_string                           0x080015cf   Thumb Code     8  _printf_char.o(.text)
    strtol                                   0x080015d7   Thumb Code   112  strtol.o(.text)
    __aeabi_memclr4                          0x08001647   Thumb Code     0  rt_memclr_w.o(.text)
    __aeabi_memclr8                          0x08001647   Thumb Code     0  rt_memclr_w.o(.text)
    __rt_memclr_w                            0x08001647   Thumb Code    78  rt_memclr_w.o(.text)
    _memset_w                                0x0800164b   Thumb Code     0  rt_memclr_w.o(.text)
    _localtime_r                             0x08001695   Thumb Code   178  localtime_internal.o(.text)
    _n$localtime_r                           0x08001695   Thumb Code     0  localtime_internal.o(.text)
    __user_libspace                          0x0800174d   Thumb Code     8  libspace.o(.text)
    __user_perproc_libspace                  0x0800174d   Thumb Code     0  libspace.o(.text)
    __user_perthread_libspace                0x0800174d   Thumb Code     0  libspace.o(.text)
    __rt_ctype_table                         0x08001755   Thumb Code    16  rt_ctype_table.o(.text)
    _strtoul                                 0x08001765   Thumb Code   158  _strtoul.o(.text)
    __I$use$semihosting                      0x08001803   Thumb Code     0  use_no_semi.o(.text)
    __use_no_semihosting_swi                 0x08001803   Thumb Code     2  use_no_semi.o(.text)
    __semihosting_library_function           0x08001805   Thumb Code     0  indicate_semi.o(.text)
    __user_setup_stackheap                   0x08001805   Thumb Code    74  sys_stackheap_outer.o(.text)
    __rt_locale                              0x08001851   Thumb Code     8  rt_locale_intlibspace.o(.text)
    _chval                                   0x08001859   Thumb Code    28  _chval.o(.text)
    exit                                     0x08001875   Thumb Code    18  exit.o(.text)
    _sys_exit                                0x08001889   Thumb Code     8  sys_exit.o(.text)
    strcmp                                   0x08001895   Thumb Code   128  strcmpv7m.o(.text)
    ADC_CommonInit                           0x08001915   Thumb Code    34  stm32f4xx_adc.o(i.ADC_CommonInit)
    ADC_Init                                 0x08001945   Thumb Code    74  stm32f4xx_adc.o(i.ADC_Init)
    ADC_RegularChannelConfig                 0x08001999   Thumb Code   184  stm32f4xx_adc.o(i.ADC_RegularChannelConfig)
    ADC_config                               0x08001a51   Thumb Code    12  main.o(i.ADC_config)
    Audio_MAL_Play                           0x08001c45   Thumb Code    92  stm32f4_discovery_audio_codec.o(i.Audio_MAL_Play)
    BusFault_Handler                         0x08001cb1   Thumb Code     4  stm32f4xx_it.o(i.BusFault_Handler)
    Codec_TIMEOUT_UserCallback               0x08002135   Thumb Code     4  stm32f4_discovery_audio_codec.o(i.Codec_TIMEOUT_UserCallback)
    DAC_Cmd                                  0x080022a1   Thumb Code    34  stm32f4xx_dac.o(i.DAC_Cmd)
    DAC_Config                               0x080022c9   Thumb Code    70  stm32f4_discovery_audio_codec.o(i.DAC_Config)
    DAC_Init                                 0x08002319   Thumb Code    46  stm32f4xx_dac.o(i.DAC_Init)
    DAC_SetChannel1Data                      0x0800234d   Thumb Code    26  stm32f4xx_dac.o(i.DAC_SetChannel1Data)
    DMA1_Stream0_IRQHandler                  0x0800236d   Thumb Code     8  stm32f4_discovery_audio_codec.o(i.DMA1_Stream0_IRQHandler)
    DMA1_Stream7_IRQHandler                  0x08002375   Thumb Code     8  stm32f4_discovery_audio_codec.o(i.DMA1_Stream7_IRQHandler)
    DMA_ClearFlag                            0x0800237d   Thumb Code    38  stm32f4xx_dma.o(i.DMA_ClearFlag)
    DMA_Cmd                                  0x080023b1   Thumb Code    22  stm32f4xx_dma.o(i.DMA_Cmd)
    DMA_DeInit                               0x080023c9   Thumb Code   324  stm32f4xx_dma.o(i.DMA_DeInit)
    DMA_GetCmdStatus                         0x08002521   Thumb Code    20  stm32f4xx_dma.o(i.DMA_GetCmdStatus)
    DMA_GetFlagStatus                        0x08002535   Thumb Code    54  stm32f4xx_dma.o(i.DMA_GetFlagStatus)
    DMA_ITConfig                             0x08002579   Thumb Code    58  stm32f4xx_dma.o(i.DMA_ITConfig)
    DMA_Init                                 0x080025b5   Thumb Code    82  stm32f4xx_dma.o(i.DMA_Init)
    DebugMon_Handler                         0x0800260d   Thumb Code     2  stm32f4xx_it.o(i.DebugMon_Handler)
    EVAL_AUDIO_GetSampleCallBack             0x08002639   Thumb Code     4  headphone.o(i.EVAL_AUDIO_GetSampleCallBack)
    EVAL_AUDIO_Init                          0x0800263d   Thumb Code    58  stm32f4_discovery_audio_codec.o(i.EVAL_AUDIO_Init)
    EVAL_AUDIO_SetAudioInterface             0x08002679   Thumb Code   156  stm32f4_discovery_audio_codec.o(i.EVAL_AUDIO_SetAudioInterface)
    EVAL_AUDIO_TransferComplete_CallBack     0x08002755   Thumb Code    48  headphone.o(i.EVAL_AUDIO_TransferComplete_CallBack)
    EXTI0_IRQHandler                         0x08002791   Thumb Code    90  stm32f4xx_it.o(i.EXTI0_IRQHandler)
    EXTI1_IRQHandler                         0x080027fd   Thumb Code    24  stm32f4xx_it.o(i.EXTI1_IRQHandler)
    EXTIInitialize                           0x08002815   Thumb Code    42  main.o(i.EXTIInitialize)
    EXTI_ClearITPendingBit                   0x08002841   Thumb Code     6  stm32f4xx_exti.o(i.EXTI_ClearITPendingBit)
    EXTI_GetITStatus                         0x0800284d   Thumb Code    20  stm32f4xx_exti.o(i.EXTI_GetITStatus)
    EXTI_Init                                0x08002865   Thumb Code   142  stm32f4xx_exti.o(i.EXTI_Init)
    GPIOInitialize                           0x080028f9   Thumb Code    60  main.o(i.GPIOInitialize)
    GPIO_Init                                0x0800293d   Thumb Code   144  stm32f4xx_gpio.o(i.GPIO_Init)
    GPIO_PinAFConfig                         0x080029cd   Thumb Code    70  stm32f4xx_gpio.o(i.GPIO_PinAFConfig)
    GPIO_WriteBit                            0x08002a13   Thumb Code    10  stm32f4xx_gpio.o(i.GPIO_WriteBit)
    HardFault_Handler                        0x08002a1d   Thumb Code     4  stm32f4xx_it.o(i.HardFault_Handler)
    I2C_AcknowledgeConfig                    0x08002a21   Thumb Code    24  stm32f4xx_i2c.o(i.I2C_AcknowledgeConfig)
    I2C_CheckEvent                           0x08002a39   Thumb Code    42  stm32f4xx_i2c.o(i.I2C_CheckEvent)
    I2C_ClearFlag                            0x08002a63   Thumb Code    12  stm32f4xx_i2c.o(i.I2C_ClearFlag)
    I2C_Cmd                                  0x08002a6f   Thumb Code    24  stm32f4xx_i2c.o(i.I2C_Cmd)
    I2C_DeInit                               0x08002a89   Thumb Code    82  stm32f4xx_i2c.o(i.I2C_DeInit)
    I2C_GenerateSTART                        0x08002ae9   Thumb Code    24  stm32f4xx_i2c.o(i.I2C_GenerateSTART)
    I2C_GenerateSTOP                         0x08002b01   Thumb Code    24  stm32f4xx_i2c.o(i.I2C_GenerateSTOP)
    I2C_GetFlagStatus                        0x08002b19   Thumb Code    58  stm32f4xx_i2c.o(i.I2C_GetFlagStatus)
    I2C_Init                                 0x08002b55   Thumb Code   218  stm32f4xx_i2c.o(i.I2C_Init)
    I2C_ReceiveData                          0x08002c3d   Thumb Code     8  stm32f4xx_i2c.o(i.I2C_ReceiveData)
    I2C_Send7bitAddress                      0x08002c45   Thumb Code    16  stm32f4xx_i2c.o(i.I2C_Send7bitAddress)
    I2C_SendData                             0x08002c55   Thumb Code     4  stm32f4xx_i2c.o(i.I2C_SendData)
    I2S_Cmd                                  0x08002c59   Thumb Code    24  stm32f4xx_spi.o(i.I2S_Cmd)
    I2S_Init                                 0x08002c71   Thumb Code   396  stm32f4xx_spi.o(i.I2S_Init)
    MemManage_Handler                        0x08002ed1   Thumb Code     4  stm32f4xx_it.o(i.MemManage_Handler)
    NMI_Handler                              0x08002ed5   Thumb Code     2  stm32f4xx_it.o(i.NMI_Handler)
    NVICInitialize                           0x08002ed7   Thumb Code    70  main.o(i.NVICInitialize)
    NVIC_Init                                0x08002f1d   Thumb Code   106  misc.o(i.NVIC_Init)
    NVIC_PriorityGroupConfig                 0x08002f95   Thumb Code    10  misc.o(i.NVIC_PriorityGroupConfig)
    PWR_BackupAccessCmd                      0x08002fa9   Thumb Code     6  stm32f4xx_pwr.o(i.PWR_BackupAccessCmd)
    PendSV_Handler                           0x08002fb5   Thumb Code     2  stm32f4xx_it.o(i.PendSV_Handler)
    RCC_AHB1PeriphClockCmd                   0x08002fb9   Thumb Code    26  stm32f4xx_rcc.o(i.RCC_AHB1PeriphClockCmd)
    RCC_APB1PeriphClockCmd                   0x08002fd9   Thumb Code    26  stm32f4xx_rcc.o(i.RCC_APB1PeriphClockCmd)
    RCC_APB1PeriphResetCmd                   0x08002ff9   Thumb Code    26  stm32f4xx_rcc.o(i.RCC_APB1PeriphResetCmd)
    RCC_APB2PeriphClockCmd                   0x08003019   Thumb Code    26  stm32f4xx_rcc.o(i.RCC_APB2PeriphClockCmd)
    RCC_APB2PeriphResetCmd                   0x08003039   Thumb Code    26  stm32f4xx_rcc.o(i.RCC_APB2PeriphResetCmd)
    RCC_BackupResetCmd                       0x08003059   Thumb Code     6  stm32f4xx_rcc.o(i.RCC_BackupResetCmd)
    RCC_GetClocksFreq                        0x08003065   Thumb Code   214  stm32f4xx_rcc.o(i.RCC_GetClocksFreq)
    RCC_GetFlagStatus                        0x0800314d   Thumb Code    60  stm32f4xx_rcc.o(i.RCC_GetFlagStatus)
    RCC_LSEConfig                            0x0800318d   Thumb Code    40  stm32f4xx_rcc.o(i.RCC_LSEConfig)
    RCC_RTCCLKCmd                            0x080031b9   Thumb Code     6  stm32f4xx_rcc.o(i.RCC_RTCCLKCmd)
    RCC_RTCCLKConfig                         0x080031c5   Thumb Code    50  stm32f4xx_rcc.o(i.RCC_RTCCLKConfig)
    RTC_AlarmCmd                             0x08003201   Thumb Code   112  stm32f4xx_rtc.o(i.RTC_AlarmCmd)
    RTC_AlarmStructInit                      0x08003275   Thumb Code    22  stm32f4xx_rtc.o(i.RTC_AlarmStructInit)
    RTC_Alarm_IRQHandler                     0x0800328d   Thumb Code   174  stm32f4xx_it.o(i.RTC_Alarm_IRQHandler)
    RTC_ClearFlag                            0x08003399   Thumb Code    24  stm32f4xx_rtc.o(i.RTC_ClearFlag)
    RTC_ClearITPendingBit                    0x080033b5   Thumb Code    28  stm32f4xx_rtc.o(i.RTC_ClearITPendingBit)
    RTC_EnterInitMode                        0x080033d5   Thumb Code    76  stm32f4xx_rtc.o(i.RTC_EnterInitMode)
    RTC_ExitInitMode                         0x08003425   Thumb Code    14  stm32f4xx_rtc.o(i.RTC_ExitInitMode)
    RTC_GetDate                              0x08003439   Thumb Code    68  stm32f4xx_rtc.o(i.RTC_GetDate)
    RTC_GetITStatus                          0x08003485   Thumb Code    58  stm32f4xx_rtc.o(i.RTC_GetITStatus)
    RTC_GetTime                              0x080034c5   Thumb Code    72  stm32f4xx_rtc.o(i.RTC_GetTime)
    RTC_ITConfig                             0x08003515   Thumb Code    94  stm32f4xx_rtc.o(i.RTC_ITConfig)
    RTC_Init                                 0x08003579   Thumb Code    94  stm32f4xx_rtc.o(i.RTC_Init)
    RTC_SetAlarm                             0x080035dd   Thumb Code   230  stm32f4xx_rtc.o(i.RTC_SetAlarm)
    RTC_SetDate                              0x080036c9   Thumb Code   190  stm32f4xx_rtc.o(i.RTC_SetDate)
    RTC_SetTime                              0x08003791   Thumb Code   198  stm32f4xx_rtc.o(i.RTC_SetTime)
    RTC_WKUP_IRQHandler                      0x08003861   Thumb Code    34  tm_stm32f4_rtc.o(i.RTC_WKUP_IRQHandler)
    RTC_WaitForSynchro                       0x08003889   Thumb Code    92  stm32f4xx_rtc.o(i.RTC_WaitForSynchro)
    RTC_WriteProtectionCmd                   0x080038e9   Thumb Code    22  stm32f4xx_rtc.o(i.RTC_WriteProtectionCmd)
    SPI2_IRQHandler                          0x08003905   Thumb Code    88  microphone.o(i.SPI2_IRQHandler)
    SPI3_IRQHandler                          0x08003971   Thumb Code    50  stm32f4_discovery_audio_codec.o(i.SPI3_IRQHandler)
    SPI_I2S_DMACmd                           0x080039ad   Thumb Code    18  stm32f4xx_spi.o(i.SPI_I2S_DMACmd)
    SPI_I2S_DeInit                           0x080039c1   Thumb Code   152  stm32f4xx_spi.o(i.SPI_I2S_DeInit)
    SPI_I2S_GetFlagStatus                    0x08003a71   Thumb Code    18  stm32f4xx_spi.o(i.SPI_I2S_GetFlagStatus)
    SPI_I2S_GetITStatus                      0x08003a83   Thumb Code    52  stm32f4xx_spi.o(i.SPI_I2S_GetITStatus)
    SPI_I2S_ITConfig                         0x08003ab7   Thumb Code    32  stm32f4xx_spi.o(i.SPI_I2S_ITConfig)
    SPI_I2S_ReceiveData                      0x08003ad7   Thumb Code     6  stm32f4xx_spi.o(i.SPI_I2S_ReceiveData)
    SPI_I2S_SendData                         0x08003add   Thumb Code     4  stm32f4xx_spi.o(i.SPI_I2S_SendData)
    STM_EVAL_LEDInit                         0x08003ae1   Thumb Code    62  stm32f4_discovery.o(i.STM_EVAL_LEDInit)
    STM_EVAL_LEDOff                          0x08003b2d   Thumb Code    16  stm32f4_discovery.o(i.STM_EVAL_LEDOff)
    STM_EVAL_LEDOn                           0x08003b45   Thumb Code    16  stm32f4_discovery.o(i.STM_EVAL_LEDOn)
    STM_EVAL_LEDToggle                       0x08003b5d   Thumb Code    26  stm32f4_discovery.o(i.STM_EVAL_LEDToggle)
    STM_EVAL_PBInit                          0x08003b81   Thumb Code   140  stm32f4_discovery.o(i.STM_EVAL_PBInit)
    SVC_Handler                              0x08003c29   Thumb Code     2  stm32f4xx_it.o(i.SVC_Handler)
    SYSCFG_EXTILineConfig                    0x08003c2d   Thumb Code    60  stm32f4xx_syscfg.o(i.SYSCFG_EXTILineConfig)
    SysTick_Handler                          0x08003d91   Thumb Code    58  stm32f4xx_it.o(i.SysTick_Handler)
    SystemInit                               0x08003dd5   Thumb Code    88  system_stm32f4xx.o(i.SystemInit)
    TIMER_init                               0x08003e3d   Thumb Code   180  main.o(i.TIMER_init)
    TM_ADC_INT_Channel_0_Init                0x08003efd   Thumb Code    14  tm_stm32f4_adc.o(i.TM_ADC_INT_Channel_0_Init)
    TM_ADC_INT_Channel_10_Init               0x08003f11   Thumb Code    14  tm_stm32f4_adc.o(i.TM_ADC_INT_Channel_10_Init)
    TM_ADC_INT_Channel_11_Init               0x08003f25   Thumb Code    14  tm_stm32f4_adc.o(i.TM_ADC_INT_Channel_11_Init)
    TM_ADC_INT_Channel_12_Init               0x08003f39   Thumb Code    14  tm_stm32f4_adc.o(i.TM_ADC_INT_Channel_12_Init)
    TM_ADC_INT_Channel_13_Init               0x08003f4d   Thumb Code    14  tm_stm32f4_adc.o(i.TM_ADC_INT_Channel_13_Init)
    TM_ADC_INT_Channel_14_Init               0x08003f61   Thumb Code    40  tm_stm32f4_adc.o(i.TM_ADC_INT_Channel_14_Init)
    TM_ADC_INT_Channel_15_Init               0x08003f9d   Thumb Code    42  tm_stm32f4_adc.o(i.TM_ADC_INT_Channel_15_Init)
    TM_ADC_INT_Channel_1_Init                0x08003fdd   Thumb Code    14  tm_stm32f4_adc.o(i.TM_ADC_INT_Channel_1_Init)
    TM_ADC_INT_Channel_2_Init                0x08003ff1   Thumb Code    14  tm_stm32f4_adc.o(i.TM_ADC_INT_Channel_2_Init)
    TM_ADC_INT_Channel_3_Init                0x08004005   Thumb Code    14  tm_stm32f4_adc.o(i.TM_ADC_INT_Channel_3_Init)
    TM_ADC_INT_Channel_4_Init                0x08004019   Thumb Code    40  tm_stm32f4_adc.o(i.TM_ADC_INT_Channel_4_Init)
    TM_ADC_INT_Channel_5_Init                0x08004055   Thumb Code    40  tm_stm32f4_adc.o(i.TM_ADC_INT_Channel_5_Init)
    TM_ADC_INT_Channel_6_Init                0x08004091   Thumb Code    40  tm_stm32f4_adc.o(i.TM_ADC_INT_Channel_6_Init)
    TM_ADC_INT_Channel_7_Init                0x080040cd   Thumb Code    40  tm_stm32f4_adc.o(i.TM_ADC_INT_Channel_7_Init)
    TM_ADC_INT_Channel_8_Init                0x08004109   Thumb Code    40  tm_stm32f4_adc.o(i.TM_ADC_INT_Channel_8_Init)
    TM_ADC_INT_Channel_9_Init                0x08004145   Thumb Code    40  tm_stm32f4_adc.o(i.TM_ADC_INT_Channel_9_Init)
    TM_ADC_INT_InitPin                       0x08004181   Thumb Code    28  tm_stm32f4_adc.o(i.TM_ADC_INT_InitPin)
    TM_ADC_Init                              0x0800419d   Thumb Code   204  tm_stm32f4_adc.o(i.TM_ADC_Init)
    TM_ADC_InitADC                           0x08004269   Thumb Code   144  tm_stm32f4_adc.o(i.TM_ADC_InitADC)
    TM_ADC_Read                              0x08004309   Thumb Code    58  tm_stm32f4_adc.o(i.TM_ADC_Read)
    TM_DELAY_Init                            0x08004345   Thumb Code   112  tm_stm32f4_delay.o(i.TM_DELAY_Init)
    TM_GPIO_GetPortSource                    0x080043cd   Thumb Code    14  tm_stm32f4_gpio.o(i.TM_GPIO_GetPortSource)
    TM_GPIO_INT_EnableClock                  0x080043dd   Thumb Code    28  tm_stm32f4_gpio.o(i.TM_GPIO_INT_EnableClock)
    TM_GPIO_INT_Init                         0x080043fd   Thumb Code   170  tm_stm32f4_gpio.o(i.TM_GPIO_INT_Init)
    TM_GPIO_Init                             0x080044ad   Thumb Code    48  tm_stm32f4_gpio.o(i.TM_GPIO_Init)
    TM_HD44780_Clear                         0x080044dd   Thumb Code    18  tm_stm32f4_hd44780.o(i.TM_HD44780_Clear)
    TM_HD44780_DisplayOn                     0x080045f1   Thumb Code    26  tm_stm32f4_hd44780.o(i.TM_HD44780_DisplayOn)
    TM_HD44780_Init                          0x08004611   Thumb Code   158  tm_stm32f4_hd44780.o(i.TM_HD44780_Init)
    TM_HD44780_Puts                          0x08004759   Thumb Code   126  tm_stm32f4_hd44780.o(i.TM_HD44780_Puts)
    TM_RTC_RequestHandler                    0x080047dd   Thumb Code     2  tm_stm32f4_rtc.o(i.TM_RTC_RequestHandler)
    UART_Initialize                          0x080047e1   Thumb Code    60  main.o(i.UART_Initialize)
    USART2_IRQHandler                        0x08004825   Thumb Code   172  stm32f4xx_it.o(i.USART2_IRQHandler)
    USART_ClearITPendingBit                  0x080048e1   Thumb Code    30  stm32f4xx_usart.o(i.USART_ClearITPendingBit)
    USART_Cmd                                0x080048ff   Thumb Code    24  stm32f4xx_usart.o(i.USART_Cmd)
    USART_GetFlagStatus                      0x08004917   Thumb Code    26  stm32f4xx_usart.o(i.USART_GetFlagStatus)
    USART_GetITStatus                        0x08004931   Thumb Code    84  stm32f4xx_usart.o(i.USART_GetITStatus)
    USART_ITConfig                           0x08004985   Thumb Code    74  stm32f4xx_usart.o(i.USART_ITConfig)
    USART_Init                               0x080049d1   Thumb Code   204  stm32f4xx_usart.o(i.USART_Init)
    USART_ReceiveData                        0x08004aa5   Thumb Code    10  stm32f4xx_usart.o(i.USART_ReceiveData)
    USART_SendData                           0x08004aaf   Thumb Code     8  stm32f4xx_usart.o(i.USART_SendData)
    USART_puts                               0x08004ab9   Thumb Code    38  gui_interface_communications.o(i.USART_puts)
    UsageFault_Handler                       0x08004ae5   Thumb Code     4  stm32f4xx_it.o(i.UsageFault_Handler)
    WavePlayBack                             0x08004ae9   Thumb Code   104  headphone.o(i.WavePlayBack)
    WavePlayerInit                           0x08004b65   Thumb Code    26  headphone.o(i.WavePlayerInit)
    WaveRecorderBeginSampling                0x08004b85   Thumb Code    24  microphone.o(i.WaveRecorderBeginSampling)
    WaveRecorderCallback                     0x08004ba1   Thumb Code   234  headphone.o(i.WaveRecorderCallback)
    WaveRecorderInit                         0x08004cb9   Thumb Code   100  microphone.o(i.WaveRecorderInit)
    WaveRecorderStart                        0x08004d39   Thumb Code    46  microphone.o(i.WaveRecorderStart)
    _is_digit                                0x08004e51   Thumb Code    14  __printf_wp.o(i._is_digit)
    dsp                                      0x08004e61   Thumb Code   148  dsp.o(i.dsp)
    handle_USART_message                     0x08004f75   Thumb Code   254  gui_interface_communications.o(i.handle_USART_message)
    initFilter                               0x080050cd   Thumb Code    60  dsp.o(i.initFilter)
    main                                     0x0800511d   Thumb Code   198  main.o(i.main)
    save_record                              0x08005241   Thumb Code    74  datalogging.o(i.save_record)
    transmit_records                         0x0800528d   Thumb Code   160  datalogging.o(i.transmit_records)
    _get_lc_ctype                            0x08005355   Thumb Code    44  lc_ctype_c.o(locale$$code)
    __aeabi_dadd                             0x08005381   Thumb Code     0  daddsub_clz.o(x$fpl$dadd)
    _dadd                                    0x08005381   Thumb Code   332  daddsub_clz.o(x$fpl$dadd)
    __aeabi_ddiv                             0x080054d1   Thumb Code     0  ddiv.o(x$fpl$ddiv)
    _ddiv                                    0x080054d1   Thumb Code   552  ddiv.o(x$fpl$ddiv)
    __aeabi_d2uiz                            0x08005781   Thumb Code     0  dfixu.o(x$fpl$dfixu)
    _dfixu                                   0x08005781   Thumb Code    90  dfixu.o(x$fpl$dfixu)
    __aeabi_ui2d                             0x080057db   Thumb Code     0  dflt_clz.o(x$fpl$dfltu)
    _dfltu                                   0x080057db   Thumb Code    38  dflt_clz.o(x$fpl$dfltu)
    __aeabi_dmul                             0x08005801   Thumb Code     0  dmul.o(x$fpl$dmul)
    _dmul                                    0x08005801   Thumb Code   332  dmul.o(x$fpl$dmul)
    __fpl_dnaninf                            0x08005955   Thumb Code   156  dnaninf.o(x$fpl$dnaninf)
    __fpl_dretinf                            0x080059f1   Thumb Code    12  dretinf.o(x$fpl$dretinf)
    __aeabi_dsub                             0x080059fd   Thumb Code     0  daddsub_clz.o(x$fpl$dsub)
    _dsub                                    0x080059fd   Thumb Code   464  daddsub_clz.o(x$fpl$dsub)
    __aeabi_f2d                              0x08005bd1   Thumb Code     0  f2d.o(x$fpl$f2d)
    _f2d                                     0x08005bd1   Thumb Code    86  f2d.o(x$fpl$f2d)
    __fpl_fcheck_NaN1                        0x08005c29   Thumb Code     6  fcheck1.o(x$fpl$fcheck1)
    __fpl_fnaninf                            0x08005c35   Thumb Code   140  fnaninf.o(x$fpl$fnaninf)
    _fp_init                                 0x08005cc1   Thumb Code    10  fpinit.o(x$fpl$fpinit)
    __fplib_config_fpu_vfp                   0x08005cc9   Thumb Code     0  fpinit.o(x$fpl$fpinit)
    __fplib_config_pureend_doubles           0x08005cc9   Thumb Code     0  fpinit.o(x$fpl$fpinit)
    __fpl_return_NaN                         0x08005ccb   Thumb Code   100  retnan.o(x$fpl$retnan)
    __ARM_scalbnf                            0x08005d2f   Thumb Code    76  scalbnf.o(x$fpl$scalbnf)
    __fpl_cmpreturn                          0x08005d7b   Thumb Code    48  trapv.o(x$fpl$trapveneer)
    __I$use$fp                               0x08005daa   Number         0  usenofp.o(x$fpl$usenofp)
    GPIO_PIN                                 0x08005dac   Data           8  stm32f4_discovery.o(.constdata)
    GPIO_CLK                                 0x08005db4   Data          16  stm32f4_discovery.o(.constdata)
    BUTTON_PIN                               0x08005dc4   Data           2  stm32f4_discovery.o(.constdata)
    BUTTON_CLK                               0x08005dc8   Data           4  stm32f4_discovery.o(.constdata)
    BUTTON_EXTI_LINE                         0x08005dcc   Data           2  stm32f4_discovery.o(.constdata)
    BUTTON_PORT_SOURCE                       0x08005dce   Data           1  stm32f4_discovery.o(.constdata)
    BUTTON_PIN_SOURCE                        0x08005dcf   Data           1  stm32f4_discovery.o(.constdata)
    BUTTON_IRQn                              0x08005dd0   Data           1  stm32f4_discovery.o(.constdata)
    _monlen                                  0x08005de2   Data          12  _monlen.o(.constdata)
    Region$$Table$$Base                      0x08005df0   Number         0  anon$$obj.o(Region$$Table)
    Region$$Table$$Limit                     0x08005e10   Number         0  anon$$obj.o(Region$$Table)
    __ctype                                  0x08005e1d   Data           0  lc_ctype_c.o(locale$$data)
    old_user_mode                            0x20000000   Data           4  dsp.o(.data)
    fir_coeffs_bp                            0x20000004   Data         112  dsp.o(.data)
    fir_bp_475_575                           0x20000074   Data         162  dsp.o(.data)
    fir_bp_815_825                           0x20000116   Data         400  dsp.o(.data)
    firstStart                               0x200002a6   Data           1  dsp.o(.data)
    user_mode                                0x200002b4   Data           4  main.o(.data)
    USART_gets                               0x200002b8   Data          20  main.o(.data)
    USART_read_index                         0x200002cc   Data           4  main.o(.data)
    num_barks                                0x200002d0   Data           4  main.o(.data)
    time_struct                              0x200002d4   Data           4  main.o(.data)
    date_struct                              0x200002d8   Data           4  main.o(.data)
    GPIO_InitStructure                       0x200002dc   Data           8  main.o(.data)
    AudioRecBitRes                           0x200002e8   Data           4  microphone.o(.data)
    AudioRecChnlNbr                          0x200002ec   Data           4  microphone.o(.data)
    pAudioRecBuf                             0x200002f0   Data           4  microphone.o(.data)
    AudioRecCurrSize                         0x200002f4   Data           4  microphone.o(.data)
    LED_Toggle                               0x200002fc   Data           1  stm32f4xx_it.o(.data)
    msec_counter                             0x20000300   Data           4  stm32f4xx_it.o(.data)
    SystemCoreClock                          0x2000030c   Data           4  system_stm32f4xx.o(.data)
    AHBPrescTable                            0x20000310   Data          16  system_stm32f4xx.o(.data)
    GPIO_PORT                                0x20000330   Data          16  stm32f4_discovery.o(.data)
    BUTTON_PORT                              0x20000340   Data           4  stm32f4_discovery.o(.data)
    NVIC_InitStructure                       0x20000344   Data           4  stm32f4_discovery.o(.data)
    AudioTotalSize                           0x20000348   Data           4  stm32f4_discovery_audio_codec.o(.data)
    AudioRemSize                             0x2000034c   Data           4  stm32f4_discovery_audio_codec.o(.data)
    CurrentPos                               0x20000350   Data           4  stm32f4_discovery_audio_codec.o(.data)
    CODECTimeout                             0x20000354   Data           4  stm32f4_discovery_audio_codec.o(.data)
    OutputDev                                0x20000358   Data           1  stm32f4_discovery_audio_codec.o(.data)
    CurrAudioInterface                       0x2000035c   Data           4  stm32f4_discovery_audio_codec.o(.data)
    AUDIO_MAL_DMA_CLOCK                      0x20000360   Data           4  stm32f4_discovery_audio_codec.o(.data)
    AUDIO_MAL_DMA_STREAM                     0x20000364   Data           4  stm32f4_discovery_audio_codec.o(.data)
    AUDIO_MAL_DMA_DREG                       0x20000368   Data           4  stm32f4_discovery_audio_codec.o(.data)
    AUDIO_MAL_DMA_CHANNEL                    0x2000036c   Data           4  stm32f4_discovery_audio_codec.o(.data)
    AUDIO_MAL_DMA_IRQ                        0x20000370   Data           4  stm32f4_discovery_audio_codec.o(.data)
    AUDIO_MAL_DMA_FLAG_TC                    0x20000374   Data           4  stm32f4_discovery_audio_codec.o(.data)
    AUDIO_MAL_DMA_FLAG_HT                    0x20000378   Data           4  stm32f4_discovery_audio_codec.o(.data)
    AUDIO_MAL_DMA_FLAG_FE                    0x2000037c   Data           4  stm32f4_discovery_audio_codec.o(.data)
    AUDIO_MAL_DMA_FLAG_TE                    0x20000380   Data           4  stm32f4_discovery_audio_codec.o(.data)
    AUDIO_MAL_DMA_FLAG_DME                   0x20000384   Data           4  stm32f4_discovery_audio_codec.o(.data)
    TM_TimingDelay                           0x20000388   Data           4  tm_stm32f4_delay.o(.data)
    TM_Time                                  0x2000038c   Data           4  tm_stm32f4_delay.o(.data)
    TM_Time2                                 0x20000390   Data           4  tm_stm32f4_delay.o(.data)
    mult                                     0x20000394   Data           4  tm_stm32f4_delay.o(.data)
    TM_DELAY_Initialized                     0x20000398   Data           1  tm_stm32f4_delay.o(.data)
    stm32_crc                                0x200003a0   Data           4  pdm_filter.o(.data)
    T0                                       0x200003a4   Data         256  pdm_filter.o(.data)
    T1                                       0x200004a4   Data         256  pdm_filter.o(.data)
    T2                                       0x200005a4   Data         256  pdm_filter.o(.data)
    FIR                                      0x200006a4   Data          12  dsp.o(.bss)
    outSignal                                0x200006b0   Data        1024  dsp.o(.bss)
    fir_state                                0x20000ab0   Data        1136  dsp.o(.bss)
    RTC_init_struct                          0x20002b20   Data          12  main.o(.bss)
    alarm_struct                             0x20002b2c   Data          16  main.o(.bss)
    RCC_Clocks                               0x20002b3c   Data          16  main.o(.bss)
    USART_InitStructure                      0x20002b4c   Data          16  main.o(.bss)
    records                                  0x20002b5c   Data        4008  main.o(.bss)
    Filter                                   0x20003b04   Data          52  microphone.o(.bss)
    RecBuf                                   0x20003b38   Data          32  microphone.o(.bss)
    DMA_InitStructure                        0x20003bd8   Data          60  stm32f4_discovery_audio_codec.o(.bss)
    AUDIO_MAL_DMA_InitStructure              0x20003c14   Data          60  stm32f4_discovery_audio_codec.o(.bss)
    __libspace_start                         0x20003c94   Data          96  libspace.o(.bss)
    __temporary_stack_top$libspace           0x20003cf4   Data           0  libspace.o(.bss)



==============================================================================

Memory Map of the image

  Image Entry point : 0x08000289

  Load Region LR_1 (Base: 0x08000000, Size: 0x000065c4, Max: 0xffffffff, ABSOLUTE, COMPRESSED[0x000063c4])

    Execution Region ER_RO (Base: 0x08000000, Size: 0x00005f20, Max: 0xffffffff, ABSOLUTE)

    Base Addr    Size         Type   Attr      Idx    E Section Name        Object

    0x08000000   0x00000188   Data   RO         2887    RESET               startup_stm32f4xx.o
    0x08000188   0x00000008   Code   RO         3709  * !!!main             c_w.l(__main.o)
    0x08000190   0x00000034   Code   RO         3998    !!!scatter          c_w.l(__scatter.o)
    0x080001c4   0x0000005a   Code   RO         3996    !!dczerorl2         c_w.l(__dczerorl2.o)
    0x0800021e   0x00000002   PAD
    0x08000220   0x0000001c   Code   RO         4000    !!handler_zi        c_w.l(__scatter_zi.o)
    0x0800023c   0x00000000   Code   RO         3697    .ARM.Collect$$_printf_percent$$00000000  c_w.l(_printf_percent.o)
    0x0800023c   0x00000006   Code   RO         3696    .ARM.Collect$$_printf_percent$$00000009  c_w.l(_printf_d.o)
    0x08000242   0x00000006   Code   RO         3695    .ARM.Collect$$_printf_percent$$00000014  c_w.l(_printf_s.o)
    0x08000248   0x00000004   Code   RO         3782    .ARM.Collect$$_printf_percent$$00000017  c_w.l(_printf_percent_end.o)
    0x0800024c   0x00000002   Code   RO         3931    .ARM.Collect$$libinit$$00000000  c_w.l(libinit.o)
    0x0800024e   0x00000004   Code   RO         3793    .ARM.Collect$$libinit$$00000001  c_w.l(libinit2.o)
    0x08000252   0x00000000   Code   RO         3796    .ARM.Collect$$libinit$$00000004  c_w.l(libinit2.o)
    0x08000252   0x00000000   Code   RO         3799    .ARM.Collect$$libinit$$0000000A  c_w.l(libinit2.o)
    0x08000252   0x00000000   Code   RO         3801    .ARM.Collect$$libinit$$0000000C  c_w.l(libinit2.o)
    0x08000252   0x00000000   Code   RO         3803    .ARM.Collect$$libinit$$0000000E  c_w.l(libinit2.o)
    0x08000252   0x00000006   Code   RO         3804    .ARM.Collect$$libinit$$0000000F  c_w.l(libinit2.o)
    0x08000258   0x00000000   Code   RO         3806    .ARM.Collect$$libinit$$00000011  c_w.l(libinit2.o)
    0x08000258   0x0000000c   Code   RO         3807    .ARM.Collect$$libinit$$00000012  c_w.l(libinit2.o)
    0x08000264   0x00000000   Code   RO         3808    .ARM.Collect$$libinit$$00000013  c_w.l(libinit2.o)
    0x08000264   0x00000000   Code   RO         3810    .ARM.Collect$$libinit$$00000015  c_w.l(libinit2.o)
    0x08000264   0x00000000   Code   RO         3812    .ARM.Collect$$libinit$$00000017  c_w.l(libinit2.o)
    0x08000264   0x00000000   Code   RO         3814    .ARM.Collect$$libinit$$00000019  c_w.l(libinit2.o)
    0x08000264   0x00000000   Code   RO         3816    .ARM.Collect$$libinit$$0000001B  c_w.l(libinit2.o)
    0x08000264   0x00000000   Code   RO         3818    .ARM.Collect$$libinit$$0000001D  c_w.l(libinit2.o)
    0x08000264   0x00000000   Code   RO         3820    .ARM.Collect$$libinit$$0000001F  c_w.l(libinit2.o)
    0x08000264   0x00000000   Code   RO         3822    .ARM.Collect$$libinit$$00000021  c_w.l(libinit2.o)
    0x08000264   0x00000000   Code   RO         3824    .ARM.Collect$$libinit$$00000023  c_w.l(libinit2.o)
    0x08000264   0x00000000   Code   RO         3826    .ARM.Collect$$libinit$$00000025  c_w.l(libinit2.o)
    0x08000264   0x00000000   Code   RO         3830    .ARM.Collect$$libinit$$0000002C  c_w.l(libinit2.o)
    0x08000264   0x00000000   Code   RO         3832    .ARM.Collect$$libinit$$0000002E  c_w.l(libinit2.o)
    0x08000264   0x00000000   Code   RO         3834    .ARM.Collect$$libinit$$00000030  c_w.l(libinit2.o)
    0x08000264   0x00000000   Code   RO         3836    .ARM.Collect$$libinit$$00000032  c_w.l(libinit2.o)
    0x08000264   0x00000002   Code   RO         3837    .ARM.Collect$$libinit$$00000033  c_w.l(libinit2.o)
    0x08000266   0x00000002   Code   RO         3993    .ARM.Collect$$libshutdown$$00000000  c_w.l(libshutdown.o)
    0x08000268   0x00000000   Code   RO         3949    .ARM.Collect$$libshutdown$$00000002  c_w.l(libshutdown2.o)
    0x08000268   0x00000000   Code   RO         3951    .ARM.Collect$$libshutdown$$00000004  c_w.l(libshutdown2.o)
    0x08000268   0x00000000   Code   RO         3954    .ARM.Collect$$libshutdown$$00000007  c_w.l(libshutdown2.o)
    0x08000268   0x00000000   Code   RO         3957    .ARM.Collect$$libshutdown$$0000000A  c_w.l(libshutdown2.o)
    0x08000268   0x00000000   Code   RO         3959    .ARM.Collect$$libshutdown$$0000000C  c_w.l(libshutdown2.o)
    0x08000268   0x00000000   Code   RO         3962    .ARM.Collect$$libshutdown$$0000000F  c_w.l(libshutdown2.o)
    0x08000268   0x00000002   Code   RO         3963    .ARM.Collect$$libshutdown$$00000010  c_w.l(libshutdown2.o)
    0x0800026a   0x00000000   Code   RO         3743    .ARM.Collect$$rtentry$$00000000  c_w.l(__rtentry.o)
    0x0800026a   0x00000000   Code   RO         3855    .ARM.Collect$$rtentry$$00000002  c_w.l(__rtentry2.o)
    0x0800026a   0x00000006   Code   RO         3867    .ARM.Collect$$rtentry$$00000004  c_w.l(__rtentry4.o)
    0x08000270   0x00000000   Code   RO         3857    .ARM.Collect$$rtentry$$00000009  c_w.l(__rtentry2.o)
    0x08000270   0x00000004   Code   RO         3858    .ARM.Collect$$rtentry$$0000000A  c_w.l(__rtentry2.o)
    0x08000274   0x00000000   Code   RO         3860    .ARM.Collect$$rtentry$$0000000C  c_w.l(__rtentry2.o)
    0x08000274   0x00000008   Code   RO         3861    .ARM.Collect$$rtentry$$0000000D  c_w.l(__rtentry2.o)
    0x0800027c   0x00000002   Code   RO         3936    .ARM.Collect$$rtexit$$00000000  c_w.l(rtexit.o)
    0x0800027e   0x00000000   Code   RO         3967    .ARM.Collect$$rtexit$$00000002  c_w.l(rtexit2.o)
    0x0800027e   0x00000004   Code   RO         3968    .ARM.Collect$$rtexit$$00000003  c_w.l(rtexit2.o)
    0x08000282   0x00000006   Code   RO         3969    .ARM.Collect$$rtexit$$00000004  c_w.l(rtexit2.o)
    0x08000288   0x00000040   Code   RO         2888  * .text               startup_stm32f4xx.o
    0x080002c8   0x00000bfc   Code   RO         3523    .text               libPDMFilter_Keil.lib(pdm_filter.o)
    0x08000ec4   0x000001de   Code   RO         3527    .text               arm_cortexM4lf_math.lib(arm_fir_fast_q15.o)
    0x080010a2   0x0000002e   Code   RO         3568    .text               arm_cortexM4lf_math.lib(arm_fir_init_q15.o)
    0x080010d0   0x0000007e   Code   RO         3584    .text               arm_cortexM4lf_math.lib(arm_copy_q15.o)
    0x0800114e   0x0000004e   Code   RO         3607    .text               c_w.l(h1_free.o)
    0x0800119c   0x00000028   Code   RO         3665    .text               c_w.l(noretval__2sprintf.o)
    0x080011c4   0x0000004e   Code   RO         3669    .text               c_w.l(_printf_pad.o)
    0x08001212   0x00000052   Code   RO         3671    .text               c_w.l(_printf_str.o)
    0x08001264   0x00000078   Code   RO         3673    .text               c_w.l(_printf_dec.o)
    0x080012dc   0x00000138   Code   RO         3687    .text               c_w.l(__printf_flags_wp.o)
    0x08001414   0x0000001a   Code   RO         3698    .text               c_w.l(atoi.o)
    0x0800142e   0x00000024   Code   RO         3700    .text               c_w.l(strstr.o)
    0x08001452   0x00000044   Code   RO         3702    .text               c_w.l(rt_memclr.o)
    0x08001496   0x00000002   PAD
    0x08001498   0x0000000c   Code   RO         3704    .text               c_w.l(localtime.o)
    0x080014a4   0x00000006   Code   RO         3707    .text               c_w.l(heapauxi.o)
    0x080014aa   0x00000002   PAD
    0x080014ac   0x00000008   Code   RO         3747    .text               c_w.l(rt_heap_descriptor_intlibspace.o)
    0x080014b4   0x00000008   Code   RO         3752    .text               c_w.l(rt_errno_addr_intlibspace.o)
    0x080014bc   0x000000b2   Code   RO         3774    .text               c_w.l(_printf_intcommon.o)
    0x0800156e   0x00000002   PAD
    0x08001570   0x00000030   Code   RO         3776    .text               c_w.l(_printf_char_common.o)
    0x080015a0   0x0000000a   Code   RO         3778    .text               c_w.l(_sputc.o)
    0x080015aa   0x0000002c   Code   RO         3780    .text               c_w.l(_printf_char.o)
    0x080015d6   0x00000070   Code   RO         3783    .text               c_w.l(strtol.o)
    0x08001646   0x0000004e   Code   RO         3787    .text               c_w.l(rt_memclr_w.o)
    0x08001694   0x000000b8   Code   RO         3789    .text               c_w.l(localtime_internal.o)
    0x0800174c   0x00000008   Code   RO         3851    .text               c_w.l(libspace.o)
    0x08001754   0x00000010   Code   RO         3869    .text               c_w.l(rt_ctype_table.o)
    0x08001764   0x0000009e   Code   RO         3881    .text               c_w.l(_strtoul.o)
    0x08001802   0x00000002   Code   RO         3897    .text               c_w.l(use_no_semi.o)
    0x08001804   0x00000000   Code   RO         3899    .text               c_w.l(indicate_semi.o)
    0x08001804   0x0000004a   Code   RO         3900    .text               c_w.l(sys_stackheap_outer.o)
    0x0800184e   0x00000002   PAD
    0x08001850   0x00000008   Code   RO         3907    .text               c_w.l(rt_locale_intlibspace.o)
    0x08001858   0x0000001c   Code   RO         3911    .text               c_w.l(_chval.o)
    0x08001874   0x00000012   Code   RO         3916    .text               c_w.l(exit.o)
    0x08001886   0x00000002   PAD
    0x08001888   0x0000000c   Code   RO         3934    .text               c_w.l(sys_exit.o)
    0x08001894   0x00000080   Code   RO         3946    .text               c_w.l(strcmpv7m.o)
    0x08001914   0x00000030   Code   RO         2397    i.ADC_CommonInit    stm32f4xx_adc.o
    0x08001944   0x00000054   Code   RO         2416    i.ADC_Init          stm32f4xx_adc.o
    0x08001998   0x000000b8   Code   RO         2421    i.ADC_RegularChannelConfig  stm32f4xx_adc.o
    0x08001a50   0x00000010   Code   RO          310    i.ADC_config        main.o
    0x08001a60   0x000000e8   Code   RO         2679    i.Audio_MAL_IRQHandler  stm32f4_discovery_audio_codec.o
    0x08001b48   0x000000fc   Code   RO         2680    i.Audio_MAL_Init    stm32f4_discovery_audio_codec.o
    0x08001c44   0x0000006c   Code   RO         2682    i.Audio_MAL_Play    stm32f4_discovery_audio_codec.o
    0x08001cb0   0x00000004   Code   RO          448    i.BusFault_Handler  stm32f4xx_it.o
    0x08001cb4   0x0000006c   Code   RO         2685    i.Codec_AudioInterface_Init  stm32f4_discovery_audio_codec.o
    0x08001d20   0x00000050   Code   RO         2687    i.Codec_CtrlInterface_Init  stm32f4_discovery_audio_codec.o
    0x08001d70   0x00000124   Code   RO         2690    i.Codec_GPIO_Init   stm32f4_discovery_audio_codec.o
    0x08001e94   0x000000c8   Code   RO         2691    i.Codec_Init        stm32f4_discovery_audio_codec.o
    0x08001f5c   0x000001b4   Code   RO         2695    i.Codec_ReadRegister  stm32f4_discovery_audio_codec.o
    0x08002110   0x00000024   Code   RO         2696    i.Codec_Reset       stm32f4_discovery_audio_codec.o
    0x08002134   0x00000004   Code   RO         2698    i.Codec_TIMEOUT_UserCallback  stm32f4_discovery_audio_codec.o
    0x08002138   0x00000048   Code   RO         2699    i.Codec_VolumeCtrl  stm32f4_discovery_audio_codec.o
    0x08002180   0x00000120   Code   RO         2700    i.Codec_WriteRegister  stm32f4_discovery_audio_codec.o
    0x080022a0   0x00000028   Code   RO          652    i.DAC_Cmd           stm32f4xx_dac.o
    0x080022c8   0x00000050   Code   RO         2701    i.DAC_Config        stm32f4_discovery_audio_codec.o
    0x08002318   0x00000034   Code   RO          660    i.DAC_Init          stm32f4xx_dac.o
    0x0800234c   0x00000020   Code   RO          661    i.DAC_SetChannel1Data  stm32f4xx_dac.o
    0x0800236c   0x00000008   Code   RO         2702    i.DMA1_Stream0_IRQHandler  stm32f4_discovery_audio_codec.o
    0x08002374   0x00000008   Code   RO         2703    i.DMA1_Stream7_IRQHandler  stm32f4_discovery_audio_codec.o
    0x0800237c   0x00000034   Code   RO          762    i.DMA_ClearFlag     stm32f4xx_dma.o
    0x080023b0   0x00000016   Code   RO          764    i.DMA_Cmd           stm32f4xx_dma.o
    0x080023c6   0x00000002   PAD
    0x080023c8   0x00000158   Code   RO          765    i.DMA_DeInit        stm32f4xx_dma.o
    0x08002520   0x00000014   Code   RO          769    i.DMA_GetCmdStatus  stm32f4xx_dma.o
    0x08002534   0x00000044   Code   RO          773    i.DMA_GetFlagStatus  stm32f4xx_dma.o
    0x08002578   0x0000003a   Code   RO          775    i.DMA_ITConfig      stm32f4xx_dma.o
    0x080025b2   0x00000002   PAD
    0x080025b4   0x00000058   Code   RO          776    i.DMA_Init          stm32f4xx_dma.o
    0x0800260c   0x00000002   Code   RO          449    i.DebugMon_Handler  stm32f4xx_it.o
    0x0800260e   0x00000012   Code   RO         2704    i.Delay             stm32f4_discovery_audio_codec.o
    0x08002620   0x00000018   Code   RO         3087    i.Delay             tm_stm32f4_hd44780.o
    0x08002638   0x00000004   Code   RO          242    i.EVAL_AUDIO_GetSampleCallBack  headphone.o
    0x0800263c   0x0000003a   Code   RO         2706    i.EVAL_AUDIO_Init   stm32f4_discovery_audio_codec.o
    0x08002676   0x00000002   PAD
    0x08002678   0x000000dc   Code   RO         2710    i.EVAL_AUDIO_SetAudioInterface  stm32f4_discovery_audio_codec.o
    0x08002754   0x0000003c   Code   RO          244    i.EVAL_AUDIO_TransferComplete_CallBack  headphone.o
    0x08002790   0x0000006c   Code   RO          450    i.EXTI0_IRQHandler  stm32f4xx_it.o
    0x080027fc   0x00000018   Code   RO          451    i.EXTI1_IRQHandler  stm32f4xx_it.o
    0x08002814   0x0000002a   Code   RO          311    i.EXTIInitialize    main.o
    0x0800283e   0x00000002   PAD
    0x08002840   0x0000000c   Code   RO          887    i.EXTI_ClearITPendingBit  stm32f4xx_exti.o
    0x0800284c   0x00000018   Code   RO          891    i.EXTI_GetITStatus  stm32f4xx_exti.o
    0x08002864   0x00000094   Code   RO          892    i.EXTI_Init         stm32f4xx_exti.o
    0x080028f8   0x00000044   Code   RO          312    i.GPIOInitialize    main.o
    0x0800293c   0x00000090   Code   RO          945    i.GPIO_Init         stm32f4xx_gpio.o
    0x080029cc   0x00000046   Code   RO          946    i.GPIO_PinAFConfig  stm32f4xx_gpio.o
    0x08002a12   0x0000000a   Code   RO          957    i.GPIO_WriteBit     stm32f4xx_gpio.o
    0x08002a1c   0x00000004   Code   RO          452    i.HardFault_Handler  stm32f4xx_it.o
    0x08002a20   0x00000018   Code   RO         1039    i.I2C_AcknowledgeConfig  stm32f4xx_i2c.o
    0x08002a38   0x0000002a   Code   RO         1042    i.I2C_CheckEvent    stm32f4xx_i2c.o
    0x08002a62   0x0000000c   Code   RO         1043    i.I2C_ClearFlag     stm32f4xx_i2c.o
    0x08002a6e   0x00000018   Code   RO         1045    i.I2C_Cmd           stm32f4xx_i2c.o
    0x08002a86   0x00000002   PAD
    0x08002a88   0x00000060   Code   RO         1048    i.I2C_DeInit        stm32f4xx_i2c.o
    0x08002ae8   0x00000018   Code   RO         1053    i.I2C_GenerateSTART  stm32f4xx_i2c.o
    0x08002b00   0x00000018   Code   RO         1054    i.I2C_GenerateSTOP  stm32f4xx_i2c.o
    0x08002b18   0x0000003a   Code   RO         1055    i.I2C_GetFlagStatus  stm32f4xx_i2c.o
    0x08002b52   0x00000002   PAD
    0x08002b54   0x000000e8   Code   RO         1060    i.I2C_Init          stm32f4xx_i2c.o
    0x08002c3c   0x00000008   Code   RO         1065    i.I2C_ReceiveData   stm32f4xx_i2c.o
    0x08002c44   0x00000010   Code   RO         1067    i.I2C_Send7bitAddress  stm32f4xx_i2c.o
    0x08002c54   0x00000004   Code   RO         1068    i.I2C_SendData      stm32f4xx_i2c.o
    0x08002c58   0x00000018   Code   RO         1894    i.I2S_Cmd           stm32f4xx_spi.o
    0x08002c70   0x00000198   Code   RO         1896    i.I2S_Init          stm32f4xx_spi.o
    0x08002e08   0x000000c8   Code   RO          453    i.LED_periodic_controller  stm32f4xx_it.o
    0x08002ed0   0x00000004   Code   RO          454    i.MemManage_Handler  stm32f4xx_it.o
    0x08002ed4   0x00000002   Code   RO          455    i.NMI_Handler       stm32f4xx_it.o
    0x08002ed6   0x00000046   Code   RO          313    i.NVICInitialize    main.o
    0x08002f1c   0x00000078   Code   RO          610    i.NVIC_Init         misc.o
    0x08002f94   0x00000014   Code   RO          611    i.NVIC_PriorityGroupConfig  misc.o
    0x08002fa8   0x0000000c   Code   RO         2290    i.PWR_BackupAccessCmd  stm32f4xx_pwr.o
    0x08002fb4   0x00000002   Code   RO          456    i.PendSV_Handler    stm32f4xx_it.o
    0x08002fb6   0x00000002   PAD
    0x08002fb8   0x00000020   Code   RO         1258    i.RCC_AHB1PeriphClockCmd  stm32f4xx_rcc.o
    0x08002fd8   0x00000020   Code   RO         1264    i.RCC_APB1PeriphClockCmd  stm32f4xx_rcc.o
    0x08002ff8   0x00000020   Code   RO         1266    i.RCC_APB1PeriphResetCmd  stm32f4xx_rcc.o
    0x08003018   0x00000020   Code   RO         1267    i.RCC_APB2PeriphClockCmd  stm32f4xx_rcc.o
    0x08003038   0x00000020   Code   RO         1269    i.RCC_APB2PeriphResetCmd  stm32f4xx_rcc.o
    0x08003058   0x0000000c   Code   RO         1271    i.RCC_BackupResetCmd  stm32f4xx_rcc.o
    0x08003064   0x000000e8   Code   RO         1276    i.RCC_GetClocksFreq  stm32f4xx_rcc.o
    0x0800314c   0x00000040   Code   RO         1277    i.RCC_GetFlagStatus  stm32f4xx_rcc.o
    0x0800318c   0x0000002c   Code   RO         1284    i.RCC_LSEConfig     stm32f4xx_rcc.o
    0x080031b8   0x0000000c   Code   RO         1295    i.RCC_RTCCLKCmd     stm32f4xx_rcc.o
    0x080031c4   0x0000003c   Code   RO         1296    i.RCC_RTCCLKConfig  stm32f4xx_rcc.o
    0x08003200   0x00000074   Code   RO         1544    i.RTC_AlarmCmd      stm32f4xx_rtc.o
    0x08003274   0x00000016   Code   RO         1545    i.RTC_AlarmStructInit  stm32f4xx_rtc.o
    0x0800328a   0x00000002   PAD
    0x0800328c   0x000000d8   Code   RO          457    i.RTC_Alarm_IRQHandler  stm32f4xx_it.o
    0x08003364   0x00000016   Code   RO         1547    i.RTC_Bcd2ToByte    stm32f4xx_rtc.o
    0x0800337a   0x0000001c   Code   RO         1549    i.RTC_ByteToBcd2    stm32f4xx_rtc.o
    0x08003396   0x00000002   PAD
    0x08003398   0x0000001c   Code   RO         1552    i.RTC_ClearFlag     stm32f4xx_rtc.o
    0x080033b4   0x00000020   Code   RO         1553    i.RTC_ClearITPendingBit  stm32f4xx_rtc.o
    0x080033d4   0x00000050   Code   RO         1559    i.RTC_EnterInitMode  stm32f4xx_rtc.o
    0x08003424   0x00000014   Code   RO         1560    i.RTC_ExitInitMode  stm32f4xx_rtc.o
    0x08003438   0x0000004c   Code   RO         1563    i.RTC_GetDate       stm32f4xx_rtc.o
    0x08003484   0x00000040   Code   RO         1565    i.RTC_GetITStatus   stm32f4xx_rtc.o
    0x080034c4   0x00000050   Code   RO         1568    i.RTC_GetTime       stm32f4xx_rtc.o
    0x08003514   0x00000064   Code   RO         1572    i.RTC_ITConfig      stm32f4xx_rtc.o
    0x08003578   0x00000064   Code   RO         1573    i.RTC_Init          stm32f4xx_rtc.o
    0x080035dc   0x000000ec   Code   RO         1578    i.RTC_SetAlarm      stm32f4xx_rtc.o
    0x080036c8   0x000000c8   Code   RO         1579    i.RTC_SetDate       stm32f4xx_rtc.o
    0x08003790   0x000000d0   Code   RO         1580    i.RTC_SetTime       stm32f4xx_rtc.o
    0x08003860   0x00000028   Code   RO         3214    i.RTC_WKUP_IRQHandler  tm_stm32f4_rtc.o
    0x08003888   0x00000060   Code   RO         1596    i.RTC_WaitForSynchro  stm32f4xx_rtc.o
    0x080038e8   0x0000001c   Code   RO         1600    i.RTC_WriteProtectionCmd  stm32f4xx_rtc.o
    0x08003904   0x0000006c   Code   RO          395    i.SPI2_IRQHandler   microphone.o
    0x08003970   0x0000003c   Code   RO         2713    i.SPI3_IRQHandler   stm32f4_discovery_audio_codec.o
    0x080039ac   0x00000012   Code   RO         1906    i.SPI_I2S_DMACmd    stm32f4xx_spi.o
    0x080039be   0x00000002   PAD
    0x080039c0   0x000000b0   Code   RO         1907    i.SPI_I2S_DeInit    stm32f4xx_spi.o
    0x08003a70   0x00000012   Code   RO         1908    i.SPI_I2S_GetFlagStatus  stm32f4xx_spi.o
    0x08003a82   0x00000034   Code   RO         1909    i.SPI_I2S_GetITStatus  stm32f4xx_spi.o
    0x08003ab6   0x00000020   Code   RO         1910    i.SPI_I2S_ITConfig  stm32f4xx_spi.o
    0x08003ad6   0x00000006   Code   RO         1911    i.SPI_I2S_ReceiveData  stm32f4xx_spi.o
    0x08003adc   0x00000004   Code   RO         1912    i.SPI_I2S_SendData  stm32f4xx_spi.o
    0x08003ae0   0x0000004c   Code   RO         2628    i.STM_EVAL_LEDInit  stm32f4_discovery.o
    0x08003b2c   0x00000018   Code   RO         2629    i.STM_EVAL_LEDOff   stm32f4_discovery.o
    0x08003b44   0x00000018   Code   RO         2630    i.STM_EVAL_LEDOn    stm32f4_discovery.o
    0x08003b5c   0x00000024   Code   RO         2631    i.STM_EVAL_LEDToggle  stm32f4_discovery.o
    0x08003b80   0x000000a8   Code   RO         2633    i.STM_EVAL_PBInit   stm32f4_discovery.o
    0x08003c28   0x00000002   Code   RO          458    i.SVC_Handler       stm32f4xx_it.o
    0x08003c2a   0x00000002   PAD
    0x08003c2c   0x00000040   Code   RO         2057    i.SYSCFG_EXTILineConfig  stm32f4xx_syscfg.o
    0x08003c6c   0x00000124   Code   RO          545    i.SetSysClock       system_stm32f4xx.o
    0x08003d90   0x00000044   Code   RO          459    i.SysTick_Handler   stm32f4xx_it.o
    0x08003dd4   0x00000068   Code   RO          547    i.SystemInit        system_stm32f4xx.o
    0x08003e3c   0x000000c0   Code   RO          314    i.TIMER_init        main.o
    0x08003efc   0x00000014   Code   RO         3378    i.TM_ADC_INT_Channel_0_Init  tm_stm32f4_adc.o
    0x08003f10   0x00000014   Code   RO         3379    i.TM_ADC_INT_Channel_10_Init  tm_stm32f4_adc.o
    0x08003f24   0x00000014   Code   RO         3380    i.TM_ADC_INT_Channel_11_Init  tm_stm32f4_adc.o
    0x08003f38   0x00000014   Code   RO         3381    i.TM_ADC_INT_Channel_12_Init  tm_stm32f4_adc.o
    0x08003f4c   0x00000014   Code   RO         3382    i.TM_ADC_INT_Channel_13_Init  tm_stm32f4_adc.o
    0x08003f60   0x0000003c   Code   RO         3383    i.TM_ADC_INT_Channel_14_Init  tm_stm32f4_adc.o
    0x08003f9c   0x00000040   Code   RO         3384    i.TM_ADC_INT_Channel_15_Init  tm_stm32f4_adc.o
    0x08003fdc   0x00000014   Code   RO         3385    i.TM_ADC_INT_Channel_1_Init  tm_stm32f4_adc.o
    0x08003ff0   0x00000014   Code   RO         3386    i.TM_ADC_INT_Channel_2_Init  tm_stm32f4_adc.o
    0x08004004   0x00000014   Code   RO         3387    i.TM_ADC_INT_Channel_3_Init  tm_stm32f4_adc.o
    0x08004018   0x0000003c   Code   RO         3388    i.TM_ADC_INT_Channel_4_Init  tm_stm32f4_adc.o
    0x08004054   0x0000003c   Code   RO         3389    i.TM_ADC_INT_Channel_5_Init  tm_stm32f4_adc.o
    0x08004090   0x0000003c   Code   RO         3390    i.TM_ADC_INT_Channel_6_Init  tm_stm32f4_adc.o
    0x080040cc   0x0000003c   Code   RO         3391    i.TM_ADC_INT_Channel_7_Init  tm_stm32f4_adc.o
    0x08004108   0x0000003c   Code   RO         3392    i.TM_ADC_INT_Channel_8_Init  tm_stm32f4_adc.o
    0x08004144   0x0000003c   Code   RO         3393    i.TM_ADC_INT_Channel_9_Init  tm_stm32f4_adc.o
    0x08004180   0x0000001c   Code   RO         3394    i.TM_ADC_INT_InitPin  tm_stm32f4_adc.o
    0x0800419c   0x000000cc   Code   RO         3395    i.TM_ADC_Init       tm_stm32f4_adc.o
    0x08004268   0x000000a0   Code   RO         3396    i.TM_ADC_InitADC    tm_stm32f4_adc.o
    0x08004308   0x0000003a   Code   RO         3397    i.TM_ADC_Read       tm_stm32f4_adc.o
    0x08004342   0x00000002   PAD
    0x08004344   0x00000088   Code   RO         2895    i.TM_DELAY_Init     tm_stm32f4_delay.o
    0x080043cc   0x0000000e   Code   RO         2982    i.TM_GPIO_GetPortSource  tm_stm32f4_gpio.o
    0x080043da   0x00000002   PAD
    0x080043dc   0x00000020   Code   RO         2985    i.TM_GPIO_INT_EnableClock  tm_stm32f4_gpio.o
    0x080043fc   0x000000b0   Code   RO         2986    i.TM_GPIO_INT_Init  tm_stm32f4_gpio.o
    0x080044ac   0x00000030   Code   RO         2987    i.TM_GPIO_Init      tm_stm32f4_gpio.o
    0x080044dc   0x00000012   Code   RO         3090    i.TM_HD44780_Clear  tm_stm32f4_hd44780.o
    0x080044ee   0x00000002   PAD
    0x080044f0   0x00000020   Code   RO         3091    i.TM_HD44780_Cmd    tm_stm32f4_hd44780.o
    0x08004510   0x00000088   Code   RO         3092    i.TM_HD44780_Cmd4bit  tm_stm32f4_hd44780.o
    0x08004598   0x00000038   Code   RO         3096    i.TM_HD44780_CursorSet  tm_stm32f4_hd44780.o
    0x080045d0   0x00000020   Code   RO         3097    i.TM_HD44780_Data   tm_stm32f4_hd44780.o
    0x080045f0   0x00000020   Code   RO         3099    i.TM_HD44780_DisplayOn  tm_stm32f4_hd44780.o
    0x08004610   0x000000a4   Code   RO         3100    i.TM_HD44780_Init   tm_stm32f4_hd44780.o
    0x080046b4   0x000000a4   Code   RO         3101    i.TM_HD44780_InitPins  tm_stm32f4_hd44780.o
    0x08004758   0x00000084   Code   RO         3103    i.TM_HD44780_Puts   tm_stm32f4_hd44780.o
    0x080047dc   0x00000002   Code   RO         3227    i.TM_RTC_RequestHandler  tm_stm32f4_rtc.o
    0x080047de   0x00000002   PAD
    0x080047e0   0x00000044   Code   RO          315    i.UART_Initialize   main.o
    0x08004824   0x000000bc   Code   RO          460    i.USART2_IRQHandler  stm32f4xx_it.o
    0x080048e0   0x0000001e   Code   RO         2107    i.USART_ClearITPendingBit  stm32f4xx_usart.o
    0x080048fe   0x00000018   Code   RO         2110    i.USART_Cmd         stm32f4xx_usart.o
    0x08004916   0x0000001a   Code   RO         2113    i.USART_GetFlagStatus  stm32f4xx_usart.o
    0x08004930   0x00000054   Code   RO         2114    i.USART_GetITStatus  stm32f4xx_usart.o
    0x08004984   0x0000004a   Code   RO         2116    i.USART_ITConfig    stm32f4xx_usart.o
    0x080049ce   0x00000002   PAD
    0x080049d0   0x000000d4   Code   RO         2117    i.USART_Init        stm32f4xx_usart.o
    0x08004aa4   0x0000000a   Code   RO         2124    i.USART_ReceiveData  stm32f4xx_usart.o
    0x08004aae   0x00000008   Code   RO         2127    i.USART_SendData    stm32f4xx_usart.o
    0x08004ab6   0x00000002   PAD
    0x08004ab8   0x0000002c   Code   RO          152    i.USART_puts        gui_interface_communications.o
    0x08004ae4   0x00000004   Code   RO          461    i.UsageFault_Handler  stm32f4xx_it.o
    0x08004ae8   0x0000007c   Code   RO          245    i.WavePlayBack      headphone.o
    0x08004b64   0x00000020   Code   RO          246    i.WavePlayerInit    headphone.o
    0x08004b84   0x0000001c   Code   RO          396    i.WaveRecorderBeginSampling  microphone.o
    0x08004ba0   0x00000118   Code   RO          247    i.WaveRecorderCallback  headphone.o
    0x08004cb8   0x00000080   Code   RO          397    i.WaveRecorderInit  microphone.o
    0x08004d38   0x00000040   Code   RO          398    i.WaveRecorderStart  microphone.o
    0x08004d78   0x0000005c   Code   RO          399    i.WaveRecorder_GPIO_Init  microphone.o
    0x08004dd4   0x0000002a   Code   RO          400    i.WaveRecorder_NVIC_Init  microphone.o
    0x08004dfe   0x00000002   PAD
    0x08004e00   0x00000050   Code   RO          401    i.WaveRecorder_SPI_Init  microphone.o
    0x08004e50   0x0000000e   Code   RO         3685    i._is_digit         c_w.l(__printf_wp.o)
    0x08004e5e   0x00000002   PAD
    0x08004e60   0x000000a8   Code   RO            2    i.dsp               dsp.o
    0x08004f08   0x00000068   Code   RO          248    i.fill_buffer       headphone.o
    0x08004f70   0x00000002   Code   RO          249    i.fill_init         headphone.o
    0x08004f72   0x00000002   PAD
    0x08004f74   0x00000158   Code   RO          154    i.handle_USART_message  gui_interface_communications.o
    0x080050cc   0x00000050   Code   RO            3    i.initFilter        dsp.o
    0x0800511c   0x00000124   Code   RO          316    i.main              main.o
    0x08005240   0x0000004a   Code   RO          578    i.save_record       datalogging.o
    0x0800528a   0x00000002   PAD
    0x0800528c   0x000000c8   Code   RO          579    i.transmit_records  datalogging.o
    0x08005354   0x0000002c   Code   RO         3914    locale$$code        c_w.l(lc_ctype_c.o)
    0x08005380   0x00000150   Code   RO         3711    x$fpl$dadd          fz_wm.l(daddsub_clz.o)
    0x080054d0   0x000002b0   Code   RO         3718    x$fpl$ddiv          fz_wm.l(ddiv.o)
    0x08005780   0x0000005a   Code   RO         3723    x$fpl$dfixu         fz_wm.l(dfixu.o)
    0x080057da   0x00000026   Code   RO         3727    x$fpl$dfltu         fz_wm.l(dflt_clz.o)
    0x08005800   0x00000154   Code   RO         3735    x$fpl$dmul          fz_wm.l(dmul.o)
    0x08005954   0x0000009c   Code   RO         3840    x$fpl$dnaninf       fz_wm.l(dnaninf.o)
    0x080059f0   0x0000000c   Code   RO         3842    x$fpl$dretinf       fz_wm.l(dretinf.o)
    0x080059fc   0x000001d4   Code   RO         3713    x$fpl$dsub          fz_wm.l(daddsub_clz.o)
    0x08005bd0   0x00000056   Code   RO         3737    x$fpl$f2d           fz_wm.l(f2d.o)
    0x08005c26   0x00000002   PAD
    0x08005c28   0x0000000c   Code   RO         3844    x$fpl$fcheck1       fz_wm.l(fcheck1.o)
    0x08005c34   0x0000008c   Code   RO         3846    x$fpl$fnaninf       fz_wm.l(fnaninf.o)
    0x08005cc0   0x0000000a   Code   RO         3893    x$fpl$fpinit        fz_wm.l(fpinit.o)
    0x08005cca   0x00000064   Code   RO         3895    x$fpl$retnan        fz_wm.l(retnan.o)
    0x08005d2e   0x0000004c   Code   RO         3739    x$fpl$scalbnf       fz_wm.l(scalbnf.o)
    0x08005d7a   0x00000030   Code   RO         3932    x$fpl$trapveneer    fz_wm.l(trapv.o)
    0x08005daa   0x00000000   Code   RO         3848    x$fpl$usenofp       fz_wm.l(usenofp.o)
    0x08005daa   0x00000002   PAD
    0x08005dac   0x00000025   Data   RO         2634    .constdata          stm32f4_discovery.o
    0x08005dd1   0x00000011   Data   RO         3688    .constdata          c_w.l(__printf_flags_wp.o)
    0x08005de2   0x0000000c   Data   RO         3887    .constdata          c_w.l(_monlen.o)
    0x08005dee   0x00000002   PAD
    0x08005df0   0x00000020   Data   RO         3994    Region$$Table       anon$$obj.o
    0x08005e10   0x00000110   Data   RO         3913    locale$$data        c_w.l(lc_ctype_c.o)


    Execution Region ER_RW (Base: 0x20000000, Size: 0x000006a4, Max: 0xffffffff, ABSOLUTE, COMPRESSED[0x000004a4])

    Base Addr    Size         Type   Attr      Idx    E Section Name        Object

    0x20000000   0x000002a7   Data   RW            5    .data               dsp.o
    0x200002a7   0x00000001   PAD
    0x200002a8   0x0000000c   Data   RW          251    .data               headphone.o
    0x200002b4   0x00000030   Data   RW          318    .data               main.o
    0x200002e4   0x00000018   Data   RW          403    .data               microphone.o
    0x200002fc   0x00000010   Data   RW          462    .data               stm32f4xx_it.o
    0x2000030c   0x00000014   Data   RW          548    .data               system_stm32f4xx.o
    0x20000320   0x00000010   Data   RW         1302    .data               stm32f4xx_rcc.o
    0x20000330   0x00000018   Data   RW         2635    .data               stm32f4_discovery.o
    0x20000348   0x00000040   Data   RW         2715    .data               stm32f4_discovery_audio_codec.o
    0x20000388   0x00000011   Data   RW         2904    .data               tm_stm32f4_delay.o
    0x20000399   0x00000007   Data   RW         3106    .data               tm_stm32f4_hd44780.o
    0x200003a0   0x00000304   Data   RW         3524    .data               libPDMFilter_Keil.lib(pdm_filter.o)


    Execution Region ER_ZI (Base: 0x200006a4, Size: 0x00003c54, Max: 0xffffffff, ABSOLUTE)

    Base Addr    Size         Type   Attr      Idx    E Section Name        Object

    0x200006a4   0x0000087c   Zero   RW            4    .bss                dsp.o
    0x20000f20   0x00001c00   Zero   RW          250    .bss                headphone.o
    0x20002b20   0x00000fe4   Zero   RW          317    .bss                main.o
    0x20003b04   0x000000d4   Zero   RW          402    .bss                microphone.o
    0x20003bd8   0x00000078   Zero   RW         2714    .bss                stm32f4_discovery_audio_codec.o
    0x20003c50   0x00000016   Zero   RW         2995    .bss                tm_stm32f4_gpio.o
    0x20003c66   0x00000002   PAD
    0x20003c68   0x0000002c   Zero   RW         3705    .bss                c_w.l(localtime.o)
    0x20003c94   0x00000060   Zero   RW         3852    .bss                c_w.l(libspace.o)
    0x20003cf4   0x00000004   PAD
    0x20003cf8   0x00000200   Zero   RW         2886    HEAP                startup_stm32f4xx.o
    0x20003ef8   0x00000400   Zero   RW         2885    STACK               startup_stm32f4xx.o


==============================================================================

Image component sizes


      Code (inc. data)   RO Data    RW Data    ZI Data      Debug   Object Name

       274         40          0          0          0       1721   datalogging.o
       248         40          0        679       2172     364530   dsp.o
       388         96          0          0          0       7408   gui_interface_communications.o
       606         92          0         12       7168       5356   headphone.o
       748        126          0         48       4068      47415   main.o
       542         78          0         24        212       5406   microphone.o
       140         24          0          0          0       1759   misc.o
        64         26        392          0       1536        924   startup_stm32f4xx.o
       328         68         37         24          0       4386   stm32f4_discovery.o
      2560        258          0         64        120      14970   stm32f4_discovery_audio_codec.o
       316         24          0          0          0       3551   stm32f4xx_adc.o
       124         18          0          0          0       2727   stm32f4xx_dac.o
       652         54          0          0          0       6260   stm32f4xx_dma.o
       184         16          0          0          0       2388   stm32f4xx_exti.o
       224          0          0          0          0       2659   stm32f4xx_gpio.o
       564         28          0          0          0       8725   stm32f4xx_i2c.o
       828         90          0         16          0       8021   stm32f4xx_it.o
        12          6          0          0          0        598   stm32f4xx_pwr.o
       584         78          0         16          0       9533   stm32f4xx_rcc.o
      1536         92          0          0          0      13673   stm32f4xx_rtc.o
       738         36          0          0          0       7205   stm32f4xx_spi.o
        64          4          0          0          0        716   stm32f4xx_syscfg.o
       468          8          0          0          0       6755   stm32f4xx_usart.o
       396         38          0         20          0       1877   system_stm32f4xx.o
      1094        226          0          0          0      13336   tm_stm32f4_adc.o
       136         24          0         17          0       2692   tm_stm32f4_delay.o
       270         10          0          0         22       3580   tm_stm32f4_gpio.o
       790         68          0          7          0       9030   tm_stm32f4_hd44780.o
        42          6          0          0          0       1094   tm_stm32f4_rtc.o

    ----------------------------------------------------------------------
     14960       1674        461        928      15300     558295   Object Totals
         0          0         32          0          0          0   (incl. Generated)
        40          0          0          1          2          0   (incl. Padding)

    ----------------------------------------------------------------------

      Code (inc. data)   RO Data    RW Data    ZI Data      Debug   Library Member Name

       126          0          0          0          0        983   arm_copy_q15.o
       478          0          0          0          0      15835   arm_fir_fast_q15.o
        46          0          0          0          0       1091   arm_fir_init_q15.o
        90          0          0          0          0          0   __dczerorl2.o
         8          0          0          0          0         68   __main.o
       312          4         17          0          0         92   __printf_flags_wp.o
        14          0          0          0          0         68   __printf_wp.o
         0          0          0          0          0          0   __rtentry.o
        12          0          0          0          0          0   __rtentry2.o
         6          0          0          0          0          0   __rtentry4.o
        52          8          0          0          0          0   __scatter.o
        28          0          0          0          0          0   __scatter_zi.o
        28          0          0          0          0         68   _chval.o
         0          0         12          0          0          0   _monlen.o
        44          0          0          0          0        108   _printf_char.o
        48          6          0          0          0         96   _printf_char_common.o
         6          0          0          0          0          0   _printf_d.o
       120         16          0          0          0         92   _printf_dec.o
       178          0          0          0          0         88   _printf_intcommon.o
        78          0          0          0          0        108   _printf_pad.o
         0          0          0          0          0          0   _printf_percent.o
         4          0          0          0          0          0   _printf_percent_end.o
         6          0          0          0          0          0   _printf_s.o
        82          0          0          0          0         80   _printf_str.o
        10          0          0          0          0         68   _sputc.o
       158          0          0          0          0         92   _strtoul.o
        26          0          0          0          0         80   atoi.o
        18          0          0          0          0         80   exit.o
        78          0          0          0          0         80   h1_free.o
         6          0          0          0          0        152   heapauxi.o
         0          0          0          0          0          0   indicate_semi.o
        44         10        272          0          0         76   lc_ctype_c.o
         2          0          0          0          0          0   libinit.o
        24          0          0          0          0          0   libinit2.o
         2          0          0          0          0          0   libshutdown.o
         2          0          0          0          0          0   libshutdown2.o
         8          4          0          0         96         68   libspace.o
        12          6          0          0         44         68   localtime.o
       184          6          0          0          0         80   localtime_internal.o
        40          6          0          0          0         84   noretval__2sprintf.o
        16          4          0          0          0         76   rt_ctype_table.o
         8          4          0          0          0         68   rt_errno_addr_intlibspace.o
         8          4          0          0          0         68   rt_heap_descriptor_intlibspace.o
         8          4          0          0          0         68   rt_locale_intlibspace.o
        68          0          0          0          0         68   rt_memclr.o
        78          0          0          0          0         80   rt_memclr_w.o
         2          0          0          0          0          0   rtexit.o
        10          0          0          0          0          0   rtexit2.o
       128          0          0          0          0         68   strcmpv7m.o
        36          0          0          0          0         80   strstr.o
       112          0          0          0          0         88   strtol.o
        12          4          0          0          0         68   sys_exit.o
        74          0          0          0          0         80   sys_stackheap_outer.o
         2          0          0          0          0         68   use_no_semi.o
       804         16          0          0          0        368   daddsub_clz.o
       688        140          0          0          0        256   ddiv.o
        90          4          0          0          0        140   dfixu.o
        38          0          0          0          0        116   dflt_clz.o
       340         12          0          0          0        152   dmul.o
       156          4          0          0          0        140   dnaninf.o
        12          0          0          0          0        116   dretinf.o
        86          4          0          0          0        132   f2d.o
        12          4          0          0          0        116   fcheck1.o
       140          4          0          0          0        132   fnaninf.o
        10          0          0          0          0        116   fpinit.o
       100          0          0          0          0        116   retnan.o
        76          0          0          0          0        116   scalbnf.o
        48          0          0          0          0        116   trapv.o
         0          0          0          0          0          0   usenofp.o
      3068         54          0        772          0        268   pdm_filter.o

    ----------------------------------------------------------------------
      8628        328        303        772        144      22985   Library Totals
        18          0          2          0          4          0   (incl. Padding)

    ----------------------------------------------------------------------

      Code (inc. data)   RO Data    RW Data    ZI Data      Debug   Library Name

       650          0          0          0          0      17909   arm_cortexM4lf_math.lib
      2292         86        301          0        140       2676   c_w.l
      2600        188          0          0          0       2132   fz_wm.l
      3068         54          0        772          0        268   libPDMFilter_Keil.lib

    ----------------------------------------------------------------------
      8628        328        303        772        144      22985   Library Totals

    ----------------------------------------------------------------------

==============================================================================


      Code (inc. data)   RO Data    RW Data    ZI Data      Debug   

     23588       2002        764       1700      15444     560120   Grand Totals
     23588       2002        764       1188      15444     560120   ELF Image Totals (compressed)
     23588       2002        764       1188          0          0   ROM Totals

==============================================================================

    Total RO  Size (Code + RO Data)                24352 (  23.78kB)
    Total RW  Size (RW Data + ZI Data)             17144 (  16.74kB)
    Total ROM Size (Code + RO Data + RW Data)      25540 (  24.94kB)

==============================================================================

