Component: ARM Compiler 5.06 update 1 (build 61) Tool: armlink [4d35a8]

==============================================================================

Section Cross References

    main.o(i.main) refers to uart.o(i.GPIOInitialize) for GPIOInitialize
    main.o(i.main) refers to uart.o(i.UART_Initialize) for UART_Initialize
    main.o(i.main) refers to uart.o(i.NVICInitialize) for NVICInitialize
    main.o(i.main) refers to stm32f4_discovery.o(i.STM_EVAL_LEDInit) for STM_EVAL_LEDInit
    main.o(i.main) refers to stm32f4_discovery.o(i.STM_EVAL_LEDOn) for STM_EVAL_LEDOn
    main.o(i.main) refers to stm32f4xx_rcc.o(i.RCC_GetClocksFreq) for RCC_GetClocksFreq
    main.o(i.main) refers to stm32f4_discovery.o(i.STM_EVAL_PBInit) for STM_EVAL_PBInit
    main.o(i.main) refers to uart.o(i.USART_puts) for USART_puts
    main.o(i.main) refers to headphone.o(i.WavePlayBack) for WavePlayBack
    main.o(i.main) refers to main.o(.bss) for .bss
    stm32f4xx_it.o(i.EXTI0_IRQHandler) refers to stm32f4xx_exti.o(i.EXTI_GetITStatus) for EXTI_GetITStatus
    stm32f4xx_it.o(i.EXTI0_IRQHandler) refers to stm32f4xx_exti.o(i.EXTI_ClearITPendingBit) for EXTI_ClearITPendingBit
    stm32f4xx_it.o(i.EXTI0_IRQHandler) refers to stm32f4xx_it.o(.data) for .data
    stm32f4xx_it.o(i.EXTI0_IRQHandler) refers to main.o(.data) for user_mode
    stm32f4xx_it.o(i.EXTI1_IRQHandler) refers to stm32f4xx_exti.o(i.EXTI_GetITStatus) for EXTI_GetITStatus
    stm32f4xx_it.o(i.EXTI1_IRQHandler) refers to stm32f4_discovery.o(i.STM_EVAL_LEDToggle) for STM_EVAL_LEDToggle
    stm32f4xx_it.o(i.EXTI1_IRQHandler) refers to stm32f4xx_exti.o(i.EXTI_ClearITPendingBit) for EXTI_ClearITPendingBit
    stm32f4xx_it.o(i.SysTick_Handler) refers to stm32f4_discovery.o(i.STM_EVAL_LEDToggle) for STM_EVAL_LEDToggle
    stm32f4xx_it.o(i.SysTick_Handler) refers to stm32f4_discovery.o(i.STM_EVAL_LEDOn) for STM_EVAL_LEDOn
    stm32f4xx_it.o(i.SysTick_Handler) refers to stm32f4_discovery.o(i.STM_EVAL_LEDOff) for STM_EVAL_LEDOff
    stm32f4xx_it.o(i.SysTick_Handler) refers to stm32f4xx_it.o(.data) for .data
    stm32f4xx_it.o(i.SysTick_Handler) refers to main.o(.data) for user_mode
    stm32f4xx_it.o(i.USART1_IRQHandler) refers to stm32f4xx_usart.o(i.USART_GetITStatus) for USART_GetITStatus
    stm32f4xx_it.o(i.USART1_IRQHandler) refers to stm32f4xx_usart.o(i.USART_GetFlagStatus) for USART_GetFlagStatus
    stm32f4xx_it.o(i.USART1_IRQHandler) refers to stm32f4xx_usart.o(i.USART_SendData) for USART_SendData
    stm32f4xx_it.o(i.USART1_IRQHandler) refers to stm32f4xx_usart.o(i.USART_ITConfig) for USART_ITConfig
    stm32f4xx_it.o(i.USART1_IRQHandler) refers to stm32f4xx_usart.o(i.USART_ClearITPendingBit) for USART_ClearITPendingBit
    stm32f4xx_it.o(i.USART1_IRQHandler) refers to stm32f4xx_usart.o(i.USART_ReceiveData) for USART_ReceiveData
    stm32f4xx_it.o(i.USART1_IRQHandler) refers to stm32f4xx_it.o(.data) for .data
    system_stm32f4xx.o(i.SystemCoreClockUpdate) refers to system_stm32f4xx.o(.data) for .data
    headphone.o(i.EVAL_AUDIO_TransferComplete_CallBack) refers to stm32f4_discovery_audio_codec.o(i.Audio_MAL_Play) for Audio_MAL_Play
    headphone.o(i.EVAL_AUDIO_TransferComplete_CallBack) refers to headphone.o(.data) for .data
    headphone.o(i.EVAL_AUDIO_TransferComplete_CallBack) refers to headphone.o(.bss) for .bss
    headphone.o(i.WavePlayBack) refers to microphone.o(i.WaveRecorderBeginSampling) for WaveRecorderBeginSampling
    headphone.o(i.WavePlayBack) refers to stm32f4_discovery_audio_codec.o(i.EVAL_AUDIO_SetAudioInterface) for EVAL_AUDIO_SetAudioInterface
    headphone.o(i.WavePlayBack) refers to stm32f4_discovery_audio_codec.o(i.EVAL_AUDIO_Init) for EVAL_AUDIO_Init
    headphone.o(i.WavePlayBack) refers to dsp.o(i.dsp) for dsp
    headphone.o(i.WavePlayBack) refers to stm32f4_discovery_audio_codec.o(i.Audio_MAL_Play) for Audio_MAL_Play
    headphone.o(i.WavePlayBack) refers to headphone.o(.data) for .data
    headphone.o(i.WavePlayBack) refers to headphone.o(.bss) for .bss
    headphone.o(i.WavePlayBack) refers to stm32f4xx_it.o(.data) for LED_Toggle
    headphone.o(i.WavePlayerInit) refers to stm32f4_discovery_audio_codec.o(i.EVAL_AUDIO_SetAudioInterface) for EVAL_AUDIO_SetAudioInterface
    headphone.o(i.WavePlayerInit) refers to stm32f4_discovery_audio_codec.o(i.EVAL_AUDIO_Init) for EVAL_AUDIO_Init
    headphone.o(i.WavePlayerInit) refers to headphone.o(.data) for .data
    headphone.o(i.WaveRecorderCallback) refers to stm32f4_discovery.o(i.STM_EVAL_LEDOff) for STM_EVAL_LEDOff
    headphone.o(i.WaveRecorderCallback) refers to stm32f4_discovery.o(i.STM_EVAL_LEDOn) for STM_EVAL_LEDOn
    headphone.o(i.WaveRecorderCallback) refers to headphone.o(.data) for .data
    headphone.o(i.WaveRecorderCallback) refers to headphone.o(.bss) for .bss
    microphone.o(i.SPI2_IRQHandler) refers to stm32f4xx_spi.o(i.SPI_I2S_GetITStatus) for SPI_I2S_GetITStatus
    microphone.o(i.SPI2_IRQHandler) refers to stm32f4xx_spi.o(i.SPI_I2S_ReceiveData) for SPI_I2S_ReceiveData
    microphone.o(i.SPI2_IRQHandler) refers to pdm_filter.o(.text) for PDM_Filter_64_LSB
    microphone.o(i.SPI2_IRQHandler) refers to headphone.o(i.WaveRecorderCallback) for WaveRecorderCallback
    microphone.o(i.SPI2_IRQHandler) refers to microphone.o(.bss) for .bss
    microphone.o(i.SPI2_IRQHandler) refers to microphone.o(.data) for .data
    microphone.o(i.WaveRecorderBeginSampling) refers to microphone.o(i.WaveRecorderInit) for WaveRecorderInit
    microphone.o(i.WaveRecorderBeginSampling) refers to stm32f4xx_spi.o(i.SPI_I2S_ITConfig) for SPI_I2S_ITConfig
    microphone.o(i.WaveRecorderBeginSampling) refers to stm32f4xx_spi.o(i.I2S_Cmd) for I2S_Cmd
    microphone.o(i.WaveRecorderBeginSampling) refers to microphone.o(.bss) for .bss
    microphone.o(i.WaveRecorderBeginSampling) refers to microphone.o(.data) for .data
    microphone.o(i.WaveRecorderInit) refers to pdm_filter.o(.text) for PDM_Filter_Init
    microphone.o(i.WaveRecorderInit) refers to stm32f4xx_rcc.o(i.RCC_AHB1PeriphClockCmd) for RCC_AHB1PeriphClockCmd
    microphone.o(i.WaveRecorderInit) refers to stm32f4xx_gpio.o(i.GPIO_Init) for GPIO_Init
    microphone.o(i.WaveRecorderInit) refers to stm32f4xx_gpio.o(i.GPIO_PinAFConfig) for GPIO_PinAFConfig
    microphone.o(i.WaveRecorderInit) refers to misc.o(i.NVIC_PriorityGroupConfig) for NVIC_PriorityGroupConfig
    microphone.o(i.WaveRecorderInit) refers to misc.o(i.NVIC_Init) for NVIC_Init
    microphone.o(i.WaveRecorderInit) refers to stm32f4xx_rcc.o(i.RCC_APB1PeriphClockCmd) for RCC_APB1PeriphClockCmd
    microphone.o(i.WaveRecorderInit) refers to stm32f4xx_spi.o(i.SPI_I2S_DeInit) for SPI_I2S_DeInit
    microphone.o(i.WaveRecorderInit) refers to stm32f4xx_spi.o(i.I2S_Init) for I2S_Init
    microphone.o(i.WaveRecorderInit) refers to stm32f4xx_spi.o(i.SPI_I2S_ITConfig) for SPI_I2S_ITConfig
    microphone.o(i.WaveRecorderInit) refers to microphone.o(.data) for .data
    microphone.o(i.WaveRecorderInit) refers to microphone.o(.bss) for .bss
    microphone.o(i.WaveRecorderStart) refers to stm32f4xx_spi.o(i.SPI_I2S_ITConfig) for SPI_I2S_ITConfig
    microphone.o(i.WaveRecorderStart) refers to stm32f4xx_spi.o(i.I2S_Cmd) for I2S_Cmd
    microphone.o(i.WaveRecorderStart) refers to microphone.o(.data) for .data
    dsp.o(i.dsp) refers to arm_fir_init_q15.o(.text) for arm_fir_init_q15
    dsp.o(i.dsp) refers to uart.o(i.USART_puts) for USART_puts
    dsp.o(i.dsp) refers to arm_fir_fast_q15.o(.text) for arm_fir_fast_q15
    dsp.o(i.dsp) refers to arm_copy_q15.o(.text) for arm_copy_q15
    dsp.o(i.dsp) refers to main.o(.data) for user_mode
    dsp.o(i.dsp) refers to dsp.o(.data) for .data
    dsp.o(i.dsp) refers to dsp.o(.bss) for .bss
    dsp.o(i.dsp) refers to dsp.o(i.initFilter) for i.initFilter
    dsp.o(i.initFilter) refers to arm_fir_init_q15.o(.text) for arm_fir_init_q15
    dsp.o(i.initFilter) refers to uart.o(i.USART_puts) for USART_puts
    dsp.o(i.initFilter) refers to main.o(.data) for user_mode
    dsp.o(i.initFilter) refers to dsp.o(.bss) for .bss
    dsp.o(i.initFilter) refers to dsp.o(.data) for .data
    uart.o(i.GPIOInitialize) refers to stm32f4xx_rcc.o(i.RCC_AHB1PeriphClockCmd) for RCC_AHB1PeriphClockCmd
    uart.o(i.GPIOInitialize) refers to stm32f4xx_gpio.o(i.GPIO_Init) for GPIO_Init
    uart.o(i.GPIOInitialize) refers to stm32f4xx_gpio.o(i.GPIO_PinAFConfig) for GPIO_PinAFConfig
    uart.o(i.GPIOInitialize) refers to uart.o(.data) for .data
    uart.o(i.NVICInitialize) refers to misc.o(i.NVIC_Init) for NVIC_Init
    uart.o(i.NVICInitialize) refers to stm32f4xx_usart.o(i.USART_ITConfig) for USART_ITConfig
    uart.o(i.UART_Initialize) refers to stm32f4xx_rcc.o(i.RCC_APB2PeriphClockCmd) for RCC_APB2PeriphClockCmd
    uart.o(i.UART_Initialize) refers to stm32f4xx_usart.o(i.USART_Init) for USART_Init
    uart.o(i.UART_Initialize) refers to stm32f4xx_usart.o(i.USART_Cmd) for USART_Cmd
    uart.o(i.UART_Initialize) refers to uart.o(.bss) for .bss
    uart.o(i.USART_puts) refers to stm32f4xx_usart.o(i.USART_SendData) for USART_SendData
    stm32f4_discovery.o(i.STM_EVAL_LEDInit) refers to stm32f4xx_rcc.o(i.RCC_AHB1PeriphClockCmd) for RCC_AHB1PeriphClockCmd
    stm32f4_discovery.o(i.STM_EVAL_LEDInit) refers to stm32f4xx_gpio.o(i.GPIO_Init) for GPIO_Init
    stm32f4_discovery.o(i.STM_EVAL_LEDInit) refers to stm32f4_discovery.o(.constdata) for .constdata
    stm32f4_discovery.o(i.STM_EVAL_LEDInit) refers to stm32f4_discovery.o(.data) for .data
    stm32f4_discovery.o(i.STM_EVAL_LEDOff) refers to stm32f4_discovery.o(.constdata) for .constdata
    stm32f4_discovery.o(i.STM_EVAL_LEDOff) refers to stm32f4_discovery.o(.data) for .data
    stm32f4_discovery.o(i.STM_EVAL_LEDOn) refers to stm32f4_discovery.o(.constdata) for .constdata
    stm32f4_discovery.o(i.STM_EVAL_LEDOn) refers to stm32f4_discovery.o(.data) for .data
    stm32f4_discovery.o(i.STM_EVAL_LEDToggle) refers to stm32f4_discovery.o(.data) for .data
    stm32f4_discovery.o(i.STM_EVAL_LEDToggle) refers to stm32f4_discovery.o(.constdata) for .constdata
    stm32f4_discovery.o(i.STM_EVAL_PBGetState) refers to stm32f4xx_gpio.o(i.GPIO_ReadInputDataBit) for GPIO_ReadInputDataBit
    stm32f4_discovery.o(i.STM_EVAL_PBGetState) refers to stm32f4_discovery.o(.constdata) for .constdata
    stm32f4_discovery.o(i.STM_EVAL_PBGetState) refers to stm32f4_discovery.o(.data) for .data
    stm32f4_discovery.o(i.STM_EVAL_PBInit) refers to stm32f4xx_rcc.o(i.RCC_AHB1PeriphClockCmd) for RCC_AHB1PeriphClockCmd
    stm32f4_discovery.o(i.STM_EVAL_PBInit) refers to stm32f4xx_rcc.o(i.RCC_APB2PeriphClockCmd) for RCC_APB2PeriphClockCmd
    stm32f4_discovery.o(i.STM_EVAL_PBInit) refers to stm32f4xx_gpio.o(i.GPIO_Init) for GPIO_Init
    stm32f4_discovery.o(i.STM_EVAL_PBInit) refers to stm32f4xx_syscfg.o(i.SYSCFG_EXTILineConfig) for SYSCFG_EXTILineConfig
    stm32f4_discovery.o(i.STM_EVAL_PBInit) refers to stm32f4xx_exti.o(i.EXTI_Init) for EXTI_Init
    stm32f4_discovery.o(i.STM_EVAL_PBInit) refers to misc.o(i.NVIC_Init) for NVIC_Init
    stm32f4_discovery.o(i.STM_EVAL_PBInit) refers to stm32f4_discovery.o(.constdata) for .constdata
    stm32f4_discovery.o(i.STM_EVAL_PBInit) refers to stm32f4_discovery.o(.data) for .data
    stm32f4_discovery_audio_codec.o(i.Audio_MAL_IRQHandler) refers to stm32f4xx_dma.o(i.DMA_GetFlagStatus) for DMA_GetFlagStatus
    stm32f4_discovery_audio_codec.o(i.Audio_MAL_IRQHandler) refers to stm32f4xx_dma.o(i.DMA_GetCmdStatus) for DMA_GetCmdStatus
    stm32f4_discovery_audio_codec.o(i.Audio_MAL_IRQHandler) refers to stm32f4xx_dma.o(i.DMA_ClearFlag) for DMA_ClearFlag
    stm32f4_discovery_audio_codec.o(i.Audio_MAL_IRQHandler) refers to stm32f4xx_dma.o(i.DMA_Init) for DMA_Init
    stm32f4_discovery_audio_codec.o(i.Audio_MAL_IRQHandler) refers to stm32f4xx_dma.o(i.DMA_Cmd) for DMA_Cmd
    stm32f4_discovery_audio_codec.o(i.Audio_MAL_IRQHandler) refers to headphone.o(i.EVAL_AUDIO_TransferComplete_CallBack) for EVAL_AUDIO_TransferComplete_CallBack
    stm32f4_discovery_audio_codec.o(i.Audio_MAL_IRQHandler) refers to stm32f4_discovery_audio_codec.o(.data) for .data
    stm32f4_discovery_audio_codec.o(i.Audio_MAL_IRQHandler) refers to stm32f4_discovery_audio_codec.o(.bss) for .bss
    stm32f4_discovery_audio_codec.o(i.Audio_MAL_Play) refers to stm32f4xx_dma.o(i.DMA_Init) for DMA_Init
    stm32f4_discovery_audio_codec.o(i.Audio_MAL_Play) refers to stm32f4xx_dma.o(i.DMA_Cmd) for DMA_Cmd
    stm32f4_discovery_audio_codec.o(i.Audio_MAL_Play) refers to stm32f4xx_spi.o(i.I2S_Cmd) for I2S_Cmd
    stm32f4_discovery_audio_codec.o(i.Audio_MAL_Play) refers to stm32f4_discovery_audio_codec.o(.data) for .data
    stm32f4_discovery_audio_codec.o(i.Audio_MAL_Play) refers to stm32f4_discovery_audio_codec.o(.bss) for .bss
    stm32f4_discovery_audio_codec.o(i.Codec_WriteRegister) refers to stm32f4xx_i2c.o(i.I2C_GetFlagStatus) for I2C_GetFlagStatus
    stm32f4_discovery_audio_codec.o(i.Codec_WriteRegister) refers to stm32f4xx_i2c.o(i.I2C_GenerateSTART) for I2C_GenerateSTART
    stm32f4_discovery_audio_codec.o(i.Codec_WriteRegister) refers to stm32f4xx_i2c.o(i.I2C_CheckEvent) for I2C_CheckEvent
    stm32f4_discovery_audio_codec.o(i.Codec_WriteRegister) refers to stm32f4xx_i2c.o(i.I2C_Send7bitAddress) for I2C_Send7bitAddress
    stm32f4_discovery_audio_codec.o(i.Codec_WriteRegister) refers to stm32f4xx_i2c.o(i.I2C_SendData) for I2C_SendData
    stm32f4_discovery_audio_codec.o(i.Codec_WriteRegister) refers to stm32f4xx_i2c.o(i.I2C_GenerateSTOP) for I2C_GenerateSTOP
    stm32f4_discovery_audio_codec.o(i.Codec_WriteRegister) refers to stm32f4xx_i2c.o(i.I2C_AcknowledgeConfig) for I2C_AcknowledgeConfig
    stm32f4_discovery_audio_codec.o(i.Codec_WriteRegister) refers to stm32f4xx_i2c.o(i.I2C_ReceiveData) for I2C_ReceiveData
    stm32f4_discovery_audio_codec.o(i.Codec_WriteRegister) refers to stm32f4xx_i2c.o(i.I2C_ClearFlag) for I2C_ClearFlag
    stm32f4_discovery_audio_codec.o(i.Codec_WriteRegister) refers to stm32f4_discovery_audio_codec.o(.data) for .data
    stm32f4_discovery_audio_codec.o(i.DAC_Config) refers to stm32f4xx_rcc.o(i.RCC_AHB1PeriphClockCmd) for RCC_AHB1PeriphClockCmd
    stm32f4_discovery_audio_codec.o(i.DAC_Config) refers to stm32f4xx_rcc.o(i.RCC_APB1PeriphClockCmd) for RCC_APB1PeriphClockCmd
    stm32f4_discovery_audio_codec.o(i.DAC_Config) refers to stm32f4xx_gpio.o(i.GPIO_Init) for GPIO_Init
    stm32f4_discovery_audio_codec.o(i.DAC_Config) refers to stm32f4xx_dac.o(i.DAC_Init) for DAC_Init
    stm32f4_discovery_audio_codec.o(i.DAC_Config) refers to stm32f4xx_dac.o(i.DAC_Cmd) for DAC_Cmd
    stm32f4_discovery_audio_codec.o(i.DMA1_Stream0_IRQHandler) refers to stm32f4_discovery_audio_codec.o(i.Audio_MAL_IRQHandler) for Audio_MAL_IRQHandler
    stm32f4_discovery_audio_codec.o(i.DMA1_Stream7_IRQHandler) refers to stm32f4_discovery_audio_codec.o(i.Audio_MAL_IRQHandler) for Audio_MAL_IRQHandler
    stm32f4_discovery_audio_codec.o(i.EVAL_AUDIO_DeInit) refers to misc.o(i.NVIC_Init) for NVIC_Init
    stm32f4_discovery_audio_codec.o(i.EVAL_AUDIO_DeInit) refers to stm32f4xx_dma.o(i.DMA_Cmd) for DMA_Cmd
    stm32f4_discovery_audio_codec.o(i.EVAL_AUDIO_DeInit) refers to stm32f4xx_dma.o(i.DMA_DeInit) for DMA_DeInit
    stm32f4_discovery_audio_codec.o(i.EVAL_AUDIO_DeInit) refers to stm32f4xx_gpio.o(i.GPIO_WriteBit) for GPIO_WriteBit
    stm32f4_discovery_audio_codec.o(i.EVAL_AUDIO_DeInit) refers to stm32f4_discovery_audio_codec.o(i.Codec_WriteRegister) for Codec_WriteRegister
    stm32f4_discovery_audio_codec.o(i.EVAL_AUDIO_DeInit) refers to stm32f4xx_gpio.o(i.GPIO_Init) for GPIO_Init
    stm32f4_discovery_audio_codec.o(i.EVAL_AUDIO_DeInit) refers to stm32f4xx_gpio.o(i.GPIO_PinAFConfig) for GPIO_PinAFConfig
    stm32f4_discovery_audio_codec.o(i.EVAL_AUDIO_DeInit) refers to stm32f4xx_spi.o(i.I2S_Cmd) for I2S_Cmd
    stm32f4_discovery_audio_codec.o(i.EVAL_AUDIO_DeInit) refers to stm32f4xx_spi.o(i.SPI_I2S_DeInit) for SPI_I2S_DeInit
    stm32f4_discovery_audio_codec.o(i.EVAL_AUDIO_DeInit) refers to stm32f4xx_rcc.o(i.RCC_APB1PeriphClockCmd) for RCC_APB1PeriphClockCmd
    stm32f4_discovery_audio_codec.o(i.EVAL_AUDIO_DeInit) refers to stm32f4_discovery_audio_codec.o(.data) for .data
    stm32f4_discovery_audio_codec.o(i.EVAL_AUDIO_Init) refers to stm32f4xx_rcc.o(i.RCC_AHB1PeriphClockCmd) for RCC_AHB1PeriphClockCmd
    stm32f4_discovery_audio_codec.o(i.EVAL_AUDIO_Init) refers to stm32f4xx_gpio.o(i.GPIO_Init) for GPIO_Init
    stm32f4_discovery_audio_codec.o(i.EVAL_AUDIO_Init) refers to stm32f4xx_gpio.o(i.GPIO_PinAFConfig) for GPIO_PinAFConfig
    stm32f4_discovery_audio_codec.o(i.EVAL_AUDIO_Init) refers to stm32f4xx_gpio.o(i.GPIO_WriteBit) for GPIO_WriteBit
    stm32f4_discovery_audio_codec.o(i.EVAL_AUDIO_Init) refers to stm32f4xx_rcc.o(i.RCC_APB1PeriphClockCmd) for RCC_APB1PeriphClockCmd
    stm32f4_discovery_audio_codec.o(i.EVAL_AUDIO_Init) refers to stm32f4xx_i2c.o(i.I2C_DeInit) for I2C_DeInit
    stm32f4_discovery_audio_codec.o(i.EVAL_AUDIO_Init) refers to stm32f4xx_i2c.o(i.I2C_Cmd) for I2C_Cmd
    stm32f4_discovery_audio_codec.o(i.EVAL_AUDIO_Init) refers to stm32f4xx_i2c.o(i.I2C_Init) for I2C_Init
    stm32f4_discovery_audio_codec.o(i.EVAL_AUDIO_Init) refers to stm32f4_discovery_audio_codec.o(i.Codec_WriteRegister) for Codec_WriteRegister
    stm32f4_discovery_audio_codec.o(i.EVAL_AUDIO_Init) refers to stm32f4xx_spi.o(i.SPI_I2S_DeInit) for SPI_I2S_DeInit
    stm32f4_discovery_audio_codec.o(i.EVAL_AUDIO_Init) refers to stm32f4xx_spi.o(i.I2S_Init) for I2S_Init
    stm32f4_discovery_audio_codec.o(i.EVAL_AUDIO_Init) refers to stm32f4xx_dac.o(i.DAC_Init) for DAC_Init
    stm32f4_discovery_audio_codec.o(i.EVAL_AUDIO_Init) refers to stm32f4xx_dac.o(i.DAC_Cmd) for DAC_Cmd
    stm32f4_discovery_audio_codec.o(i.EVAL_AUDIO_Init) refers to stm32f4xx_dma.o(i.DMA_Cmd) for DMA_Cmd
    stm32f4_discovery_audio_codec.o(i.EVAL_AUDIO_Init) refers to stm32f4xx_dma.o(i.DMA_DeInit) for DMA_DeInit
    stm32f4_discovery_audio_codec.o(i.EVAL_AUDIO_Init) refers to stm32f4xx_dma.o(i.DMA_Init) for DMA_Init
    stm32f4_discovery_audio_codec.o(i.EVAL_AUDIO_Init) refers to stm32f4xx_dma.o(i.DMA_ITConfig) for DMA_ITConfig
    stm32f4_discovery_audio_codec.o(i.EVAL_AUDIO_Init) refers to misc.o(i.NVIC_Init) for NVIC_Init
    stm32f4_discovery_audio_codec.o(i.EVAL_AUDIO_Init) refers to stm32f4xx_spi.o(i.SPI_I2S_ITConfig) for SPI_I2S_ITConfig
    stm32f4_discovery_audio_codec.o(i.EVAL_AUDIO_Init) refers to stm32f4xx_spi.o(i.SPI_I2S_DMACmd) for SPI_I2S_DMACmd
    stm32f4_discovery_audio_codec.o(i.EVAL_AUDIO_Init) refers to stm32f4_discovery_audio_codec.o(.data) for .data
    stm32f4_discovery_audio_codec.o(i.EVAL_AUDIO_Init) refers to stm32f4_discovery_audio_codec.o(.bss) for .bss
    stm32f4_discovery_audio_codec.o(i.EVAL_AUDIO_Mute) refers to stm32f4_discovery_audio_codec.o(i.Codec_WriteRegister) for Codec_WriteRegister
    stm32f4_discovery_audio_codec.o(i.EVAL_AUDIO_Mute) refers to stm32f4_discovery_audio_codec.o(.data) for .data
    stm32f4_discovery_audio_codec.o(i.EVAL_AUDIO_PauseResume) refers to stm32f4_discovery_audio_codec.o(i.Codec_WriteRegister) for Codec_WriteRegister
    stm32f4_discovery_audio_codec.o(i.EVAL_AUDIO_PauseResume) refers to stm32f4xx_spi.o(i.SPI_I2S_DMACmd) for SPI_I2S_DMACmd
    stm32f4_discovery_audio_codec.o(i.EVAL_AUDIO_PauseResume) refers to stm32f4xx_dma.o(i.DMA_Cmd) for DMA_Cmd
    stm32f4_discovery_audio_codec.o(i.EVAL_AUDIO_PauseResume) refers to stm32f4xx_spi.o(i.I2S_Cmd) for I2S_Cmd
    stm32f4_discovery_audio_codec.o(i.EVAL_AUDIO_PauseResume) refers to stm32f4_discovery_audio_codec.o(.data) for .data
    stm32f4_discovery_audio_codec.o(i.EVAL_AUDIO_Play) refers to stm32f4xx_dma.o(i.DMA_Init) for DMA_Init
    stm32f4_discovery_audio_codec.o(i.EVAL_AUDIO_Play) refers to stm32f4xx_dma.o(i.DMA_Cmd) for DMA_Cmd
    stm32f4_discovery_audio_codec.o(i.EVAL_AUDIO_Play) refers to stm32f4xx_spi.o(i.I2S_Cmd) for I2S_Cmd
    stm32f4_discovery_audio_codec.o(i.EVAL_AUDIO_Play) refers to stm32f4_discovery_audio_codec.o(.data) for .data
    stm32f4_discovery_audio_codec.o(i.EVAL_AUDIO_Play) refers to stm32f4_discovery_audio_codec.o(.bss) for .bss
    stm32f4_discovery_audio_codec.o(i.EVAL_AUDIO_SetAudioInterface) refers to stm32f4_discovery_audio_codec.o(.data) for .data
    stm32f4_discovery_audio_codec.o(i.EVAL_AUDIO_Stop) refers to stm32f4_discovery_audio_codec.o(i.Codec_WriteRegister) for Codec_WriteRegister
    stm32f4_discovery_audio_codec.o(i.EVAL_AUDIO_Stop) refers to stm32f4xx_gpio.o(i.GPIO_WriteBit) for GPIO_WriteBit
    stm32f4_discovery_audio_codec.o(i.EVAL_AUDIO_Stop) refers to stm32f4xx_dma.o(i.DMA_Cmd) for DMA_Cmd
    stm32f4_discovery_audio_codec.o(i.EVAL_AUDIO_Stop) refers to stm32f4xx_dma.o(i.DMA_ClearFlag) for DMA_ClearFlag
    stm32f4_discovery_audio_codec.o(i.EVAL_AUDIO_Stop) refers to stm32f4xx_spi.o(i.I2S_Cmd) for I2S_Cmd
    stm32f4_discovery_audio_codec.o(i.EVAL_AUDIO_Stop) refers to stm32f4_discovery_audio_codec.o(.data) for .data
    stm32f4_discovery_audio_codec.o(i.EVAL_AUDIO_VolumeCtl) refers to stm32f4_discovery_audio_codec.o(i.Codec_WriteRegister) for Codec_WriteRegister
    stm32f4_discovery_audio_codec.o(i.SPI3_IRQHandler) refers to stm32f4xx_spi.o(i.SPI_I2S_GetFlagStatus) for SPI_I2S_GetFlagStatus
    stm32f4_discovery_audio_codec.o(i.SPI3_IRQHandler) refers to headphone.o(i.EVAL_AUDIO_GetSampleCallBack) for EVAL_AUDIO_GetSampleCallBack
    stm32f4_discovery_audio_codec.o(i.SPI3_IRQHandler) refers to stm32f4xx_dac.o(i.DAC_SetChannel1Data) for DAC_SetChannel1Data
    stm32f4_discovery_audio_codec.o(i.SPI3_IRQHandler) refers to stm32f4xx_spi.o(i.SPI_I2S_SendData) for SPI_I2S_SendData
    stm32f4_discovery_audio_codec.o(i.SPI3_IRQHandler) refers to stm32f4_discovery_audio_codec.o(.data) for .data
    stm32f4xx_syscfg.o(i.SYSCFG_DeInit) refers to stm32f4xx_rcc.o(i.RCC_APB2PeriphResetCmd) for RCC_APB2PeriphResetCmd
    stm32f4xx_dac.o(i.DAC_DeInit) refers to stm32f4xx_rcc.o(i.RCC_APB1PeriphResetCmd) for RCC_APB1PeriphResetCmd
    stm32f4xx_gpio.o(i.GPIO_DeInit) refers to stm32f4xx_rcc.o(i.RCC_AHB1PeriphResetCmd) for RCC_AHB1PeriphResetCmd
    stm32f4xx_i2c.o(i.I2C_DeInit) refers to stm32f4xx_rcc.o(i.RCC_APB1PeriphResetCmd) for RCC_APB1PeriphResetCmd
    stm32f4xx_i2c.o(i.I2C_Init) refers to stm32f4xx_rcc.o(i.RCC_GetClocksFreq) for RCC_GetClocksFreq
    stm32f4xx_spi.o(i.SPI_I2S_DeInit) refers to stm32f4xx_rcc.o(i.RCC_APB2PeriphResetCmd) for RCC_APB2PeriphResetCmd
    stm32f4xx_spi.o(i.SPI_I2S_DeInit) refers to stm32f4xx_rcc.o(i.RCC_APB1PeriphResetCmd) for RCC_APB1PeriphResetCmd
    stm32f4xx_usart.o(i.USART_DeInit) refers to stm32f4xx_rcc.o(i.RCC_APB1PeriphResetCmd) for RCC_APB1PeriphResetCmd
    stm32f4xx_usart.o(i.USART_DeInit) refers to stm32f4xx_rcc.o(i.RCC_APB2PeriphResetCmd) for RCC_APB2PeriphResetCmd
    stm32f4xx_usart.o(i.USART_Init) refers to stm32f4xx_rcc.o(i.RCC_GetClocksFreq) for RCC_GetClocksFreq
    stm32f4xx_rcc.o(i.RCC_GetClocksFreq) refers to stm32f4xx_rcc.o(.data) for .data
    startup_stm32f4xx.o(RESET) refers to startup_stm32f4xx.o(STACK) for __initial_sp
    startup_stm32f4xx.o(RESET) refers to startup_stm32f4xx.o(.text) for Reset_Handler
    startup_stm32f4xx.o(RESET) refers to stm32f4xx_it.o(i.NMI_Handler) for NMI_Handler
    startup_stm32f4xx.o(RESET) refers to stm32f4xx_it.o(i.HardFault_Handler) for HardFault_Handler
    startup_stm32f4xx.o(RESET) refers to stm32f4xx_it.o(i.MemManage_Handler) for MemManage_Handler
    startup_stm32f4xx.o(RESET) refers to stm32f4xx_it.o(i.BusFault_Handler) for BusFault_Handler
    startup_stm32f4xx.o(RESET) refers to stm32f4xx_it.o(i.UsageFault_Handler) for UsageFault_Handler
    startup_stm32f4xx.o(RESET) refers to stm32f4xx_it.o(i.SVC_Handler) for SVC_Handler
    startup_stm32f4xx.o(RESET) refers to stm32f4xx_it.o(i.DebugMon_Handler) for DebugMon_Handler
    startup_stm32f4xx.o(RESET) refers to stm32f4xx_it.o(i.PendSV_Handler) for PendSV_Handler
    startup_stm32f4xx.o(RESET) refers to stm32f4xx_it.o(i.SysTick_Handler) for SysTick_Handler
    startup_stm32f4xx.o(RESET) refers to stm32f4xx_it.o(i.EXTI0_IRQHandler) for EXTI0_IRQHandler
    startup_stm32f4xx.o(RESET) refers to stm32f4xx_it.o(i.EXTI1_IRQHandler) for EXTI1_IRQHandler
    startup_stm32f4xx.o(RESET) refers to stm32f4_discovery_audio_codec.o(i.DMA1_Stream0_IRQHandler) for DMA1_Stream0_IRQHandler
    startup_stm32f4xx.o(RESET) refers to microphone.o(i.SPI2_IRQHandler) for SPI2_IRQHandler
    startup_stm32f4xx.o(RESET) refers to stm32f4xx_it.o(i.USART1_IRQHandler) for USART1_IRQHandler
    startup_stm32f4xx.o(RESET) refers to stm32f4_discovery_audio_codec.o(i.DMA1_Stream7_IRQHandler) for DMA1_Stream7_IRQHandler
    startup_stm32f4xx.o(RESET) refers to stm32f4_discovery_audio_codec.o(i.SPI3_IRQHandler) for SPI3_IRQHandler
    startup_stm32f4xx.o(.text) refers to system_stm32f4xx.o(i.SystemInit) for SystemInit
    startup_stm32f4xx.o(.text) refers to entry.o(.ARM.Collect$$$$00000000) for __main
    pdm_filter.o(.text) refers to dfltui.o(.text) for __aeabi_ui2d
    pdm_filter.o(.text) refers to ddiv.o(.text) for __aeabi_ddiv
    pdm_filter.o(.text) refers to f2d.o(.text) for __aeabi_f2d
    pdm_filter.o(.text) refers to dadd.o(.text) for __aeabi_dadd
    pdm_filter.o(.text) refers to fscalb.o(.text) for __ARM_scalbnf
    pdm_filter.o(.text) refers to dfixui.o(.text) for __aeabi_d2uiz
    pdm_filter.o(.text) refers to dmul.o(.text) for __aeabi_dmul
    pdm_filter.o(.text) refers to pdm_filter.o(.data) for .data
    arm_fir_init_q15.o(.text) refers to memseta.o(.text) for __aeabi_memclr
    entry.o(.ARM.Collect$$$$00000000) refers (Special) to entry10a.o(.ARM.Collect$$$$0000000D) for __rt_final_cpp
    entry.o(.ARM.Collect$$$$00000000) refers (Special) to entry11a.o(.ARM.Collect$$$$0000000F) for __rt_final_exit
    entry.o(.ARM.Collect$$$$00000000) refers (Special) to entry7b.o(.ARM.Collect$$$$00000008) for _main_clock
    entry.o(.ARM.Collect$$$$00000000) refers (Special) to entry8b.o(.ARM.Collect$$$$0000000A) for _main_cpp_init
    entry.o(.ARM.Collect$$$$00000000) refers (Special) to entry9a.o(.ARM.Collect$$$$0000000B) for _main_init
    entry.o(.ARM.Collect$$$$00000000) refers (Special) to entry5.o(.ARM.Collect$$$$00000004) for _main_scatterload
    entry.o(.ARM.Collect$$$$00000000) refers (Special) to entry2.o(.ARM.Collect$$$$00000001) for _main_stk
    fscalb.o(.text) refers (Special) to iusefp.o(.text) for __I$use$fp
    dadd.o(.text) refers (Special) to iusefp.o(.text) for __I$use$fp
    dadd.o(.text) refers to llshl.o(.text) for __aeabi_llsl
    dadd.o(.text) refers to llsshr.o(.text) for __aeabi_lasr
    dadd.o(.text) refers to depilogue.o(.text) for _double_epilogue
    dmul.o(.text) refers (Special) to iusefp.o(.text) for __I$use$fp
    dmul.o(.text) refers to depilogue.o(.text) for _double_epilogue
    ddiv.o(.text) refers (Special) to iusefp.o(.text) for __I$use$fp
    ddiv.o(.text) refers to depilogue.o(.text) for _double_round
    dfltui.o(.text) refers (Special) to iusefp.o(.text) for __I$use$fp
    dfltui.o(.text) refers to depilogue.o(.text) for _double_epilogue
    dfixui.o(.text) refers (Special) to iusefp.o(.text) for __I$use$fp
    dfixui.o(.text) refers to llushr.o(.text) for __aeabi_llsr
    f2d.o(.text) refers (Special) to iusefp.o(.text) for __I$use$fp
    entry2.o(.ARM.Collect$$$$00000001) refers to entry2.o(.ARM.Collect$$$$00002712) for __lit__00000000
    entry2.o(.ARM.Collect$$$$00002712) refers to startup_stm32f4xx.o(STACK) for __initial_sp
    entry2.o(__vectab_stack_and_reset_area) refers to startup_stm32f4xx.o(STACK) for __initial_sp
    entry2.o(__vectab_stack_and_reset_area) refers to entry.o(.ARM.Collect$$$$00000000) for __main
    entry5.o(.ARM.Collect$$$$00000004) refers to init.o(.text) for __scatterload
    entry9a.o(.ARM.Collect$$$$0000000B) refers to main.o(i.main) for main
    entry9b.o(.ARM.Collect$$$$0000000C) refers to main.o(i.main) for main
    depilogue.o(.text) refers to llshl.o(.text) for __aeabi_llsl
    depilogue.o(.text) refers to llushr.o(.text) for __aeabi_llsr
    init.o(.text) refers to entry5.o(.ARM.Collect$$$$00000004) for __main_after_scatterload

