Component: ARM Compiler 5.06 update 1 (build 61) Tool: armlink [4d35a8]

==============================================================================

Section Cross References

    main.o(i.GPIOInitialize) refers to stm32f4xx_rcc.o(i.RCC_AHB1PeriphClockCmd) for RCC_AHB1PeriphClockCmd
    main.o(i.GPIOInitialize) refers to stm32f4xx_gpio.o(i.GPIO_Init) for GPIO_Init
    main.o(i.GPIOInitialize) refers to stm32f4xx_gpio.o(i.GPIO_PinAFConfig) for GPIO_PinAFConfig
    main.o(i.GPIOInitialize) refers to main.o(.data) for .data
    main.o(i.NVICInitialize) refers to misc.o(i.NVIC_Init) for NVIC_Init
    main.o(i.NVICInitialize) refers to stm32f4xx_usart.o(i.USART_ITConfig) for USART_ITConfig
    main.o(i.UART_Initialize) refers to stm32f4xx_rcc.o(i.RCC_APB2PeriphClockCmd) for RCC_APB2PeriphClockCmd
    main.o(i.UART_Initialize) refers to stm32f4xx_usart.o(i.USART_Init) for USART_Init
    main.o(i.UART_Initialize) refers to stm32f4xx_usart.o(i.USART_Cmd) for USART_Cmd
    main.o(i.UART_Initialize) refers to stm32f4xx_usart.o(i.USART_ITConfig) for USART_ITConfig
    main.o(i.UART_Initialize) refers to main.o(.bss) for .bss
    main.o(i.main) refers to stm32f4xx_rcc.o(i.RCC_AHB1PeriphClockCmd) for RCC_AHB1PeriphClockCmd
    main.o(i.main) refers to stm32f4xx_gpio.o(i.GPIO_Init) for GPIO_Init
    main.o(i.main) refers to stm32f4xx_gpio.o(i.GPIO_PinAFConfig) for GPIO_PinAFConfig
    main.o(i.main) refers to stm32f4xx_rcc.o(i.RCC_APB2PeriphClockCmd) for RCC_APB2PeriphClockCmd
    main.o(i.main) refers to stm32f4xx_usart.o(i.USART_Init) for USART_Init
    main.o(i.main) refers to stm32f4xx_usart.o(i.USART_Cmd) for USART_Cmd
    main.o(i.main) refers to stm32f4xx_usart.o(i.USART_ITConfig) for USART_ITConfig
    main.o(i.main) refers to misc.o(i.NVIC_Init) for NVIC_Init
    main.o(i.main) refers to stm32f4_discovery.o(i.STM_EVAL_LEDInit) for STM_EVAL_LEDInit
    main.o(i.main) refers to stm32f4_discovery.o(i.STM_EVAL_LEDOn) for STM_EVAL_LEDOn
    main.o(i.main) refers to stm32f4xx_rcc.o(i.RCC_GetClocksFreq) for RCC_GetClocksFreq
    main.o(i.main) refers to stm32f4_discovery.o(i.STM_EVAL_PBInit) for STM_EVAL_PBInit
    main.o(i.main) refers to headphone.o(i.WavePlayBack) for WavePlayBack
    main.o(i.main) refers to strstr.o(.text) for strstr
    main.o(i.main) refers to printf1.o(i.__0snprintf$1) for __2snprintf
    main.o(i.main) refers to gui_interface_communications.o(i.USART_puts) for USART_puts
    main.o(i.main) refers to main.o(.data) for .data
    main.o(i.main) refers to main.o(.bss) for .bss
    stm32f4xx_it.o(i.EXTI0_IRQHandler) refers to stm32f4xx_exti.o(i.EXTI_GetITStatus) for EXTI_GetITStatus
    stm32f4xx_it.o(i.EXTI0_IRQHandler) refers to stm32f4xx_exti.o(i.EXTI_ClearITPendingBit) for EXTI_ClearITPendingBit
    stm32f4xx_it.o(i.EXTI0_IRQHandler) refers to stm32f4xx_it.o(.data) for .data
    stm32f4xx_it.o(i.EXTI0_IRQHandler) refers to main.o(.data) for user_mode
    stm32f4xx_it.o(i.EXTI1_IRQHandler) refers to stm32f4xx_exti.o(i.EXTI_GetITStatus) for EXTI_GetITStatus
    stm32f4xx_it.o(i.EXTI1_IRQHandler) refers to stm32f4_discovery.o(i.STM_EVAL_LEDToggle) for STM_EVAL_LEDToggle
    stm32f4xx_it.o(i.EXTI1_IRQHandler) refers to stm32f4xx_exti.o(i.EXTI_ClearITPendingBit) for EXTI_ClearITPendingBit
    stm32f4xx_it.o(i.SysTick_Handler) refers to stm32f4_discovery.o(i.STM_EVAL_LEDToggle) for STM_EVAL_LEDToggle
    stm32f4xx_it.o(i.SysTick_Handler) refers to stm32f4_discovery.o(i.STM_EVAL_LEDOn) for STM_EVAL_LEDOn
    stm32f4xx_it.o(i.SysTick_Handler) refers to stm32f4_discovery.o(i.STM_EVAL_LEDOff) for STM_EVAL_LEDOff
    stm32f4xx_it.o(i.SysTick_Handler) refers to stm32f4xx_it.o(.data) for .data
    stm32f4xx_it.o(i.SysTick_Handler) refers to main.o(.data) for user_mode
    stm32f4xx_it.o(i.USART1_IRQHandler) refers to stm32f4xx_usart.o(i.USART_GetITStatus) for USART_GetITStatus
    stm32f4xx_it.o(i.USART1_IRQHandler) refers to stm32f4xx_usart.o(i.USART_GetFlagStatus) for USART_GetFlagStatus
    stm32f4xx_it.o(i.USART1_IRQHandler) refers to stm32f4xx_usart.o(i.USART_SendData) for USART_SendData
    stm32f4xx_it.o(i.USART1_IRQHandler) refers to stm32f4xx_usart.o(i.USART_ITConfig) for USART_ITConfig
    stm32f4xx_it.o(i.USART1_IRQHandler) refers to stm32f4xx_usart.o(i.USART_ClearITPendingBit) for USART_ClearITPendingBit
    stm32f4xx_it.o(i.USART1_IRQHandler) refers to stm32f4xx_usart.o(i.USART_ReceiveData) for USART_ReceiveData
    stm32f4xx_it.o(i.USART1_IRQHandler) refers to memcpya.o(.text) for __aeabi_memcpy
    stm32f4xx_it.o(i.USART1_IRQHandler) refers to stm32f4xx_it.o(.data) for .data
    stm32f4xx_it.o(i.USART1_IRQHandler) refers to main.o(.data) for USART1_read_index
    stm32f4xx_it.o(i.USART1_IRQHandler) refers to stm32f4xx_it.o(.bss) for .bss
    stm32f4xx_it.o(i.USART1_IRQHandler) refers to main.o(.data) for USART1_gets
    system_stm32f4xx.o(i.SystemCoreClockUpdate) refers to system_stm32f4xx.o(.data) for .data
[...]
    Removing stm32f4xx_syscfg.o(i.SYSCFG_MemoryRemapConfig), (12 bytes).
    Removing stm32f4xx_syscfg.o(i.SYSCFG_MemorySwappingBank), (12 bytes).
    Removing stm32f4xx_dac.o(.emb_text), (8 bytes).
    Removing stm32f4xx_dac.o(i.DAC_ClearFlag), (16 bytes).
    Removing stm32f4xx_dac.o(i.DAC_ClearITPendingBit), (16 bytes).
    Removing stm32f4xx_dac.o(i.DAC_DMACmd), (28 bytes).
    Removing stm32f4xx_dac.o(i.DAC_DeInit), (24 bytes).
    Removing stm32f4xx_dac.o(i.DAC_DualSoftwareTriggerCmd), (24 bytes).
    Removing stm32f4xx_dac.o(i.DAC_GetDataOutputValue), (24 bytes).
    Removing stm32f4xx_dac.o(i.DAC_GetFlagStatus), (24 bytes).
    Removing stm32f4xx_dac.o(i.DAC_GetITStatus), (40 bytes).
    Removing stm32f4xx_dac.o(i.DAC_ITConfig), (28 bytes).
    Removing stm32f4xx_dac.o(i.DAC_SetChannel2Data), (22 bytes).
    Removing stm32f4xx_dac.o(i.DAC_SetDualChannelData), (24 bytes).
    Removing stm32f4xx_dac.o(i.DAC_SoftwareTriggerCmd), (32 bytes).
    Removing stm32f4xx_dac.o(i.DAC_StructInit), (12 bytes).
    Removing stm32f4xx_dac.o(i.DAC_WaveGenerationCmd), (28 bytes).
    Removing stm32f4xx_dma.o(.emb_text), (8 bytes).
    Removing stm32f4xx_dma.o(i.DMA_ClearITPendingBit), (44 bytes).
    Removing stm32f4xx_dma.o(i.DMA_DoubleBufferModeCmd), (18 bytes).
    Removing stm32f4xx_dma.o(i.DMA_DoubleBufferModeConfig), (20 bytes).
    Removing stm32f4xx_dma.o(i.DMA_FlowControllerConfig), (18 bytes).
    Removing stm32f4xx_dma.o(i.DMA_GetCurrDataCounter), (6 bytes).
    Removing stm32f4xx_dma.o(i.DMA_GetCurrentMemoryTarget), (16 bytes).
    Removing stm32f4xx_dma.o(i.DMA_GetFIFOStatus), (8 bytes).
    Removing stm32f4xx_dma.o(i.DMA_GetITStatus), (96 bytes).
    Removing stm32f4xx_dma.o(i.DMA_MemoryTargetConfig), (10 bytes).
    Removing stm32f4xx_dma.o(i.DMA_PeriphIncOffsetSizeConfig), (18 bytes).
    Removing stm32f4xx_dma.o(i.DMA_SetCurrDataCounter), (4 bytes).
    Removing stm32f4xx_dma.o(i.DMA_StructInit), (34 bytes).
    Removing stm32f4xx_gpio.o(.emb_text), (8 bytes).
    Removing stm32f4xx_gpio.o(i.GPIO_DeInit), (300 bytes).
    Removing stm32f4xx_gpio.o(i.GPIO_PinLockConfig), (26 bytes).
    Removing stm32f4xx_gpio.o(i.GPIO_ReadInputData), (6 bytes).
    Removing stm32f4xx_gpio.o(i.GPIO_ReadInputDataBit), (14 bytes).
    Removing stm32f4xx_gpio.o(i.GPIO_ReadOutputData), (6 bytes).
    Removing stm32f4xx_gpio.o(i.GPIO_ReadOutputDataBit), (14 bytes).
    Removing stm32f4xx_gpio.o(i.GPIO_ResetBits), (4 bytes).
    Removing stm32f4xx_gpio.o(i.GPIO_SetBits), (4 bytes).
    Removing stm32f4xx_gpio.o(i.GPIO_StructInit), (18 bytes).
    Removing stm32f4xx_gpio.o(i.GPIO_ToggleBits), (8 bytes).
    Removing stm32f4xx_gpio.o(i.GPIO_Write), (4 bytes).
    Removing stm32f4xx_i2c.o(.emb_text), (8 bytes).
    Removing stm32f4xx_i2c.o(i.I2C_ARPCmd), (18 bytes).
    Removing stm32f4xx_i2c.o(i.I2C_AnalogFilterCmd), (18 bytes).
    Removing stm32f4xx_i2c.o(i.I2C_CalculatePEC), (18 bytes).
    Removing stm32f4xx_i2c.o(i.I2C_ClearITPendingBit), (6 bytes).
    Removing stm32f4xx_i2c.o(i.I2C_DMACmd), (18 bytes).
    Removing stm32f4xx_i2c.o(i.I2C_DMALastTransferCmd), (18 bytes).
    Removing stm32f4xx_i2c.o(i.I2C_DigitalFilterConfig), (16 bytes).
    Removing stm32f4xx_i2c.o(i.I2C_DualAddressCmd), (18 bytes).
    Removing stm32f4xx_i2c.o(i.I2C_FastModeDutyCycleConfig), (20 bytes).
    Removing stm32f4xx_i2c.o(i.I2C_GeneralCallCmd), (18 bytes).
    Removing stm32f4xx_i2c.o(i.I2C_GetITStatus), (34 bytes).
    Removing stm32f4xx_i2c.o(i.I2C_GetLastEvent), (14 bytes).
    Removing stm32f4xx_i2c.o(i.I2C_GetPEC), (6 bytes).
    Removing stm32f4xx_i2c.o(i.I2C_ITConfig), (16 bytes).
    Removing stm32f4xx_i2c.o(i.I2C_NACKPositionConfig), (20 bytes).
    Removing stm32f4xx_i2c.o(i.I2C_OwnAddress2Config), (16 bytes).
    Removing stm32f4xx_i2c.o(i.I2C_PECPositionConfig), (20 bytes).
    Removing stm32f4xx_i2c.o(i.I2C_ReadRegister), (12 bytes).
    Removing stm32f4xx_i2c.o(i.I2C_SMBusAlertConfig), (20 bytes).
    Removing stm32f4xx_i2c.o(i.I2C_SoftwareResetCmd), (18 bytes).
    Removing stm32f4xx_i2c.o(i.I2C_StretchClockCmd), (18 bytes).
    Removing stm32f4xx_i2c.o(i.I2C_StructInit), (28 bytes).
    Removing stm32f4xx_i2c.o(i.I2C_TransmitPEC), (18 bytes).
    Removing stm32f4xx_spi.o(.emb_text), (8 bytes).
    Removing stm32f4xx_spi.o(i.I2S_FullDuplexConfig), (64 bytes).
    Removing stm32f4xx_spi.o(i.I2S_StructInit), (18 bytes).
    Removing stm32f4xx_spi.o(i.SPI_BiDirectionalLineConfig), (20 bytes).
    Removing stm32f4xx_spi.o(i.SPI_CalculateCRC), (18 bytes).
    Removing stm32f4xx_spi.o(i.SPI_Cmd), (18 bytes).
    Removing stm32f4xx_spi.o(i.SPI_DataSizeConfig), (16 bytes).
    Removing stm32f4xx_spi.o(i.SPI_GetCRC), (10 bytes).
    Removing stm32f4xx_spi.o(i.SPI_GetCRCPolynomial), (4 bytes).
    Removing stm32f4xx_spi.o(i.SPI_I2S_ClearFlag), (6 bytes).
    Removing stm32f4xx_spi.o(i.SPI_I2S_ClearITPendingBit), (16 bytes).
    Removing stm32f4xx_spi.o(i.SPI_Init), (84 bytes).
    Removing stm32f4xx_spi.o(i.SPI_NSSInternalSoftwareConfig), (22 bytes).
    Removing stm32f4xx_spi.o(i.SPI_SSOutputCmd), (18 bytes).
    Removing stm32f4xx_spi.o(i.SPI_StructInit), (24 bytes).
    Removing stm32f4xx_spi.o(i.SPI_TIModeCmd), (18 bytes).
    Removing stm32f4xx_spi.o(i.SPI_TransmitCRC), (10 bytes).
    Removing stm32f4xx_exti.o(.emb_text), (8 bytes).
    Removing stm32f4xx_exti.o(i.EXTI_ClearFlag), (12 bytes).
    Removing stm32f4xx_exti.o(i.EXTI_DeInit), (40 bytes).
    Removing stm32f4xx_exti.o(i.EXTI_GenerateSWInterrupt), (16 bytes).
    Removing stm32f4xx_exti.o(i.EXTI_GetFlagStatus), (20 bytes).
    Removing stm32f4xx_exti.o(i.EXTI_StructInit), (14 bytes).
    Removing stm32f4xx_rng.o(.emb_text), (8 bytes).
    Removing stm32f4xx_usart.o(.emb_text), (8 bytes).
    Removing stm32f4xx_usart.o(i.USART_ClearFlag), (6 bytes).
    Removing stm32f4xx_usart.o(i.USART_ClockInit), (34 bytes).
    Removing stm32f4xx_usart.o(i.USART_ClockStructInit), (12 bytes).
    Removing stm32f4xx_usart.o(i.USART_DMACmd), (16 bytes).
    Removing stm32f4xx_usart.o(i.USART_DeInit), (228 bytes).
    Removing stm32f4xx_usart.o(i.USART_HalfDuplexCmd), (18 bytes).
    Removing stm32f4xx_usart.o(i.USART_IrDACmd), (18 bytes).
    Removing stm32f4xx_usart.o(i.USART_IrDAConfig), (16 bytes).
    Removing stm32f4xx_usart.o(i.USART_LINBreakDetectLengthConfig), (16 bytes).
    Removing stm32f4xx_usart.o(i.USART_LINCmd), (18 bytes).
    Removing stm32f4xx_usart.o(i.USART_OneBitMethodCmd), (18 bytes).
    Removing stm32f4xx_usart.o(i.USART_OverSampling8Cmd), (18 bytes).
    Removing stm32f4xx_usart.o(i.USART_ReceiverWakeUpCmd), (18 bytes).
    Removing stm32f4xx_usart.o(i.USART_SendBreak), (10 bytes).
    Removing stm32f4xx_usart.o(i.USART_SetAddress), (16 bytes).
    Removing stm32f4xx_usart.o(i.USART_SetGuardTime), (16 bytes).
    Removing stm32f4xx_usart.o(i.USART_SetPrescaler), (16 bytes).
    Removing stm32f4xx_usart.o(i.USART_SmartCardCmd), (18 bytes).
    Removing stm32f4xx_usart.o(i.USART_SmartCardNACKCmd), (18 bytes).
    Removing stm32f4xx_usart.o(i.USART_StructInit), (22 bytes).
    Removing stm32f4xx_usart.o(i.USART_WakeUpConfig), (16 bytes).
    Removing stm32f4xx_rcc.o(.emb_text), (8 bytes).
    Removing stm32f4xx_rcc.o(i.RCC_AHB1PeriphClockLPModeCmd), (24 bytes).
    Removing stm32f4xx_rcc.o(i.RCC_AHB1PeriphResetCmd), (24 bytes).
    Removing stm32f4xx_rcc.o(i.RCC_AHB2PeriphClockCmd), (24 bytes).
    Removing stm32f4xx_rcc.o(i.RCC_AHB2PeriphClockLPModeCmd), (24 bytes).
    Removing stm32f4xx_rcc.o(i.RCC_AHB2PeriphResetCmd), (24 bytes).
    Removing stm32f4xx_rcc.o(i.RCC_APB1PeriphClockLPModeCmd), (24 bytes).
    Removing stm32f4xx_rcc.o(i.RCC_APB2PeriphClockLPModeCmd), (24 bytes).
    Removing stm32f4xx_rcc.o(i.RCC_AdjustHSICalibrationValue), (20 bytes).
    Removing stm32f4xx_rcc.o(i.RCC_BackupResetCmd), (12 bytes).
    Removing stm32f4xx_rcc.o(i.RCC_ClearFlag), (16 bytes).
    Removing stm32f4xx_rcc.o(i.RCC_ClearITPendingBit), (12 bytes).
    Removing stm32f4xx_rcc.o(i.RCC_ClockSecuritySystemCmd), (12 bytes).
    Removing stm32f4xx_rcc.o(i.RCC_DeInit), (72 bytes).
    Removing stm32f4xx_rcc.o(i.RCC_GetFlagStatus), (56 bytes).
    Removing stm32f4xx_rcc.o(i.RCC_GetITStatus), (20 bytes).
    Removing stm32f4xx_rcc.o(i.RCC_GetSYSCLKSource), (16 bytes).
    Removing stm32f4xx_rcc.o(i.RCC_HCLKConfig), (20 bytes).
    Removing stm32f4xx_rcc.o(i.RCC_HSEConfig), (16 bytes).
    Removing stm32f4xx_rcc.o(i.RCC_HSICmd), (12 bytes).
    Removing stm32f4xx_rcc.o(i.RCC_ITConfig), (24 bytes).
    Removing stm32f4xx_rcc.o(i.RCC_LSEConfig), (28 bytes).
    Removing stm32f4xx_rcc.o(i.RCC_LSEModeConfig), (2 bytes).
    Removing stm32f4xx_rcc.o(i.RCC_LSICmd), (12 bytes).
    Removing stm32f4xx_rcc.o(i.RCC_LTDCCLKDivConfig), (20 bytes).
    Removing stm32f4xx_rcc.o(i.RCC_MCO1Config), (20 bytes).
    Removing stm32f4xx_rcc.o(i.RCC_MCO2Config), (20 bytes).
    Removing stm32f4xx_rcc.o(i.RCC_PCLK1Config), (20 bytes).
    Removing stm32f4xx_rcc.o(i.RCC_PCLK2Config), (20 bytes).
    Removing stm32f4xx_rcc.o(i.RCC_PLLCmd), (12 bytes).
    Removing stm32f4xx_rcc.o(i.RCC_PLLI2SCmd), (12 bytes).
    Removing stm32f4xx_rcc.o(i.RCC_PLLSAICmd), (12 bytes).
    Removing stm32f4xx_rcc.o(i.RCC_RTCCLKCmd), (12 bytes).
    Removing stm32f4xx_rcc.o(i.RCC_RTCCLKConfig), (52 bytes).
    Removing stm32f4xx_rcc.o(i.RCC_SAIPLLI2SClkDivConfig), (20 bytes).
    Removing stm32f4xx_rcc.o(i.RCC_SAIPLLSAIClkDivConfig), (28 bytes).
    Removing stm32f4xx_rcc.o(i.RCC_SYSCLKConfig), (20 bytes).
    Removing stm32f4xx_rcc.o(i.RCC_TIMCLKPresConfig), (12 bytes).
    Removing stm32f4xx_rcc.o(i.RCC_WaitForHSEStartUp), (56 bytes).
    Removing startup_stm32f4xx.o(HEAP), (512 bytes).
    Removing arm_fir_fast_q15.o(.emb_text), (8 bytes).
    Removing arm_fir_init_q15.o(.emb_text), (8 bytes).
    Removing arm_copy_q15.o(.emb_text), (8 bytes).
    Removing dfixul.o(.text), (48 bytes).
    Removing cdrcmple.o(.text), (48 bytes).

199 unused section(s) (total 6304 bytes) removed from the image.

==============================================================================

Image Symbol Table

    Local Symbols

    Symbol Name                              Value     Ov Type        Size  Object(Section)

    ../clib/../cmprslib/zerorunl2.c          0x00000000   Number         0  __dczerorl2.o ABSOLUTE
    ../clib/microlib/division.c              0x00000000   Number         0  uldiv.o ABSOLUTE
    ../clib/microlib/division.c              0x00000000   Number         0  uidiv.o ABSOLUTE
    ../clib/microlib/init/entry.s            0x00000000   Number         0  entry11b.o ABSOLUTE
    ../clib/microlib/init/entry.s            0x00000000   Number         0  entry2.o ABSOLUTE
    ../clib/microlib/init/entry.s            0x00000000   Number         0  entry8a.o ABSOLUTE
    ../clib/microlib/init/entry.s            0x00000000   Number         0  entry8b.o ABSOLUTE
    ../clib/microlib/init/entry.s            0x00000000   Number         0  entry9b.o ABSOLUTE
    ../clib/microlib/init/entry.s            0x00000000   Number         0  entry10b.o ABSOLUTE
    ../clib/microlib/init/entry.s            0x00000000   Number         0  entry11a.o ABSOLUTE
    ../clib/microlib/init/entry.s            0x00000000   Number         0  entry9a.o ABSOLUTE
    ../clib/microlib/init/entry.s            0x00000000   Number         0  entry10a.o ABSOLUTE
    ../clib/microlib/init/entry.s            0x00000000   Number         0  entry7b.o ABSOLUTE
    ../clib/microlib/init/entry.s            0x00000000   Number         0  entry7a.o ABSOLUTE
    ../clib/microlib/init/entry.s            0x00000000   Number         0  entry.o ABSOLUTE
    ../clib/microlib/init/entry.s            0x00000000   Number         0  entry5.o ABSOLUTE
    ../clib/microlib/longlong.c              0x00000000   Number         0  llsshr.o ABSOLUTE
    ../clib/microlib/longlong.c              0x00000000   Number         0  llushr.o ABSOLUTE
    ../clib/microlib/longlong.c              0x00000000   Number         0  llshl.o ABSOLUTE
    ../clib/microlib/printf/printf.c         0x00000000   Number         0  printf4.o ABSOLUTE
    ../clib/microlib/printf/printf.c         0x00000000   Number         0  printf5.o ABSOLUTE
    ../clib/microlib/printf/printf.c         0x00000000   Number         0  printf7.o ABSOLUTE
    ../clib/microlib/printf/printf.c         0x00000000   Number         0  printf8.o ABSOLUTE
    ../clib/microlib/printf/printf.c         0x00000000   Number         0  printf0.o ABSOLUTE
    ../clib/microlib/printf/printf.c         0x00000000   Number         0  printfa.o ABSOLUTE
    ../clib/microlib/printf/printf.c         0x00000000   Number         0  printfb.o ABSOLUTE
    ../clib/microlib/printf/printf.c         0x00000000   Number         0  printf1.o ABSOLUTE
    ../clib/microlib/printf/printf.c         0x00000000   Number         0  printf6.o ABSOLUTE
    ../clib/microlib/printf/printf.c         0x00000000   Number         0  printf2.o ABSOLUTE
    ../clib/microlib/printf/printf.c         0x00000000   Number         0  printf3.o ABSOLUTE
    ../clib/microlib/printf/stubs.s          0x00000000   Number         0  stubs.o ABSOLUTE
    ../clib/microlib/stdio/fputc.c           0x00000000   Number         0  fputc.o ABSOLUTE
    ../clib/microlib/stdio/semi.s            0x00000000   Number         0  semi.o ABSOLUTE
    ../clib/microlib/stdio/streams.c         0x00000000   Number         0  stdout.o ABSOLUTE
    ../clib/microlib/string/memcpy.c         0x00000000   Number         0  memcpyb.o ABSOLUTE
    ../clib/microlib/string/memcpy.c         0x00000000   Number         0  memcpya.o ABSOLUTE
    ../clib/microlib/string/memset.c         0x00000000   Number         0  memseta.o ABSOLUTE
    ../clib/microlib/string/strstr.c         0x00000000   Number         0  strstr.o ABSOLUTE
    ../clib/microlib/stubs.s                 0x00000000   Number         0  iusefp.o ABSOLUTE
    ../clib/microlib/stubs.s                 0x00000000   Number         0  iusesemip.o ABSOLUTE
    ../fplib/microlib/f2d.c                  0x00000000   Number         0  f2d.o ABSOLUTE
    ../fplib/microlib/fpadd.c                0x00000000   Number         0  dadd.o ABSOLUTE
    ../fplib/microlib/fpdiv.c                0x00000000   Number         0  ddiv.o ABSOLUTE
    ../fplib/microlib/fpepilogue.c           0x00000000   Number         0  depilogue.o ABSOLUTE
    ../fplib/microlib/fpfix.c                0x00000000   Number         0  dfixui.o ABSOLUTE
    ../fplib/microlib/fpfix.c                0x00000000   Number         0  dfixul.o ABSOLUTE
    ../fplib/microlib/fpflt.c                0x00000000   Number         0  dfltui.o ABSOLUTE
    ../fplib/microlib/fpmul.c                0x00000000   Number         0  dmul.o ABSOLUTE
    ../fplib/microlib/fpscalb.c              0x00000000   Number         0  fscalb.o ABSOLUTE
    ..\..\..\..\stm32f4_dsp_stdperiph_lib\STM32F4xx_DSP_StdPeriph_Lib_V1.6.1\Libraries\STM32F4xx_StdPeriph_Driver\src\stm32f4xx_rcc.c 0x00000000   Number         0  stm32f4xx_rcc.o ABSOLUTE
    ..\..\..\..\stm32f4_dsp_stdperiph_lib\STM32F4xx_DSP_StdPeriph_Lib_V1.6.1\Libraries\STM32F4xx_StdPeriph_Driver\src\stm32f4xx_usart.c 0x00000000   Number         0  stm32f4xx_usart.o ABSOLUTE
    ..\..\Libraries\CMSIS\ST\STM32F4xx\Source\Templates\arm\startup_stm32f4xx.s 0x00000000   Number         0  startup_stm32f4xx.o ABSOLUTE
    ..\..\Libraries\STM32F4xx_StdPeriph_Driver\src\misc.c 0x00000000   Number         0  misc.o ABSOLUTE
    ..\..\Libraries\STM32F4xx_StdPeriph_Driver\src\stm32f4xx_dac.c 0x00000000   Number         0  stm32f4xx_dac.o ABSOLUTE
    ..\..\Libraries\STM32F4xx_StdPeriph_Driver\src\stm32f4xx_dma.c 0x00000000   Number         0  stm32f4xx_dma.o ABSOLUTE
    ..\..\Libraries\STM32F4xx_StdPeriph_Driver\src\stm32f4xx_exti.c 0x00000000   Number         0  stm32f4xx_exti.o ABSOLUTE
    ..\..\Libraries\STM32F4xx_StdPeriph_Driver\src\stm32f4xx_gpio.c 0x00000000   Number         0  stm32f4xx_gpio.o ABSOLUTE
    ..\..\Libraries\STM32F4xx_StdPeriph_Driver\src\stm32f4xx_i2c.c 0x00000000   Number         0  stm32f4xx_i2c.o ABSOLUTE
    ..\..\Libraries\STM32F4xx_StdPeriph_Driver\src\stm32f4xx_rng.c 0x00000000   Number         0  stm32f4xx_rng.o ABSOLUTE
    ..\..\Libraries\STM32F4xx_StdPeriph_Driver\src\stm32f4xx_spi.c 0x00000000   Number         0  stm32f4xx_spi.o ABSOLUTE
    ..\..\Libraries\STM32F4xx_StdPeriph_Driver\src\stm32f4xx_syscfg.c 0x00000000   Number         0  stm32f4xx_syscfg.o ABSOLUTE
    ..\..\Utilities\STM32F4-Discovery\stm32f4_discovery.c 0x00000000   Number         0  stm32f4_discovery.o ABSOLUTE
    ..\..\Utilities\STM32F4-Discovery\stm32f4_discovery_audio_codec.c 0x00000000   Number         0  stm32f4_discovery_audio_codec.o ABSOLUTE
    ..\FilteringFunctions\arm_fir_fast_q15.c 0x00000000   Number         0  arm_fir_fast_q15.o ABSOLUTE
    ..\FilteringFunctions\arm_fir_init_q15.c 0x00000000   Number         0  arm_fir_init_q15.o ABSOLUTE
    ..\SupportFunctions\arm_copy_q15.c       0x00000000   Number         0  arm_copy_q15.o ABSOLUTE
    ..\\..\\..\\..\\stm32f4_dsp_stdperiph_lib\\STM32F4xx_DSP_StdPeriph_Lib_V1.6.1\\Libraries\\STM32F4xx_StdPeriph_Driver\\src\\stm32f4xx_rcc.c 0x00000000   Number         0  stm32f4xx_rcc.o ABSOLUTE
    ..\\..\\..\\..\\stm32f4_dsp_stdperiph_lib\\STM32F4xx_DSP_StdPeriph_Lib_V1.6.1\\Libraries\\STM32F4xx_StdPeriph_Driver\\src\\stm32f4xx_usart.c 0x00000000   Number         0  stm32f4xx_usart.o ABSOLUTE
    ..\\..\\Libraries\\STM32F4xx_StdPeriph_Driver\\src\\misc.c 0x00000000   Number         0  misc.o ABSOLUTE
    ..\\..\\Libraries\\STM32F4xx_StdPeriph_Driver\\src\\stm32f4xx_dac.c 0x00000000   Number         0  stm32f4xx_dac.o ABSOLUTE
    ..\\..\\Libraries\\STM32F4xx_StdPeriph_Driver\\src\\stm32f4xx_dma.c 0x00000000   Number         0  stm32f4xx_dma.o ABSOLUTE
    ..\\..\\Libraries\\STM32F4xx_StdPeriph_Driver\\src\\stm32f4xx_exti.c 0x00000000   Number         0  stm32f4xx_exti.o ABSOLUTE
    ..\\..\\Libraries\\STM32F4xx_StdPeriph_Driver\\src\\stm32f4xx_gpio.c 0x00000000   Number         0  stm32f4xx_gpio.o ABSOLUTE
    ..\\..\\Libraries\\STM32F4xx_StdPeriph_Driver\\src\\stm32f4xx_i2c.c 0x00000000   Number         0  stm32f4xx_i2c.o ABSOLUTE
    ..\\..\\Libraries\\STM32F4xx_StdPeriph_Driver\\src\\stm32f4xx_rng.c 0x00000000   Number         0  stm32f4xx_rng.o ABSOLUTE
    ..\\..\\Libraries\\STM32F4xx_StdPeriph_Driver\\src\\stm32f4xx_spi.c 0x00000000   Number         0  stm32f4xx_spi.o ABSOLUTE
    ..\\..\\Libraries\\STM32F4xx_StdPeriph_Driver\\src\\stm32f4xx_syscfg.c 0x00000000   Number         0  stm32f4xx_syscfg.o ABSOLUTE
    ..\\..\\Utilities\\STM32F4-Discovery\\stm32f4_discovery.c 0x00000000   Number         0  stm32f4_discovery.o ABSOLUTE
    ..\\..\\Utilities\\STM32F4-Discovery\\stm32f4_discovery_audio_codec.c 0x00000000   Number         0  stm32f4_discovery_audio_codec.o ABSOLUTE
    ..\\FilteringFunctions\\arm_fir_fast_q15.c 0x00000000   Number         0  arm_fir_fast_q15.o ABSOLUTE
    ..\\FilteringFunctions\\arm_fir_init_q15.c 0x00000000   Number         0  arm_fir_init_q15.o ABSOLUTE
    ..\\SupportFunctions\\arm_copy_q15.c     0x00000000   Number         0  arm_copy_q15.o ABSOLUTE
    ..\\src\\dsp.c                           0x00000000   Number         0  dsp.o ABSOLUTE
    ..\\src\\gui_interface_communications.c  0x00000000   Number         0  gui_interface_communications.o ABSOLUTE
    ..\\src\\headphone.c                     0x00000000   Number         0  headphone.o ABSOLUTE
    ..\\src\\main.c                          0x00000000   Number         0  main.o ABSOLUTE
    ..\\src\\microphone.c                    0x00000000   Number         0  microphone.o ABSOLUTE
    ..\\src\\stm32f4xx_it.c                  0x00000000   Number         0  stm32f4xx_it.o ABSOLUTE
    ..\\src\\system_stm32f4xx.c              0x00000000   Number         0  system_stm32f4xx.o ABSOLUTE
    ..\src\dsp.c                             0x00000000   Number         0  dsp.o ABSOLUTE
    ..\src\gui_interface_communications.c    0x00000000   Number         0  gui_interface_communications.o ABSOLUTE
    ..\src\headphone.c                       0x00000000   Number         0  headphone.o ABSOLUTE
    ..\src\main.c                            0x00000000   Number         0  main.o ABSOLUTE
    ..\src\microphone.c                      0x00000000   Number         0  microphone.o ABSOLUTE
    ..\src\pdm_filter.c                      0x00000000   Number         0  pdm_filter.o ABSOLUTE
    ..\src\stm32f4xx_it.c                    0x00000000   Number         0  stm32f4xx_it.o ABSOLUTE
    ..\src\system_stm32f4xx.c                0x00000000   Number         0  system_stm32f4xx.o ABSOLUTE
    cdrcmple.s                               0x00000000   Number         0  cdrcmple.o ABSOLUTE
    dc.s                                     0x00000000   Number         0  dc.o ABSOLUTE
    handlers.s                               0x00000000   Number         0  handlers.o ABSOLUTE
    init.s                                   0x00000000   Number         0  init.o ABSOLUTE
    RESET                                    0x08000000   Section      392  startup_stm32f4xx.o(RESET)
    .ARM.Collect$$$$00000000                 0x08000188   Section        0  entry.o(.ARM.Collect$$$$00000000)
    .ARM.Collect$$$$00000001                 0x08000188   Section        4  entry2.o(.ARM.Collect$$$$00000001)
    .ARM.Collect$$$$00000004                 0x0800018c   Section        4  entry5.o(.ARM.Collect$$$$00000004)
    .ARM.Collect$$$$00000008                 0x08000190   Section        0  entry7b.o(.ARM.Collect$$$$00000008)
    .ARM.Collect$$$$0000000A                 0x08000190   Section        0  entry8b.o(.ARM.Collect$$$$0000000A)
    .ARM.Collect$$$$0000000B                 0x08000190   Section        8  entry9a.o(.ARM.Collect$$$$0000000B)
    .ARM.Collect$$$$0000000D                 0x08000198   Section        0  entry10a.o(.ARM.Collect$$$$0000000D)
    .ARM.Collect$$$$0000000F                 0x08000198   Section        0  entry11a.o(.ARM.Collect$$$$0000000F)
    .ARM.Collect$$$$00002712                 0x08000198   Section        4  entry2.o(.ARM.Collect$$$$00002712)
    __lit__00000000                          0x08000198   Data           4  entry2.o(.ARM.Collect$$$$00002712)
    .text                                    0x0800019c   Section       36  startup_stm32f4xx.o(.text)
    $v0                                      0x0800019c   Number         0  startup_stm32f4xx.o(.text)
    .text                                    0x080001c0   Section        0  pdm_filter.o(.text)
    .text                                    0x08000dbc   Section        0  arm_fir_fast_q15.o(.text)
    .text                                    0x08000f9a   Section        0  arm_fir_init_q15.o(.text)
    .text                                    0x08000fc8   Section        0  arm_copy_q15.o(.text)
    .text                                    0x08001046   Section        0  memcpya.o(.text)
    .text                                    0x0800106a   Section        0  memseta.o(.text)
    .text                                    0x0800108e   Section        0  strstr.o(.text)
    .text                                    0x080010b2   Section        0  fscalb.o(.text)
    .text                                    0x080010ca   Section        0  dadd.o(.text)
    .text                                    0x08001218   Section        0  dmul.o(.text)
    .text                                    0x080012fc   Section        0  ddiv.o(.text)
    .text                                    0x080013da   Section        0  dfltui.o(.text)
    .text                                    0x080013f4   Section        0  dfixui.o(.text)
    .text                                    0x08001426   Section        0  f2d.o(.text)
    .text                                    0x0800144c   Section        0  uidiv.o(.text)
    .text                                    0x08001478   Section        0  llshl.o(.text)
    .text                                    0x08001496   Section        0  llushr.o(.text)
    .text                                    0x080014b6   Section        0  llsshr.o(.text)
    .text                                    0x080014da   Section        0  iusefp.o(.text)
    .text                                    0x080014da   Section        0  depilogue.o(.text)
    .text                                    0x08001594   Section       36  init.o(.text)
    .text                                    0x080015b8   Section        0  __dczerorl2.o(.text)
    i.Audio_MAL_IRQHandler                   0x08001610   Section        0  stm32f4_discovery_audio_codec.o(i.Audio_MAL_IRQHandler)
    Audio_MAL_IRQHandler                     0x08001611   Thumb Code   156  stm32f4_discovery_audio_codec.o(i.Audio_MAL_IRQHandler)
    i.Audio_MAL_Play                         0x080016b4   Section        0  stm32f4_discovery_audio_codec.o(i.Audio_MAL_Play)
    i.BusFault_Handler                       0x0800171c   Section        0  stm32f4xx_it.o(i.BusFault_Handler)
    i.Codec_WriteRegister                    0x08001720   Section        0  stm32f4_discovery_audio_codec.o(i.Codec_WriteRegister)
    Codec_WriteRegister                      0x08001721   Thumb Code   632  stm32f4_discovery_audio_codec.o(i.Codec_WriteRegister)
    i.DAC_Cmd                                0x080019c0   Section        0  stm32f4xx_dac.o(i.DAC_Cmd)
    i.DAC_Init                               0x080019dc   Section        0  stm32f4xx_dac.o(i.DAC_Init)
    i.DAC_SetChannel1Data                    0x08001a10   Section        0  stm32f4xx_dac.o(i.DAC_SetChannel1Data)
    i.DMA1_Stream0_IRQHandler                0x08001a26   Section        0  stm32f4_discovery_audio_codec.o(i.DMA1_Stream0_IRQHandler)
    i.DMA1_Stream7_IRQHandler                0x08001a2a   Section        0  stm32f4_discovery_audio_codec.o(i.DMA1_Stream7_IRQHandler)
    i.DMA_ClearFlag                          0x08001a30   Section        0  stm32f4xx_dma.o(i.DMA_ClearFlag)
    i.DMA_Cmd                                0x08001a5c   Section        0  stm32f4xx_dma.o(i.DMA_Cmd)
    i.DMA_DeInit                             0x08001a70   Section        0  stm32f4xx_dma.o(i.DMA_DeInit)
    i.DMA_GetCmdStatus                       0x08001bf4   Section        0  stm32f4xx_dma.o(i.DMA_GetCmdStatus)
    i.DMA_GetFlagStatus                      0x08001c04   Section        0  stm32f4xx_dma.o(i.DMA_GetFlagStatus)
    i.DMA_ITConfig                           0x08001c38   Section        0  stm32f4xx_dma.o(i.DMA_ITConfig)
    i.DMA_Init                               0x08001c78   Section        0  stm32f4xx_dma.o(i.DMA_Init)
    i.DebugMon_Handler                       0x08001cf0   Section        0  stm32f4xx_it.o(i.DebugMon_Handler)
    i.EVAL_AUDIO_GetSampleCallBack           0x08001cf2   Section        0  headphone.o(i.EVAL_AUDIO_GetSampleCallBack)
    i.EVAL_AUDIO_Init                        0x08001cf8   Section        0  stm32f4_discovery_audio_codec.o(i.EVAL_AUDIO_Init)
    i.EVAL_AUDIO_SetAudioInterface           0x080020e4   Section        0  stm32f4_discovery_audio_codec.o(i.EVAL_AUDIO_SetAudioInterface)
    i.EVAL_AUDIO_TransferComplete_CallBack   0x0800217c   Section        0  headphone.o(i.EVAL_AUDIO_TransferComplete_CallBack)
    i.EXTI0_IRQHandler                       0x080021ac   Section        0  stm32f4xx_it.o(i.EXTI0_IRQHandler)
    i.EXTI1_IRQHandler                       0x080021f8   Section        0  stm32f4xx_it.o(i.EXTI1_IRQHandler)
    i.EXTI_ClearITPendingBit                 0x08002218   Section        0  stm32f4xx_exti.o(i.EXTI_ClearITPendingBit)
    i.EXTI_GetITStatus                       0x08002224   Section        0  stm32f4xx_exti.o(i.EXTI_GetITStatus)
    i.EXTI_Init                              0x08002238   Section        0  stm32f4xx_exti.o(i.EXTI_Init)
    i.GPIO_Init                              0x080022c8   Section        0  stm32f4xx_gpio.o(i.GPIO_Init)
    i.GPIO_PinAFConfig                       0x08002358   Section        0  stm32f4xx_gpio.o(i.GPIO_PinAFConfig)
    i.GPIO_WriteBit                          0x0800237a   Section        0  stm32f4xx_gpio.o(i.GPIO_WriteBit)
    i.HardFault_Handler                      0x08002384   Section        0  stm32f4xx_it.o(i.HardFault_Handler)
    i.I2C_AcknowledgeConfig                  0x08002386   Section        0  stm32f4xx_i2c.o(i.I2C_AcknowledgeConfig)
    i.I2C_CheckEvent                         0x08002398   Section        0  stm32f4xx_i2c.o(i.I2C_CheckEvent)
    i.I2C_ClearFlag                          0x080023b2   Section        0  stm32f4xx_i2c.o(i.I2C_ClearFlag)
    i.I2C_Cmd                                0x080023b8   Section        0  stm32f4xx_i2c.o(i.I2C_Cmd)
    i.I2C_DeInit                             0x080023ca   Section        0  stm32f4xx_i2c.o(i.I2C_DeInit)
    i.I2C_GenerateSTART                      0x08002426   Section        0  stm32f4xx_i2c.o(i.I2C_GenerateSTART)
    i.I2C_GenerateSTOP                       0x08002438   Section        0  stm32f4xx_i2c.o(i.I2C_GenerateSTOP)
    i.I2C_GetFlagStatus                      0x0800244a   Section        0  stm32f4xx_i2c.o(i.I2C_GetFlagStatus)
    i.I2C_Init                               0x08002474   Section        0  stm32f4xx_i2c.o(i.I2C_Init)
    i.I2C_ReceiveData                        0x08002538   Section        0  stm32f4xx_i2c.o(i.I2C_ReceiveData)
    i.I2C_Send7bitAddress                    0x0800253e   Section        0  stm32f4xx_i2c.o(i.I2C_Send7bitAddress)
    i.I2C_SendData                           0x0800254e   Section        0  stm32f4xx_i2c.o(i.I2C_SendData)
    i.I2S_Cmd                                0x08002552   Section        0  stm32f4xx_spi.o(i.I2S_Cmd)
    i.I2S_Init                               0x08002564   Section        0  stm32f4xx_spi.o(i.I2S_Init)
    i.MemManage_Handler                      0x08002668   Section        0  stm32f4xx_it.o(i.MemManage_Handler)
    i.NMI_Handler                            0x0800266a   Section        0  stm32f4xx_it.o(i.NMI_Handler)
    i.NVIC_Init                              0x0800266c   Section        0  misc.o(i.NVIC_Init)
    i.NVIC_PriorityGroupConfig               0x080026dc   Section        0  misc.o(i.NVIC_PriorityGroupConfig)
    i.PendSV_Handler                         0x080026f0   Section        0  stm32f4xx_it.o(i.PendSV_Handler)
    i.RCC_AHB1PeriphClockCmd                 0x080026f4   Section        0  stm32f4xx_rcc.o(i.RCC_AHB1PeriphClockCmd)
    i.RCC_APB1PeriphClockCmd                 0x0800270c   Section        0  stm32f4xx_rcc.o(i.RCC_APB1PeriphClockCmd)
    i.RCC_APB1PeriphResetCmd                 0x08002724   Section        0  stm32f4xx_rcc.o(i.RCC_APB1PeriphResetCmd)
    i.RCC_APB2PeriphClockCmd                 0x0800273c   Section        0  stm32f4xx_rcc.o(i.RCC_APB2PeriphClockCmd)
    i.RCC_APB2PeriphResetCmd                 0x08002754   Section        0  stm32f4xx_rcc.o(i.RCC_APB2PeriphResetCmd)
    i.RCC_GetClocksFreq                      0x0800276c   Section        0  stm32f4xx_rcc.o(i.RCC_GetClocksFreq)
    i.SPI2_IRQHandler                        0x08002814   Section        0  microphone.o(i.SPI2_IRQHandler)
    i.SPI3_IRQHandler                        0x08002870   Section        0  stm32f4_discovery_audio_codec.o(i.SPI3_IRQHandler)
    i.SPI_I2S_DMACmd                         0x080028b0   Section        0  stm32f4xx_spi.o(i.SPI_I2S_DMACmd)
    i.SPI_I2S_DeInit                         0x080028c0   Section        0  stm32f4xx_spi.o(i.SPI_I2S_DeInit)
    i.SPI_I2S_GetFlagStatus                  0x08002970   Section        0  stm32f4xx_spi.o(i.SPI_I2S_GetFlagStatus)
    i.SPI_I2S_GetITStatus                    0x0800297e   Section        0  stm32f4xx_spi.o(i.SPI_I2S_GetITStatus)
    i.SPI_I2S_ITConfig                       0x080029ac   Section        0  stm32f4xx_spi.o(i.SPI_I2S_ITConfig)
    i.SPI_I2S_ReceiveData                    0x080029c6   Section        0  stm32f4xx_spi.o(i.SPI_I2S_ReceiveData)
    i.SPI_I2S_SendData                       0x080029ca   Section        0  stm32f4xx_spi.o(i.SPI_I2S_SendData)
    i.STM_EVAL_LEDInit                       0x080029d0   Section        0  stm32f4_discovery.o(i.STM_EVAL_LEDInit)
    i.STM_EVAL_LEDOff                        0x08002a1c   Section        0  stm32f4_discovery.o(i.STM_EVAL_LEDOff)
    i.STM_EVAL_LEDOn                         0x08002a34   Section        0  stm32f4_discovery.o(i.STM_EVAL_LEDOn)
    i.STM_EVAL_LEDToggle                     0x08002a4c   Section        0  stm32f4_discovery.o(i.STM_EVAL_LEDToggle)
    i.STM_EVAL_PBInit                        0x08002a68   Section        0  stm32f4_discovery.o(i.STM_EVAL_PBInit)
    i.SVC_Handler                            0x08002b0c   Section        0  stm32f4xx_it.o(i.SVC_Handler)
    i.SYSCFG_EXTILineConfig                  0x08002b0e   Section        0  stm32f4xx_syscfg.o(i.SYSCFG_EXTILineConfig)
    i.SysTick_Handler                        0x08002b3c   Section        0  stm32f4xx_it.o(i.SysTick_Handler)
    i.SystemInit                             0x08002c1c   Section        0  system_stm32f4xx.o(i.SystemInit)
    i.USART1_IRQHandler                      0x08002d48   Section        0  stm32f4xx_it.o(i.USART1_IRQHandler)
    i.USART_ClearITPendingBit                0x08002e14   Section        0  stm32f4xx_usart.o(i.USART_ClearITPendingBit)
    i.USART_Cmd                              0x08002e22   Section        0  stm32f4xx_usart.o(i.USART_Cmd)
    i.USART_GetFlagStatus                    0x08002e34   Section        0  stm32f4xx_usart.o(i.USART_GetFlagStatus)
    i.USART_GetITStatus                      0x08002e42   Section        0  stm32f4xx_usart.o(i.USART_GetITStatus)
    i.USART_ITConfig                         0x08002e8e   Section        0  stm32f4xx_usart.o(i.USART_ITConfig)
    i.USART_Init                             0x08002ec0   Section        0  stm32f4xx_usart.o(i.USART_Init)
    i.USART_ReceiveData                      0x08002f78   Section        0  stm32f4xx_usart.o(i.USART_ReceiveData)
    i.USART_SendData                         0x08002f80   Section        0  stm32f4xx_usart.o(i.USART_SendData)
    i.USART_puts                             0x08002f88   Section        0  gui_interface_communications.o(i.USART_puts)
    i.UsageFault_Handler                     0x08002fb4   Section        0  stm32f4xx_it.o(i.UsageFault_Handler)
    i.WavePlayBack                           0x08002fb8   Section        0  headphone.o(i.WavePlayBack)
    i.WaveRecorderBeginSampling              0x080030d8   Section        0  microphone.o(i.WaveRecorderBeginSampling)
    i.WaveRecorderCallback                   0x0800311c   Section        0  headphone.o(i.WaveRecorderCallback)
    i.WaveRecorderInit                       0x0800319c   Section        0  microphone.o(i.WaveRecorderInit)
    i.__0snprintf$1                          0x080032d0   Section        0  printf1.o(i.__0snprintf$1)
    i.__scatterload_copy                     0x080032f8   Section       14  handlers.o(i.__scatterload_copy)
    i.__scatterload_null                     0x08003306   Section        2  handlers.o(i.__scatterload_null)
    i.__scatterload_zeroinit                 0x08003308   Section       14  handlers.o(i.__scatterload_zeroinit)
    i._printf_core                           0x08003318   Section        0  printf1.o(i._printf_core)
    _printf_core                             0x08003319   Thumb Code   336  printf1.o(i._printf_core)
    i._snputc                                0x0800346c   Section        0  printf1.o(i._snputc)
    _snputc                                  0x0800346d   Thumb Code    22  printf1.o(i._snputc)
    i.dsp                                    0x08003484   Section        0  dsp.o(i.dsp)
    i.main                                   0x08003518   Section        0  main.o(i.main)
    .constdata                               0x08003714   Section       36  stm32f4_discovery.o(.constdata)
    .data                                    0x20000000   Section       20  main.o(.data)
    .data                                    0x20000014   Section        4  main.o(.data)
    .data                                    0x20000018   Section        4  main.o(.data)
    .data                                    0x2000001c   Section       12  stm32f4xx_it.o(.data)
    RxByte                                   0x2000001e   Data           2  stm32f4xx_it.o(.data)
    last_button_time                         0x20000020   Data           4  stm32f4xx_it.o(.data)
    .data                                    0x20000028   Section       12  headphone.o(.data)
    volume                                   0x20000028   Data           1  headphone.o(.data)
    next_buff                                0x20000029   Data           1  headphone.o(.data)
    mic_head                                 0x2000002a   Data           2  headphone.o(.data)
    mic_tail                                 0x2000002c   Data           2  headphone.o(.data)
    clip_timer                               0x20000030   Data           4  headphone.o(.data)
    .data                                    0x20000034   Section       24  microphone.o(.data)
    AudioRecInited                           0x20000034   Data           4  microphone.o(.data)
    InternalBufferSize                       0x20000044   Data           4  microphone.o(.data)
    .data                                    0x2000004c   Section      120  dsp.o(.data)
    .data                                    0x200000c4   Section       20  stm32f4_discovery.o(.data)
    .data                                    0x200000d8   Section       64  stm32f4_discovery_audio_codec.o(.data)
    .data                                    0x20000118   Section       16  stm32f4xx_rcc.o(.data)
    APBAHBPrescTable                         0x20000118   Data          16  stm32f4xx_rcc.o(.data)
    .data                                    0x20000128   Section      772  pdm_filter.o(.data)
    .bss                                     0x2000042c   Section       32  main.o(.bss)
    .bss                                     0x2000044c   Section       10  stm32f4xx_it.o(.bss)
    rx_buffer                                0x2000044c   Data          10  stm32f4xx_it.o(.bss)
    .bss                                     0x20000456   Section     7168  headphone.o(.bss)
    buff0                                    0x20000456   Data        2048  headphone.o(.bss)
    buff1                                    0x20000c56   Data        2048  headphone.o(.bss)
    micbuff                                  0x20001456   Data        3072  headphone.o(.bss)
    .bss                                     0x20002058   Section      212  microphone.o(.bss)
    InternalBuffer                           0x200020ac   Data         128  microphone.o(.bss)
    .bss                                     0x2000212c   Section     2172  dsp.o(.bss)
    .bss                                     0x200029a8   Section       60  stm32f4_discovery_audio_codec.o(.bss)
    STACK                                    0x200029e8   Section     1024  startup_stm32f4xx.o(STACK)

    Global Symbols

    Symbol Name                              Value     Ov Type        Size  Object(Section)

    BuildAttributes$$THM_ISAv4$E$P$D$K$B$S$7EM$VFPi3$EXTD16$VFPS$VFMA$PE$A:L22UL41UL21$X:L11$S22US41US21$IEEE1$IW$USESV6$~STKCKD$USESV7$~SHL$OTIME$ROPI$EBA8$MICROLIB$REQ8$PRES8$EABIv2 0x00000000   Number         0  anon$$obj.o ABSOLUTE
    __ARM_use_no_argv                        0x00000000   Number         0  main.o ABSOLUTE
    _printf_a                                0x00000000   Number         0  stubs.o ABSOLUTE
    _printf_c                                0x00000000   Number         0  stubs.o ABSOLUTE
    _printf_charcount                        0x00000000   Number         0  stubs.o ABSOLUTE
    _printf_d                                0x00000000   Number         0  stubs.o ABSOLUTE
    _printf_e                                0x00000000   Number         0  stubs.o ABSOLUTE
    _printf_f                                0x00000000   Number         0  stubs.o ABSOLUTE
    _printf_flags                            0x00000000   Number         0  stubs.o ABSOLUTE
    _printf_fp_dec                           0x00000000   Number         0  stubs.o ABSOLUTE
    _printf_fp_hex                           0x00000000   Number         0  stubs.o ABSOLUTE
    _printf_g                                0x00000000   Number         0  stubs.o ABSOLUTE
    _printf_i                                0x00000000   Number         0  stubs.o ABSOLUTE
    _printf_int_dec                          0x00000000   Number         0  stubs.o ABSOLUTE
    _printf_l                                0x00000000   Number         0  stubs.o ABSOLUTE
    _printf_lc                               0x00000000   Number         0  stubs.o ABSOLUTE
    _printf_ll                               0x00000000   Number         0  stubs.o ABSOLUTE
    _printf_lld                              0x00000000   Number         0  stubs.o ABSOLUTE
    _printf_lli                              0x00000000   Number         0  stubs.o ABSOLUTE
    _printf_llo                              0x00000000   Number         0  stubs.o ABSOLUTE
    _printf_llu                              0x00000000   Number         0  stubs.o ABSOLUTE
    _printf_llx                              0x00000000   Number         0  stubs.o ABSOLUTE
    _printf_longlong_dec                     0x00000000   Number         0  stubs.o ABSOLUTE
    _printf_longlong_hex                     0x00000000   Number         0  stubs.o ABSOLUTE
    _printf_longlong_oct                     0x00000000   Number         0  stubs.o ABSOLUTE
    _printf_ls                               0x00000000   Number         0  stubs.o ABSOLUTE
    _printf_mbtowc                           0x00000000   Number         0  stubs.o ABSOLUTE
    _printf_n                                0x00000000   Number         0  stubs.o ABSOLUTE
    _printf_o                                0x00000000   Number         0  stubs.o ABSOLUTE
    _printf_p                                0x00000000   Number         0  stubs.o ABSOLUTE
    _printf_percent                          0x00000000   Number         0  stubs.o ABSOLUTE
    _printf_pre_padding                      0x00000000   Number         0  stubs.o ABSOLUTE
    _printf_return_value                     0x00000000   Number         0  stubs.o ABSOLUTE
    _printf_s                                0x00000000   Number         0  stubs.o ABSOLUTE
    _printf_sizespec                         0x00000000   Number         0  stubs.o ABSOLUTE
    _printf_str                              0x00000000   Number         0  stubs.o ABSOLUTE
    _printf_truncate_signed                  0x00000000   Number         0  stubs.o ABSOLUTE
    _printf_truncate_unsigned                0x00000000   Number         0  stubs.o ABSOLUTE
    _printf_u                                0x00000000   Number         0  stubs.o ABSOLUTE
    _printf_wc                               0x00000000   Number         0  stubs.o ABSOLUTE
    _printf_wctomb                           0x00000000   Number         0  stubs.o ABSOLUTE
    _printf_widthprec                        0x00000000   Number         0  stubs.o ABSOLUTE
    _printf_x                                0x00000000   Number         0  stubs.o ABSOLUTE
    __cpp_initialize__aeabi_                  - Undefined Weak Reference
    __cxa_finalize                            - Undefined Weak Reference
    _clock_init                               - Undefined Weak Reference
    _microlib_exit                            - Undefined Weak Reference
    __Vectors_Size                           0x00000188   Number         0  startup_stm32f4xx.o ABSOLUTE
    __Vectors                                0x08000000   Data           4  startup_stm32f4xx.o(RESET)
    __Vectors_End                            0x08000188   Data           0  startup_stm32f4xx.o(RESET)
    __main                                   0x08000189   Thumb Code     0  entry.o(.ARM.Collect$$$$00000000)
    _main_stk                                0x08000189   Thumb Code     0  entry2.o(.ARM.Collect$$$$00000001)
    _main_scatterload                        0x0800018d   Thumb Code     0  entry5.o(.ARM.Collect$$$$00000004)
    __main_after_scatterload                 0x08000191   Thumb Code     0  entry5.o(.ARM.Collect$$$$00000004)
    _main_clock                              0x08000191   Thumb Code     0  entry7b.o(.ARM.Collect$$$$00000008)
    _main_cpp_init                           0x08000191   Thumb Code     0  entry8b.o(.ARM.Collect$$$$0000000A)
    _main_init                               0x08000191   Thumb Code     0  entry9a.o(.ARM.Collect$$$$0000000B)
    __rt_final_cpp                           0x08000199   Thumb Code     0  entry10a.o(.ARM.Collect$$$$0000000D)
    __rt_final_exit                          0x08000199   Thumb Code     0  entry11a.o(.ARM.Collect$$$$0000000F)
    Reset_Handler                            0x0800019d   Thumb Code     8  startup_stm32f4xx.o(.text)
    ADC_IRQHandler                           0x080001b7   Thumb Code     0  startup_stm32f4xx.o(.text)
    CAN1_RX0_IRQHandler                      0x080001b7   Thumb Code     0  startup_stm32f4xx.o(.text)
    CAN1_RX1_IRQHandler                      0x080001b7   Thumb Code     0  startup_stm32f4xx.o(.text)
    CAN1_SCE_IRQHandler                      0x080001b7   Thumb Code     0  startup_stm32f4xx.o(.text)
    CAN1_TX_IRQHandler                       0x080001b7   Thumb Code     0  startup_stm32f4xx.o(.text)
    CAN2_RX0_IRQHandler                      0x080001b7   Thumb Code     0  startup_stm32f4xx.o(.text)
    CAN2_RX1_IRQHandler                      0x080001b7   Thumb Code     0  startup_stm32f4xx.o(.text)
    CAN2_SCE_IRQHandler                      0x080001b7   Thumb Code     0  startup_stm32f4xx.o(.text)
    CAN2_TX_IRQHandler                       0x080001b7   Thumb Code     0  startup_stm32f4xx.o(.text)
    CRYP_IRQHandler                          0x080001b7   Thumb Code     0  startup_stm32f4xx.o(.text)
    DCMI_IRQHandler                          0x080001b7   Thumb Code     0  startup_stm32f4xx.o(.text)
    DMA1_Stream1_IRQHandler                  0x080001b7   Thumb Code     0  startup_stm32f4xx.o(.text)
    DMA1_Stream2_IRQHandler                  0x080001b7   Thumb Code     0  startup_stm32f4xx.o(.text)
    DMA1_Stream3_IRQHandler                  0x080001b7   Thumb Code     0  startup_stm32f4xx.o(.text)
    DMA1_Stream4_IRQHandler                  0x080001b7   Thumb Code     0  startup_stm32f4xx.o(.text)
    DMA1_Stream5_IRQHandler                  0x080001b7   Thumb Code     0  startup_stm32f4xx.o(.text)
    DMA1_Stream6_IRQHandler                  0x080001b7   Thumb Code     0  startup_stm32f4xx.o(.text)
    DMA2_Stream0_IRQHandler                  0x080001b7   Thumb Code     0  startup_stm32f4xx.o(.text)
    DMA2_Stream1_IRQHandler                  0x080001b7   Thumb Code     0  startup_stm32f4xx.o(.text)
    DMA2_Stream2_IRQHandler                  0x080001b7   Thumb Code     0  startup_stm32f4xx.o(.text)
    DMA2_Stream3_IRQHandler                  0x080001b7   Thumb Code     0  startup_stm32f4xx.o(.text)
    DMA2_Stream4_IRQHandler                  0x080001b7   Thumb Code     0  startup_stm32f4xx.o(.text)
    DMA2_Stream5_IRQHandler                  0x080001b7   Thumb Code     0  startup_stm32f4xx.o(.text)
    DMA2_Stream6_IRQHandler                  0x080001b7   Thumb Code     0  startup_stm32f4xx.o(.text)
    DMA2_Stream7_IRQHandler                  0x080001b7   Thumb Code     0  startup_stm32f4xx.o(.text)
    ETH_IRQHandler                           0x080001b7   Thumb Code     0  startup_stm32f4xx.o(.text)
    ETH_WKUP_IRQHandler                      0x080001b7   Thumb Code     0  startup_stm32f4xx.o(.text)
    EXTI15_10_IRQHandler                     0x080001b7   Thumb Code     0  startup_stm32f4xx.o(.text)
    EXTI2_IRQHandler                         0x080001b7   Thumb Code     0  startup_stm32f4xx.o(.text)
    EXTI3_IRQHandler                         0x080001b7   Thumb Code     0  startup_stm32f4xx.o(.text)
    EXTI4_IRQHandler                         0x080001b7   Thumb Code     0  startup_stm32f4xx.o(.text)
    EXTI9_5_IRQHandler                       0x080001b7   Thumb Code     0  startup_stm32f4xx.o(.text)
    FLASH_IRQHandler                         0x080001b7   Thumb Code     0  startup_stm32f4xx.o(.text)
    FPU_IRQHandler                           0x080001b7   Thumb Code     0  startup_stm32f4xx.o(.text)
    FSMC_IRQHandler                          0x080001b7   Thumb Code     0  startup_stm32f4xx.o(.text)
    HASH_RNG_IRQHandler                      0x080001b7   Thumb Code     0  startup_stm32f4xx.o(.text)
    I2C1_ER_IRQHandler                       0x080001b7   Thumb Code     0  startup_stm32f4xx.o(.text)
    I2C1_EV_IRQHandler                       0x080001b7   Thumb Code     0  startup_stm32f4xx.o(.text)
    I2C2_ER_IRQHandler                       0x080001b7   Thumb Code     0  startup_stm32f4xx.o(.text)
    I2C2_EV_IRQHandler                       0x080001b7   Thumb Code     0  startup_stm32f4xx.o(.text)
    I2C3_ER_IRQHandler                       0x080001b7   Thumb Code     0  startup_stm32f4xx.o(.text)
    I2C3_EV_IRQHandler                       0x080001b7   Thumb Code     0  startup_stm32f4xx.o(.text)
    OTG_FS_IRQHandler                        0x080001b7   Thumb Code     0  startup_stm32f4xx.o(.text)
    OTG_FS_WKUP_IRQHandler                   0x080001b7   Thumb Code     0  startup_stm32f4xx.o(.text)
    OTG_HS_EP1_IN_IRQHandler                 0x080001b7   Thumb Code     0  startup_stm32f4xx.o(.text)
    OTG_HS_EP1_OUT_IRQHandler                0x080001b7   Thumb Code     0  startup_stm32f4xx.o(.text)
    OTG_HS_IRQHandler                        0x080001b7   Thumb Code     0  startup_stm32f4xx.o(.text)
    OTG_HS_WKUP_IRQHandler                   0x080001b7   Thumb Code     0  startup_stm32f4xx.o(.text)
    PVD_IRQHandler                           0x080001b7   Thumb Code     0  startup_stm32f4xx.o(.text)
    RCC_IRQHandler                           0x080001b7   Thumb Code     0  startup_stm32f4xx.o(.text)
    RTC_Alarm_IRQHandler                     0x080001b7   Thumb Code     0  startup_stm32f4xx.o(.text)
    RTC_WKUP_IRQHandler                      0x080001b7   Thumb Code     0  startup_stm32f4xx.o(.text)
    SDIO_IRQHandler                          0x080001b7   Thumb Code     0  startup_stm32f4xx.o(.text)
    SPI1_IRQHandler                          0x080001b7   Thumb Code     0  startup_stm32f4xx.o(.text)
    TAMP_STAMP_IRQHandler                    0x080001b7   Thumb Code     0  startup_stm32f4xx.o(.text)
    TIM1_BRK_TIM9_IRQHandler                 0x080001b7   Thumb Code     0  startup_stm32f4xx.o(.text)
    TIM1_CC_IRQHandler                       0x080001b7   Thumb Code     0  startup_stm32f4xx.o(.text)
    TIM1_TRG_COM_TIM11_IRQHandler            0x080001b7   Thumb Code     0  startup_stm32f4xx.o(.text)
    TIM1_UP_TIM10_IRQHandler                 0x080001b7   Thumb Code     0  startup_stm32f4xx.o(.text)
    TIM2_IRQHandler                          0x080001b7   Thumb Code     0  startup_stm32f4xx.o(.text)
    TIM3_IRQHandler                          0x080001b7   Thumb Code     0  startup_stm32f4xx.o(.text)
    TIM4_IRQHandler                          0x080001b7   Thumb Code     0  startup_stm32f4xx.o(.text)
    TIM5_IRQHandler                          0x080001b7   Thumb Code     0  startup_stm32f4xx.o(.text)
    TIM6_DAC_IRQHandler                      0x080001b7   Thumb Code     0  startup_stm32f4xx.o(.text)
    TIM7_IRQHandler                          0x080001b7   Thumb Code     0  startup_stm32f4xx.o(.text)
    TIM8_BRK_TIM12_IRQHandler                0x080001b7   Thumb Code     0  startup_stm32f4xx.o(.text)
    TIM8_CC_IRQHandler                       0x080001b7   Thumb Code     0  startup_stm32f4xx.o(.text)
    TIM8_TRG_COM_TIM14_IRQHandler            0x080001b7   Thumb Code     0  startup_stm32f4xx.o(.text)
    TIM8_UP_TIM13_IRQHandler                 0x080001b7   Thumb Code     0  startup_stm32f4xx.o(.text)
    UART4_IRQHandler                         0x080001b7   Thumb Code     0  startup_stm32f4xx.o(.text)
    UART5_IRQHandler                         0x080001b7   Thumb Code     0  startup_stm32f4xx.o(.text)
    USART2_IRQHandler                        0x080001b7   Thumb Code     0  startup_stm32f4xx.o(.text)
    USART3_IRQHandler                        0x080001b7   Thumb Code     0  startup_stm32f4xx.o(.text)
    USART6_IRQHandler                        0x080001b7   Thumb Code     0  startup_stm32f4xx.o(.text)
    WWDG_IRQHandler                          0x080001b7   Thumb Code     0  startup_stm32f4xx.o(.text)
    PDM_Filter_Init                          0x080001c1   Thumb Code   222  pdm_filter.o(.text)
    PDM_Filter_64_LSB                        0x0800029f   Thumb Code   660  pdm_filter.o(.text)
    PDM_Filter_80_LSB                        0x08000533   Thumb Code   692  pdm_filter.o(.text)
    PDM_Filter_64_MSB                        0x080007e7   Thumb Code   658  pdm_filter.o(.text)
    PDM_Filter_80_MSB                        0x08000a79   Thumb Code   830  pdm_filter.o(.text)
    arm_fir_fast_q15                         0x08000dbd   Thumb Code   478  arm_fir_fast_q15.o(.text)
    arm_fir_init_q15                         0x08000f9b   Thumb Code    46  arm_fir_init_q15.o(.text)
    arm_copy_q15                             0x08000fc9   Thumb Code   126  arm_copy_q15.o(.text)
    __aeabi_memcpy                           0x08001047   Thumb Code    36  memcpya.o(.text)
    __aeabi_memcpy4                          0x08001047   Thumb Code     0  memcpya.o(.text)
    __aeabi_memcpy8                          0x08001047   Thumb Code     0  memcpya.o(.text)
    __aeabi_memset                           0x0800106b   Thumb Code    14  memseta.o(.text)
    __aeabi_memset4                          0x0800106b   Thumb Code     0  memseta.o(.text)
    __aeabi_memset8                          0x0800106b   Thumb Code     0  memseta.o(.text)
    __aeabi_memclr                           0x08001079   Thumb Code     4  memseta.o(.text)
    __aeabi_memclr4                          0x08001079   Thumb Code     0  memseta.o(.text)
    __aeabi_memclr8                          0x08001079   Thumb Code     0  memseta.o(.text)
    _memset$wrapper                          0x0800107d   Thumb Code    18  memseta.o(.text)
    strstr                                   0x0800108f   Thumb Code    36  strstr.o(.text)
    __ARM_scalbnf                            0x080010b3   Thumb Code    24  fscalb.o(.text)
    scalbnf                                  0x080010b3   Thumb Code     0  fscalb.o(.text)
    __aeabi_dadd                             0x080010cb   Thumb Code   322  dadd.o(.text)
    __aeabi_dsub                             0x0800120d   Thumb Code     6  dadd.o(.text)
    __aeabi_drsub                            0x08001213   Thumb Code     6  dadd.o(.text)
    __aeabi_dmul                             0x08001219   Thumb Code   228  dmul.o(.text)
    __aeabi_ddiv                             0x080012fd   Thumb Code   222  ddiv.o(.text)
    __aeabi_ui2d                             0x080013db   Thumb Code    26  dfltui.o(.text)
    __aeabi_d2uiz                            0x080013f5   Thumb Code    50  dfixui.o(.text)
    __aeabi_f2d                              0x08001427   Thumb Code    38  f2d.o(.text)
    __aeabi_uidiv                            0x0800144d   Thumb Code     0  uidiv.o(.text)
    __aeabi_uidivmod                         0x0800144d   Thumb Code    44  uidiv.o(.text)
    __aeabi_llsl                             0x08001479   Thumb Code    30  llshl.o(.text)
    _ll_shift_l                              0x08001479   Thumb Code     0  llshl.o(.text)
    __aeabi_llsr                             0x08001497   Thumb Code    32  llushr.o(.text)
    _ll_ushift_r                             0x08001497   Thumb Code     0  llushr.o(.text)
    __aeabi_lasr                             0x080014b7   Thumb Code    36  llsshr.o(.text)
    _ll_sshift_r                             0x080014b7   Thumb Code     0  llsshr.o(.text)
    __I$use$fp                               0x080014db   Thumb Code     0  iusefp.o(.text)
    _double_round                            0x080014db   Thumb Code    30  depilogue.o(.text)
    _double_epilogue                         0x080014f9   Thumb Code   156  depilogue.o(.text)
    __scatterload                            0x08001595   Thumb Code    28  init.o(.text)
    __scatterload_rt2                        0x08001595   Thumb Code     0  init.o(.text)
    __decompress                             0x080015b9   Thumb Code     0  __dczerorl2.o(.text)
    __decompress1                            0x080015b9   Thumb Code    86  __dczerorl2.o(.text)
    Audio_MAL_Play                           0x080016b5   Thumb Code    86  stm32f4_discovery_audio_codec.o(i.Audio_MAL_Play)
    BusFault_Handler                         0x0800171d   Thumb Code     2  stm32f4xx_it.o(i.BusFault_Handler)
    DAC_Cmd                                  0x080019c1   Thumb Code    24  stm32f4xx_dac.o(i.DAC_Cmd)
    DAC_Init                                 0x080019dd   Thumb Code    48  stm32f4xx_dac.o(i.DAC_Init)
    DAC_SetChannel1Data                      0x08001a11   Thumb Code    22  stm32f4xx_dac.o(i.DAC_SetChannel1Data)
    DMA1_Stream0_IRQHandler                  0x08001a27   Thumb Code     4  stm32f4_discovery_audio_codec.o(i.DMA1_Stream0_IRQHandler)
    DMA1_Stream7_IRQHandler                  0x08001a2b   Thumb Code     4  stm32f4_discovery_audio_codec.o(i.DMA1_Stream7_IRQHandler)
    DMA_ClearFlag                            0x08001a31   Thumb Code    28  stm32f4xx_dma.o(i.DMA_ClearFlag)
    DMA_Cmd                                  0x08001a5d   Thumb Code    18  stm32f4xx_dma.o(i.DMA_Cmd)
    DMA_DeInit                               0x08001a71   Thumb Code   298  stm32f4xx_dma.o(i.DMA_DeInit)
    DMA_GetCmdStatus                         0x08001bf5   Thumb Code    16  stm32f4xx_dma.o(i.DMA_GetCmdStatus)
    DMA_GetFlagStatus                        0x08001c05   Thumb Code    36  stm32f4xx_dma.o(i.DMA_GetFlagStatus)
    DMA_ITConfig                             0x08001c39   Thumb Code    64  stm32f4xx_dma.o(i.DMA_ITConfig)
    DMA_Init                                 0x08001c79   Thumb Code   116  stm32f4xx_dma.o(i.DMA_Init)
    DebugMon_Handler                         0x08001cf1   Thumb Code     2  stm32f4xx_it.o(i.DebugMon_Handler)
    EVAL_AUDIO_GetSampleCallBack             0x08001cf3   Thumb Code     4  headphone.o(i.EVAL_AUDIO_GetSampleCallBack)
    EVAL_AUDIO_Init                          0x08001cf9   Thumb Code   964  stm32f4_discovery_audio_codec.o(i.EVAL_AUDIO_Init)
    EVAL_AUDIO_SetAudioInterface             0x080020e5   Thumb Code   110  stm32f4_discovery_audio_codec.o(i.EVAL_AUDIO_SetAudioInterface)
    EVAL_AUDIO_TransferComplete_CallBack     0x0800217d   Thumb Code    34  headphone.o(i.EVAL_AUDIO_TransferComplete_CallBack)
    EXTI0_IRQHandler                         0x080021ad   Thumb Code    66  stm32f4xx_it.o(i.EXTI0_IRQHandler)
    EXTI1_IRQHandler                         0x080021f9   Thumb Code    30  stm32f4xx_it.o(i.EXTI1_IRQHandler)
    EXTI_ClearITPendingBit                   0x08002219   Thumb Code     6  stm32f4xx_exti.o(i.EXTI_ClearITPendingBit)
    EXTI_GetITStatus                         0x08002225   Thumb Code    16  stm32f4xx_exti.o(i.EXTI_GetITStatus)
    EXTI_Init                                0x08002239   Thumb Code   134  stm32f4xx_exti.o(i.EXTI_Init)
    GPIO_Init                                0x080022c9   Thumb Code   144  stm32f4xx_gpio.o(i.GPIO_Init)
    GPIO_PinAFConfig                         0x08002359   Thumb Code    34  stm32f4xx_gpio.o(i.GPIO_PinAFConfig)
    GPIO_WriteBit                            0x0800237b   Thumb Code    10  stm32f4xx_gpio.o(i.GPIO_WriteBit)
    HardFault_Handler                        0x08002385   Thumb Code     2  stm32f4xx_it.o(i.HardFault_Handler)
    I2C_AcknowledgeConfig                    0x08002387   Thumb Code    18  stm32f4xx_i2c.o(i.I2C_AcknowledgeConfig)
    I2C_CheckEvent                           0x08002399   Thumb Code    26  stm32f4xx_i2c.o(i.I2C_CheckEvent)
    I2C_ClearFlag                            0x080023b3   Thumb Code     6  stm32f4xx_i2c.o(i.I2C_ClearFlag)
    I2C_Cmd                                  0x080023b9   Thumb Code    18  stm32f4xx_i2c.o(i.I2C_Cmd)
    I2C_DeInit                               0x080023cb   Thumb Code    92  stm32f4xx_i2c.o(i.I2C_DeInit)
    I2C_GenerateSTART                        0x08002427   Thumb Code    18  stm32f4xx_i2c.o(i.I2C_GenerateSTART)
    I2C_GenerateSTOP                         0x08002439   Thumb Code    18  stm32f4xx_i2c.o(i.I2C_GenerateSTOP)
    I2C_GetFlagStatus                        0x0800244b   Thumb Code    42  stm32f4xx_i2c.o(i.I2C_GetFlagStatus)
    I2C_Init                                 0x08002475   Thumb Code   188  stm32f4xx_i2c.o(i.I2C_Init)
    I2C_ReceiveData                          0x08002539   Thumb Code     6  stm32f4xx_i2c.o(i.I2C_ReceiveData)
    I2C_Send7bitAddress                      0x0800253f   Thumb Code    16  stm32f4xx_i2c.o(i.I2C_Send7bitAddress)
    I2C_SendData                             0x0800254f   Thumb Code     4  stm32f4xx_i2c.o(i.I2C_SendData)
    I2S_Cmd                                  0x08002553   Thumb Code    18  stm32f4xx_spi.o(i.I2S_Cmd)
    I2S_Init                                 0x08002565   Thumb Code   234  stm32f4xx_spi.o(i.I2S_Init)
    MemManage_Handler                        0x08002669   Thumb Code     2  stm32f4xx_it.o(i.MemManage_Handler)
    NMI_Handler                              0x0800266b   Thumb Code     2  stm32f4xx_it.o(i.NMI_Handler)
    NVIC_Init                                0x0800266d   Thumb Code   106  misc.o(i.NVIC_Init)
    NVIC_PriorityGroupConfig                 0x080026dd   Thumb Code    14  misc.o(i.NVIC_PriorityGroupConfig)
    PendSV_Handler                           0x080026f1   Thumb Code     2  stm32f4xx_it.o(i.PendSV_Handler)
    RCC_AHB1PeriphClockCmd                   0x080026f5   Thumb Code    18  stm32f4xx_rcc.o(i.RCC_AHB1PeriphClockCmd)
    RCC_APB1PeriphClockCmd                   0x0800270d   Thumb Code    18  stm32f4xx_rcc.o(i.RCC_APB1PeriphClockCmd)
    RCC_APB1PeriphResetCmd                   0x08002725   Thumb Code    18  stm32f4xx_rcc.o(i.RCC_APB1PeriphResetCmd)
    RCC_APB2PeriphClockCmd                   0x0800273d   Thumb Code    18  stm32f4xx_rcc.o(i.RCC_APB2PeriphClockCmd)
    RCC_APB2PeriphResetCmd                   0x08002755   Thumb Code    18  stm32f4xx_rcc.o(i.RCC_APB2PeriphResetCmd)
    RCC_GetClocksFreq                        0x0800276d   Thumb Code   150  stm32f4xx_rcc.o(i.RCC_GetClocksFreq)
    SPI2_IRQHandler                          0x08002815   Thumb Code    76  microphone.o(i.SPI2_IRQHandler)
    SPI3_IRQHandler                          0x08002871   Thumb Code    54  stm32f4_discovery_audio_codec.o(i.SPI3_IRQHandler)
    SPI_I2S_DMACmd                           0x080028b1   Thumb Code    16  stm32f4xx_spi.o(i.SPI_I2S_DMACmd)
    SPI_I2S_DeInit                           0x080028c1   Thumb Code   176  stm32f4xx_spi.o(i.SPI_I2S_DeInit)
    SPI_I2S_GetFlagStatus                    0x08002971   Thumb Code    14  stm32f4xx_spi.o(i.SPI_I2S_GetFlagStatus)
    SPI_I2S_GetITStatus                      0x0800297f   Thumb Code    46  stm32f4xx_spi.o(i.SPI_I2S_GetITStatus)
    SPI_I2S_ITConfig                         0x080029ad   Thumb Code    26  stm32f4xx_spi.o(i.SPI_I2S_ITConfig)
    SPI_I2S_ReceiveData                      0x080029c7   Thumb Code     4  stm32f4xx_spi.o(i.SPI_I2S_ReceiveData)
    SPI_I2S_SendData                         0x080029cb   Thumb Code     4  stm32f4xx_spi.o(i.SPI_I2S_SendData)
    STM_EVAL_LEDInit                         0x080029d1   Thumb Code    64  stm32f4_discovery.o(i.STM_EVAL_LEDInit)
    STM_EVAL_LEDOff                          0x08002a1d   Thumb Code    16  stm32f4_discovery.o(i.STM_EVAL_LEDOff)
    STM_EVAL_LEDOn                           0x08002a35   Thumb Code    16  stm32f4_discovery.o(i.STM_EVAL_LEDOn)
    STM_EVAL_LEDToggle                       0x08002a4d   Thumb Code    20  stm32f4_discovery.o(i.STM_EVAL_LEDToggle)
    STM_EVAL_PBInit                          0x08002a69   Thumb Code   140  stm32f4_discovery.o(i.STM_EVAL_PBInit)
    SVC_Handler                              0x08002b0d   Thumb Code     2  stm32f4xx_it.o(i.SVC_Handler)
    SYSCFG_EXTILineConfig                    0x08002b0f   Thumb Code    46  stm32f4xx_syscfg.o(i.SYSCFG_EXTILineConfig)
    SysTick_Handler                          0x08002b3d   Thumb Code   214  stm32f4xx_it.o(i.SysTick_Handler)
    SystemInit                               0x08002c1d   Thumb Code   254  system_stm32f4xx.o(i.SystemInit)
    USART1_IRQHandler                        0x08002d49   Thumb Code   178  stm32f4xx_it.o(i.USART1_IRQHandler)
    USART_ClearITPendingBit                  0x08002e15   Thumb Code    14  stm32f4xx_usart.o(i.USART_ClearITPendingBit)
    USART_Cmd                                0x08002e23   Thumb Code    18  stm32f4xx_usart.o(i.USART_Cmd)
    USART_GetFlagStatus                      0x08002e35   Thumb Code    14  stm32f4xx_usart.o(i.USART_GetFlagStatus)
    USART_GetITStatus                        0x08002e43   Thumb Code    76  stm32f4xx_usart.o(i.USART_GetITStatus)
    USART_ITConfig                           0x08002e8f   Thumb Code    48  stm32f4xx_usart.o(i.USART_ITConfig)
    USART_Init                               0x08002ec1   Thumb Code   180  stm32f4xx_usart.o(i.USART_Init)
    USART_ReceiveData                        0x08002f79   Thumb Code     8  stm32f4xx_usart.o(i.USART_ReceiveData)
    USART_SendData                           0x08002f81   Thumb Code     8  stm32f4xx_usart.o(i.USART_SendData)
    USART_puts                               0x08002f89   Thumb Code    40  gui_interface_communications.o(i.USART_puts)
    UsageFault_Handler                       0x08002fb5   Thumb Code     2  stm32f4xx_it.o(i.UsageFault_Handler)
    WavePlayBack                             0x08002fb9   Thumb Code   270  headphone.o(i.WavePlayBack)
    WaveRecorderBeginSampling                0x080030d9   Thumb Code    56  microphone.o(i.WaveRecorderBeginSampling)
    WaveRecorderCallback                     0x0800311d   Thumb Code   118  headphone.o(i.WaveRecorderCallback)
    WaveRecorderInit                         0x0800319d   Thumb Code   274  microphone.o(i.WaveRecorderInit)
    __0snprintf$1                            0x080032d1   Thumb Code    36  printf1.o(i.__0snprintf$1)
    __1snprintf$1                            0x080032d1   Thumb Code     0  printf1.o(i.__0snprintf$1)
    __2snprintf                              0x080032d1   Thumb Code     0  printf1.o(i.__0snprintf$1)
    __scatterload_copy                       0x080032f9   Thumb Code    14  handlers.o(i.__scatterload_copy)
    __scatterload_null                       0x08003307   Thumb Code     2  handlers.o(i.__scatterload_null)
    __scatterload_zeroinit                   0x08003309   Thumb Code    14  handlers.o(i.__scatterload_zeroinit)
    dsp                                      0x08003485   Thumb Code   126  dsp.o(i.dsp)
    main                                     0x08003519   Thumb Code   394  main.o(i.main)
    BUTTON_PORT_SOURCE                       0x08003714   Data           1  stm32f4_discovery.o(.constdata)
    BUTTON_PIN_SOURCE                        0x08003715   Data           1  stm32f4_discovery.o(.constdata)
    BUTTON_IRQn                              0x08003716   Data           1  stm32f4_discovery.o(.constdata)
    BUTTON_PIN                               0x08003718   Data           2  stm32f4_discovery.o(.constdata)
    BUTTON_EXTI_LINE                         0x0800371a   Data           2  stm32f4_discovery.o(.constdata)
    BUTTON_CLK                               0x0800371c   Data           4  stm32f4_discovery.o(.constdata)
    GPIO_PIN                                 0x08003720   Data           8  stm32f4_discovery.o(.constdata)
    GPIO_CLK                                 0x08003728   Data          16  stm32f4_discovery.o(.constdata)
    Region$$Table$$Base                      0x08003738   Number         0  anon$$obj.o(Region$$Table)
    Region$$Table$$Limit                     0x08003758   Number         0  anon$$obj.o(Region$$Table)
    USART1_valid_line                        0x20000000   Data           4  main.o(.data)
    USART1_gets                              0x20000004   Data           5  main.o(.data)
    GPIO_InitStructure                       0x2000000c   Data           8  main.o(.data)
    USART1_read_index                        0x20000014   Data           4  main.o(.data)
    user_mode                                0x20000018   Data           4  main.o(.data)
    LED_Toggle                               0x2000001c   Data           1  stm32f4xx_it.o(.data)
    msec_counter                             0x20000024   Data           4  stm32f4xx_it.o(.data)
    AudioRecBitRes                           0x20000038   Data           4  microphone.o(.data)
    AudioRecChnlNbr                          0x2000003c   Data           4  microphone.o(.data)
    AudioRecCurrSize                         0x20000040   Data           4  microphone.o(.data)
    pAudioRecBuf                             0x20000048   Data           4  microphone.o(.data)
    firstStart                               0x2000004c   Data           1  dsp.o(.data)
    old_user_mode                            0x20000050   Data           4  dsp.o(.data)
    fir_coeffs_bp                            0x20000054   Data         112  dsp.o(.data)
    BUTTON_PORT                              0x200000c4   Data           4  stm32f4_discovery.o(.data)
    GPIO_PORT                                0x200000c8   Data          16  stm32f4_discovery.o(.data)
    OutputDev                                0x200000d8   Data           1  stm32f4_discovery_audio_codec.o(.data)
    AudioTotalSize                           0x200000dc   Data           4  stm32f4_discovery_audio_codec.o(.data)
    AudioRemSize                             0x200000e0   Data           4  stm32f4_discovery_audio_codec.o(.data)
    CODECTimeout                             0x200000e4   Data           4  stm32f4_discovery_audio_codec.o(.data)
    CurrAudioInterface                       0x200000e8   Data           4  stm32f4_discovery_audio_codec.o(.data)
    AUDIO_MAL_DMA_CLOCK                      0x200000ec   Data           4  stm32f4_discovery_audio_codec.o(.data)
    AUDIO_MAL_DMA_STREAM                     0x200000f0   Data           4  stm32f4_discovery_audio_codec.o(.data)
    AUDIO_MAL_DMA_DREG                       0x200000f4   Data           4  stm32f4_discovery_audio_codec.o(.data)
    AUDIO_MAL_DMA_CHANNEL                    0x200000f8   Data           4  stm32f4_discovery_audio_codec.o(.data)
    AUDIO_MAL_DMA_IRQ                        0x200000fc   Data           4  stm32f4_discovery_audio_codec.o(.data)
    AUDIO_MAL_DMA_FLAG_TC                    0x20000100   Data           4  stm32f4_discovery_audio_codec.o(.data)
    AUDIO_MAL_DMA_FLAG_HT                    0x20000104   Data           4  stm32f4_discovery_audio_codec.o(.data)
    AUDIO_MAL_DMA_FLAG_FE                    0x20000108   Data           4  stm32f4_discovery_audio_codec.o(.data)
    AUDIO_MAL_DMA_FLAG_TE                    0x2000010c   Data           4  stm32f4_discovery_audio_codec.o(.data)
    AUDIO_MAL_DMA_FLAG_DME                   0x20000110   Data           4  stm32f4_discovery_audio_codec.o(.data)
    CurrentPos                               0x20000114   Data           4  stm32f4_discovery_audio_codec.o(.data)
    stm32_crc                                0x20000128   Data           4  pdm_filter.o(.data)
    T0                                       0x2000012c   Data         256  pdm_filter.o(.data)
    T1                                       0x2000022c   Data         256  pdm_filter.o(.data)
    T2                                       0x2000032c   Data         256  pdm_filter.o(.data)
    RCC_Clocks                               0x2000042c   Data          16  main.o(.bss)
    USART_InitStructure                      0x2000043c   Data          16  main.o(.bss)
    Filter                                   0x20002058   Data          52  microphone.o(.bss)
    RecBuf                                   0x2000208c   Data          32  microphone.o(.bss)
    FIR                                      0x2000212c   Data          12  dsp.o(.bss)
    outSignal                                0x20002138   Data        1024  dsp.o(.bss)
    fir_state                                0x20002538   Data        1136  dsp.o(.bss)
    DMA_InitStructure                        0x200029a8   Data          60  stm32f4_discovery_audio_codec.o(.bss)
    __initial_sp                             0x20002de8   Data           0  startup_stm32f4xx.o(STACK)



==============================================================================

Memory Map of the image

  Image Entry point : 0x08000189

  Load Region LR_IROM1 (Base: 0x08000000, Size: 0x00003b84, Max: 0x00100000, ABSOLUTE, COMPRESSED[0x00003a18])

    Execution Region ER_IROM1 (Base: 0x08000000, Size: 0x00003758, Max: 0x00100000, ABSOLUTE)

    Base Addr    Size         Type   Attr      Idx    E Section Name        Object

    0x08000000   0x00000188   Data   RO          303    RESET               startup_stm32f4xx.o
    0x08000188   0x00000000   Code   RO          313  * .ARM.Collect$$$$00000000  mc_w.l(entry.o)
    0x08000188   0x00000004   Code   RO          458    .ARM.Collect$$$$00000001  mc_w.l(entry2.o)
    0x0800018c   0x00000004   Code   RO          461    .ARM.Collect$$$$00000004  mc_w.l(entry5.o)
    0x08000190   0x00000000   Code   RO          463    .ARM.Collect$$$$00000008  mc_w.l(entry7b.o)
    0x08000190   0x00000000   Code   RO          465    .ARM.Collect$$$$0000000A  mc_w.l(entry8b.o)
    0x08000190   0x00000008   Code   RO          466    .ARM.Collect$$$$0000000B  mc_w.l(entry9a.o)
    0x08000198   0x00000000   Code   RO          468    .ARM.Collect$$$$0000000D  mc_w.l(entry10a.o)
    0x08000198   0x00000000   Code   RO          470    .ARM.Collect$$$$0000000F  mc_w.l(entry11a.o)
    0x08000198   0x00000004   Code   RO          459    .ARM.Collect$$$$00002712  mc_w.l(entry2.o)
    0x0800019c   0x00000024   Code   RO          304    .text               startup_stm32f4xx.o
    0x080001c0   0x00000bfc   Code   RO          305    .text               libPDMFilter_Keil.lib(pdm_filter.o)
    0x08000dbc   0x000001de   Code   RO          308    .text               arm_cortexM4lf_math.lib(arm_fir_fast_q15.o)
    0x08000f9a   0x0000002e   Code   RO          310    .text               arm_cortexM4lf_math.lib(arm_fir_init_q15.o)
    0x08000fc8   0x0000007e   Code   RO          312    .text               arm_cortexM4lf_math.lib(arm_copy_q15.o)
    0x08001046   0x00000024   Code   RO          316    .text               mc_w.l(memcpya.o)
    0x0800106a   0x00000024   Code   RO          317    .text               mc_w.l(memseta.o)
    0x0800108e   0x00000024   Code   RO          318    .text               mc_w.l(strstr.o)
    0x080010b2   0x00000018   Code   RO          451    .text               mf_w.l(fscalb.o)
    0x080010ca   0x0000014e   Code   RO          452    .text               mf_w.l(dadd.o)
    0x08001218   0x000000e4   Code   RO          453    .text               mf_w.l(dmul.o)
    0x080012fc   0x000000de   Code   RO          454    .text               mf_w.l(ddiv.o)
    0x080013da   0x0000001a   Code   RO          455    .text               mf_w.l(dfltui.o)
    0x080013f4   0x00000032   Code   RO          456    .text               mf_w.l(dfixui.o)
    0x08001426   0x00000026   Code   RO          457    .text               mf_w.l(f2d.o)
    0x0800144c   0x0000002c   Code   RO          474    .text               mc_w.l(uidiv.o)
    0x08001478   0x0000001e   Code   RO          476    .text               mc_w.l(llshl.o)
    0x08001496   0x00000020   Code   RO          477    .text               mc_w.l(llushr.o)
    0x080014b6   0x00000024   Code   RO          478    .text               mc_w.l(llsshr.o)
    0x080014da   0x00000000   Code   RO          479    .text               mc_w.l(iusefp.o)
    0x080014da   0x000000ba   Code   RO          480    .text               mf_w.l(depilogue.o)
    0x08001594   0x00000024   Code   RO          483    .text               mc_w.l(init.o)
    0x080015b8   0x00000056   Code   RO          491    .text               mc_w.l(__dczerorl2.o)
    0x0800160e   0x00000002   PAD
    0x08001610   0x000000a4   Code   RO           67    i.Audio_MAL_IRQHandler  stm32f4_discovery_audio_codec.o
    0x080016b4   0x00000068   Code   RO           68    i.Audio_MAL_Play    stm32f4_discovery_audio_codec.o
    0x0800171c   0x00000002   Code   RO           11    i.BusFault_Handler  stm32f4xx_it.o
    0x0800171e   0x00000002   PAD
    0x08001720   0x000002a0   Code   RO           70    i.Codec_WriteRegister  stm32f4_discovery_audio_codec.o
    0x080019c0   0x0000001c   Code   RO          103    i.DAC_Cmd           stm32f4xx_dac.o
    0x080019dc   0x00000034   Code   RO          111    i.DAC_Init          stm32f4xx_dac.o
    0x08001a10   0x00000016   Code   RO          112    i.DAC_SetChannel1Data  stm32f4xx_dac.o
    0x08001a26   0x00000004   Code   RO           72    i.DMA1_Stream0_IRQHandler  stm32f4_discovery_audio_codec.o
    0x08001a2a   0x00000004   Code   RO           73    i.DMA1_Stream7_IRQHandler  stm32f4_discovery_audio_codec.o
    0x08001a2e   0x00000002   PAD
    0x08001a30   0x0000002c   Code   RO          119    i.DMA_ClearFlag     stm32f4xx_dma.o
    0x08001a5c   0x00000012   Code   RO          121    i.DMA_Cmd           stm32f4xx_dma.o
    0x08001a6e   0x00000002   PAD
    0x08001a70   0x00000184   Code   RO          122    i.DMA_DeInit        stm32f4xx_dma.o
    0x08001bf4   0x00000010   Code   RO          126    i.DMA_GetCmdStatus  stm32f4xx_dma.o
    0x08001c04   0x00000034   Code   RO          130    i.DMA_GetFlagStatus  stm32f4xx_dma.o
    0x08001c38   0x00000040   Code   RO          132    i.DMA_ITConfig      stm32f4xx_dma.o
    0x08001c78   0x00000078   Code   RO          133    i.DMA_Init          stm32f4xx_dma.o
    0x08001cf0   0x00000002   Code   RO           12    i.DebugMon_Handler  stm32f4xx_it.o
    0x08001cf2   0x00000004   Code   RO           31    i.EVAL_AUDIO_GetSampleCallBack  headphone.o
    0x08001cf6   0x00000002   PAD
    0x08001cf8   0x000003ec   Code   RO           75    i.EVAL_AUDIO_Init   stm32f4_discovery_audio_codec.o
    0x080020e4   0x00000098   Code   RO           79    i.EVAL_AUDIO_SetAudioInterface  stm32f4_discovery_audio_codec.o
    0x0800217c   0x00000030   Code   RO           33    i.EVAL_AUDIO_TransferComplete_CallBack  headphone.o
    0x080021ac   0x0000004c   Code   RO           13    i.EXTI0_IRQHandler  stm32f4xx_it.o
    0x080021f8   0x0000001e   Code   RO           14    i.EXTI1_IRQHandler  stm32f4xx_it.o
    0x08002216   0x00000002   PAD
    0x08002218   0x0000000c   Code   RO          217    i.EXTI_ClearITPendingBit  stm32f4xx_exti.o
    0x08002224   0x00000014   Code   RO          221    i.EXTI_GetITStatus  stm32f4xx_exti.o
    0x08002238   0x00000090   Code   RO          222    i.EXTI_Init         stm32f4xx_exti.o
    0x080022c8   0x00000090   Code   RO          140    i.GPIO_Init         stm32f4xx_gpio.o
    0x08002358   0x00000022   Code   RO          141    i.GPIO_PinAFConfig  stm32f4xx_gpio.o
    0x0800237a   0x0000000a   Code   RO          152    i.GPIO_WriteBit     stm32f4xx_gpio.o
    0x08002384   0x00000002   Code   RO           15    i.HardFault_Handler  stm32f4xx_it.o
    0x08002386   0x00000012   Code   RO          155    i.I2C_AcknowledgeConfig  stm32f4xx_i2c.o
    0x08002398   0x0000001a   Code   RO          158    i.I2C_CheckEvent    stm32f4xx_i2c.o
    0x080023b2   0x00000006   Code   RO          159    i.I2C_ClearFlag     stm32f4xx_i2c.o
    0x080023b8   0x00000012   Code   RO          161    i.I2C_Cmd           stm32f4xx_i2c.o
    0x080023ca   0x0000005c   Code   RO          164    i.I2C_DeInit        stm32f4xx_i2c.o
    0x08002426   0x00000012   Code   RO          169    i.I2C_GenerateSTART  stm32f4xx_i2c.o
    0x08002438   0x00000012   Code   RO          170    i.I2C_GenerateSTOP  stm32f4xx_i2c.o
    0x0800244a   0x0000002a   Code   RO          171    i.I2C_GetFlagStatus  stm32f4xx_i2c.o
    0x08002474   0x000000c4   Code   RO          176    i.I2C_Init          stm32f4xx_i2c.o
    0x08002538   0x00000006   Code   RO          181    i.I2C_ReceiveData   stm32f4xx_i2c.o
    0x0800253e   0x00000010   Code   RO          183    i.I2C_Send7bitAddress  stm32f4xx_i2c.o
    0x0800254e   0x00000004   Code   RO          184    i.I2C_SendData      stm32f4xx_i2c.o
    0x08002552   0x00000012   Code   RO          190    i.I2S_Cmd           stm32f4xx_spi.o
    0x08002564   0x00000104   Code   RO          192    i.I2S_Init          stm32f4xx_spi.o
    0x08002668   0x00000002   Code   RO           16    i.MemManage_Handler  stm32f4xx_it.o
    0x0800266a   0x00000002   Code   RO           17    i.NMI_Handler       stm32f4xx_it.o
    0x0800266c   0x00000070   Code   RO           87    i.NVIC_Init         misc.o
    0x080026dc   0x00000014   Code   RO           88    i.NVIC_PriorityGroupConfig  misc.o
    0x080026f0   0x00000002   Code   RO           18    i.PendSV_Handler    stm32f4xx_it.o
    0x080026f2   0x00000002   PAD
    0x080026f4   0x00000018   Code   RO          256    i.RCC_AHB1PeriphClockCmd  stm32f4xx_rcc.o
    0x0800270c   0x00000018   Code   RO          262    i.RCC_APB1PeriphClockCmd  stm32f4xx_rcc.o
    0x08002724   0x00000018   Code   RO          264    i.RCC_APB1PeriphResetCmd  stm32f4xx_rcc.o
    0x0800273c   0x00000018   Code   RO          265    i.RCC_APB2PeriphClockCmd  stm32f4xx_rcc.o
    0x08002754   0x00000018   Code   RO          267    i.RCC_APB2PeriphResetCmd  stm32f4xx_rcc.o
    0x0800276c   0x000000a8   Code   RO          274    i.RCC_GetClocksFreq  stm32f4xx_rcc.o
    0x08002814   0x0000005c   Code   RO           40    i.SPI2_IRQHandler   microphone.o
    0x08002870   0x00000040   Code   RO           82    i.SPI3_IRQHandler   stm32f4_discovery_audio_codec.o
    0x080028b0   0x00000010   Code   RO          202    i.SPI_I2S_DMACmd    stm32f4xx_spi.o
    0x080028c0   0x000000b0   Code   RO          203    i.SPI_I2S_DeInit    stm32f4xx_spi.o
    0x08002970   0x0000000e   Code   RO          204    i.SPI_I2S_GetFlagStatus  stm32f4xx_spi.o
    0x0800297e   0x0000002e   Code   RO          205    i.SPI_I2S_GetITStatus  stm32f4xx_spi.o
    0x080029ac   0x0000001a   Code   RO          206    i.SPI_I2S_ITConfig  stm32f4xx_spi.o
    0x080029c6   0x00000004   Code   RO          207    i.SPI_I2S_ReceiveData  stm32f4xx_spi.o
    0x080029ca   0x00000004   Code   RO          208    i.SPI_I2S_SendData  stm32f4xx_spi.o
    0x080029ce   0x00000002   PAD
    0x080029d0   0x0000004c   Code   RO           57    i.STM_EVAL_LEDInit  stm32f4_discovery.o
    0x08002a1c   0x00000018   Code   RO           58    i.STM_EVAL_LEDOff   stm32f4_discovery.o
    0x08002a34   0x00000018   Code   RO           59    i.STM_EVAL_LEDOn    stm32f4_discovery.o
    0x08002a4c   0x0000001c   Code   RO           60    i.STM_EVAL_LEDToggle  stm32f4_discovery.o
    0x08002a68   0x000000a4   Code   RO           62    i.STM_EVAL_PBInit   stm32f4_discovery.o
    0x08002b0c   0x00000002   Code   RO           19    i.SVC_Handler       stm32f4xx_it.o
    0x08002b0e   0x0000002e   Code   RO           96    i.SYSCFG_EXTILineConfig  stm32f4xx_syscfg.o
    0x08002b3c   0x000000e0   Code   RO           20    i.SysTick_Handler   stm32f4xx_it.o
    0x08002c1c   0x0000012c   Code   RO           27    i.SystemInit        system_stm32f4xx.o
    0x08002d48   0x000000cc   Code   RO           21    i.USART1_IRQHandler  stm32f4xx_it.o
    0x08002e14   0x0000000e   Code   RO          227    i.USART_ClearITPendingBit  stm32f4xx_usart.o
    0x08002e22   0x00000012   Code   RO          230    i.USART_Cmd         stm32f4xx_usart.o
    0x08002e34   0x0000000e   Code   RO          233    i.USART_GetFlagStatus  stm32f4xx_usart.o
    0x08002e42   0x0000004c   Code   RO          234    i.USART_GetITStatus  stm32f4xx_usart.o
    0x08002e8e   0x00000030   Code   RO          236    i.USART_ITConfig    stm32f4xx_usart.o
    0x08002ebe   0x00000002   PAD
    0x08002ec0   0x000000b8   Code   RO          237    i.USART_Init        stm32f4xx_usart.o
    0x08002f78   0x00000008   Code   RO          244    i.USART_ReceiveData  stm32f4xx_usart.o
    0x08002f80   0x00000008   Code   RO          247    i.USART_SendData    stm32f4xx_usart.o
    0x08002f88   0x0000002c   Code   RO           55    i.USART_puts        gui_interface_communications.o
    0x08002fb4   0x00000002   Code   RO           22    i.UsageFault_Handler  stm32f4xx_it.o
    0x08002fb6   0x00000002   PAD
    0x08002fb8   0x00000120   Code   RO           34    i.WavePlayBack      headphone.o
    0x080030d8   0x00000044   Code   RO           41    i.WaveRecorderBeginSampling  microphone.o
    0x0800311c   0x00000080   Code   RO           36    i.WaveRecorderCallback  headphone.o
    0x0800319c   0x00000134   Code   RO           42    i.WaveRecorderInit  microphone.o
    0x080032d0   0x00000028   Code   RO          344    i.__0snprintf$1     mc_w.l(printf1.o)
    0x080032f8   0x0000000e   Code   RO          488    i.__scatterload_copy  mc_w.l(handlers.o)
    0x08003306   0x00000002   Code   RO          489    i.__scatterload_null  mc_w.l(handlers.o)
    0x08003308   0x0000000e   Code   RO          490    i.__scatterload_zeroinit  mc_w.l(handlers.o)
    0x08003316   0x00000002   PAD
    0x08003318   0x00000154   Code   RO          350    i._printf_core      mc_w.l(printf1.o)
    0x0800346c   0x00000016   Code   RO          351    i._snputc           mc_w.l(printf1.o)
    0x08003482   0x00000002   PAD
    0x08003484   0x00000094   Code   RO           47    i.dsp               dsp.o
    0x08003518   0x000001fc   Code   RO            5    i.main              main.o
    0x08003714   0x00000024   Data   RO           63    .constdata          stm32f4_discovery.o
    0x08003738   0x00000020   Data   RO          486    Region$$Table       anon$$obj.o


    Execution Region RW_IRAM1 (Base: 0x20000000, Size: 0x00002de8, Max: 0x00020000, ABSOLUTE, COMPRESSED[0x000002c0])

    Base Addr    Size         Type   Attr      Idx    E Section Name        Object

    0x20000000   0x00000014   Data   RW            7    .data               main.o
    0x20000014   0x00000004   Data   RW            8    .data               main.o
    0x20000018   0x00000004   Data   RW            9    .data               main.o
    0x2000001c   0x0000000c   Data   RW           24    .data               stm32f4xx_it.o
    0x20000028   0x0000000c   Data   RW           38    .data               headphone.o
    0x20000034   0x00000018   Data   RW           45    .data               microphone.o
    0x2000004c   0x00000078   Data   RW           50    .data               dsp.o
    0x200000c4   0x00000014   Data   RW           64    .data               stm32f4_discovery.o
    0x200000d8   0x00000040   Data   RW           85    .data               stm32f4_discovery_audio_codec.o
    0x20000118   0x00000010   Data   RW          300    .data               stm32f4xx_rcc.o
    0x20000128   0x00000304   Data   RW          306    .data               libPDMFilter_Keil.lib(pdm_filter.o)
    0x2000042c   0x00000020   Zero   RW            6    .bss                main.o
    0x2000044c   0x0000000a   Zero   RW           23    .bss                stm32f4xx_it.o
    0x20000456   0x00001c00   Zero   RW           37    .bss                headphone.o
    0x20002056   0x00000002   PAD
    0x20002058   0x000000d4   Zero   RW           44    .bss                microphone.o
    0x2000212c   0x0000087c   Zero   RW           49    .bss                dsp.o
    0x200029a8   0x0000003c   Zero   RW           83    .bss                stm32f4_discovery_audio_codec.o
    0x200029e4   0x00000004   PAD
    0x200029e8   0x00000400   Zero   RW          301    STACK               startup_stm32f4xx.o


==============================================================================

Image component sizes


      Code (inc. data)   RO Data    RW Data    ZI Data      Debug   Object Name

       148         22          0        120       2172          0   dsp.o
        44          4          0          0          0          0   gui_interface_communications.o
       468         42          0         12       7168          0   headphone.o
       508        114          0         28         32          0   main.o
       468         62          0         24        212          0   microphone.o
       132         12          0          0          0          0   misc.o
        36          8        392          0       1024          0   startup_stm32f4xx.o
       316         60         36         20          0          0   stm32f4_discovery.o
      2168        158          0         64         60          0   stm32f4_discovery_audio_codec.o
       102          8          0          0          0          0   stm32f4xx_dac.o
       702        126          0          0          0          0   stm32f4xx_dma.o
       176         20          0          0          0          0   stm32f4xx_exti.o
       188          0          0          0          0          0   stm32f4xx_gpio.o
       460          8          0          0          0          0   stm32f4xx_i2c.o
       550         46          0         12         10          0   stm32f4xx_it.o
       288         48          0         16          0          0   stm32f4xx_rcc.o
       564         26          0          0          0          0   stm32f4xx_spi.o
        46          0          0          0          0          0   stm32f4xx_syscfg.o
       370          4          0          0          0          0   stm32f4xx_usart.o
       300         46          0          0          0          0   system_stm32f4xx.o

    ----------------------------------------------------------------------
      8052        814        460        296      10684          0   Object Totals
         0          0         32          0          0          0   (incl. Generated)
        18          0          0          0          6          0   (incl. Padding)

    ----------------------------------------------------------------------

      Code (inc. data)   RO Data    RW Data    ZI Data      Debug   Library Member Name

       126          0          0          0          0          0   arm_copy_q15.o
       478          0          0          0          0          0   arm_fir_fast_q15.o
        46          0          0          0          0          0   arm_fir_init_q15.o
      3068         54          0        772          0          0   pdm_filter.o
        86          0          0          0          0          0   __dczerorl2.o
         0          0          0          0          0          0   entry.o
         0          0          0          0          0          0   entry10a.o
         0          0          0          0          0          0   entry11a.o
         8          4          0          0          0          0   entry2.o
         4          0          0          0          0          0   entry5.o
         0          0          0          0          0          0   entry7b.o
         0          0          0          0          0          0   entry8b.o
         8          4          0          0          0          0   entry9a.o
        30          0          0          0          0          0   handlers.o
        36          8          0          0          0          0   init.o
         0          0          0          0          0          0   iusefp.o
        30          0          0          0          0          0   llshl.o
        36          0          0          0          0          0   llsshr.o
        32          0          0          0          0          0   llushr.o
        36          0          0          0          0          0   memcpya.o
        36          0          0          0          0          0   memseta.o
       402          8          0          0          0          0   printf1.o
        36          0          0          0          0          0   strstr.o
        44          0          0          0          0          0   uidiv.o
       334          0          0          0          0          0   dadd.o
       222          0          0          0          0          0   ddiv.o
       186          0          0          0          0          0   depilogue.o
        50          0          0          0          0          0   dfixui.o
        26          0          0          0          0          0   dfltui.o
       228          0          0          0          0          0   dmul.o
        38          0          0          0          0          0   f2d.o
        24          0          0          0          0          0   fscalb.o

    ----------------------------------------------------------------------
      5656         78          0        772          0          0   Library Totals
         6          0          0          0          0          0   (incl. Padding)

    ----------------------------------------------------------------------

      Code (inc. data)   RO Data    RW Data    ZI Data      Debug   Library Name

       650          0          0          0          0          0   arm_cortexM4lf_math.lib
      3068         54          0        772          0          0   libPDMFilter_Keil.lib
       824         24          0          0          0          0   mc_w.l
      1108          0          0          0          0          0   mf_w.l

    ----------------------------------------------------------------------
      5656         78          0        772          0          0   Library Totals

    ----------------------------------------------------------------------

==============================================================================


      Code (inc. data)   RO Data    RW Data    ZI Data      Debug   

     13708        892        460       1068      10684          0   Grand Totals
     13708        892        460        704      10684          0   ELF Image Totals (compressed)
     13708        892        460        704          0          0   ROM Totals

==============================================================================

    Total RO  Size (Code + RO Data)                14168 (  13.84kB)
    Total RW  Size (RW Data + ZI Data)             11752 (  11.48kB)
    Total ROM Size (Code + RO Data + RW Data)      14872 (  14.52kB)

==============================================================================

