Component: ARM Compiler 5.06 update 1 (build 61) Tool: armlink [4d35a8]

==============================================================================

Section Cross References

    main.o(i.GPIOInitialize) refers to stm32f4xx_rcc.o(i.RCC_AHB1PeriphClockCmd) for RCC_AHB1PeriphClockCmd
    main.o(i.GPIOInitialize) refers to stm32f4xx_gpio.o(i.GPIO_Init) for GPIO_Init
    main.o(i.GPIOInitialize) refers to stm32f4xx_gpio.o(i.GPIO_PinAFConfig) for GPIO_PinAFConfig
    main.o(i.GPIOInitialize) refers to main.o(.data) for .data
    main.o(i.NVICInitialize) refers to misc.o(i.NVIC_Init) for NVIC_Init
    main.o(i.NVICInitialize) refers to stm32f4xx_usart.o(i.USART_ITConfig) for USART_ITConfig
    main.o(i.UART_Initialize) refers to stm32f4xx_rcc.o(i.RCC_APB2PeriphClockCmd) for RCC_APB2PeriphClockCmd
    main.o(i.UART_Initialize) refers to stm32f4xx_usart.o(i.USART_Init) for USART_Init
    main.o(i.UART_Initialize) refers to stm32f4xx_usart.o(i.USART_Cmd) for USART_Cmd
    main.o(i.UART_Initialize) refers to stm32f4xx_usart.o(i.USART_ITConfig) for USART_ITConfig
    main.o(i.UART_Initialize) refers to main.o(.bss) for .bss
    main.o(i.main) refers to stm32f4xx_rcc.o(i.RCC_AHB1PeriphClockCmd) for RCC_AHB1PeriphClockCmd
    main.o(i.main) refers to stm32f4xx_gpio.o(i.GPIO_Init) for GPIO_Init
    main.o(i.main) refers to stm32f4xx_gpio.o(i.GPIO_PinAFConfig) for GPIO_PinAFConfig
    main.o(i.main) refers to stm32f4xx_rcc.o(i.RCC_APB2PeriphClockCmd) for RCC_APB2PeriphClockCmd
    main.o(i.main) refers to stm32f4xx_usart.o(i.USART_Init) for USART_Init
    main.o(i.main) refers to stm32f4xx_usart.o(i.USART_Cmd) for USART_Cmd
    main.o(i.main) refers to stm32f4xx_usart.o(i.USART_ITConfig) for USART_ITConfig
    main.o(i.main) refers to misc.o(i.NVIC_Init) for NVIC_Init
    main.o(i.main) refers to stm32f4_discovery.o(i.STM_EVAL_LEDInit) for STM_EVAL_LEDInit
    main.o(i.main) refers to stm32f4_discovery.o(i.STM_EVAL_LEDOn) for STM_EVAL_LEDOn
    main.o(i.main) refers to stm32f4xx_rcc.o(i.RCC_GetClocksFreq) for RCC_GetClocksFreq
    main.o(i.main) refers to stm32f4_discovery.o(i.STM_EVAL_PBInit) for STM_EVAL_PBInit
    main.o(i.main) refers to strstr.o(.text) for strstr
    main.o(i.main) refers to printf4.o(i.__0snprintf$4) for __2snprintf
    main.o(i.main) refers to gui_interface_communications.o(i.USART_puts) for USART_puts
    main.o(i.main) refers to main.o(.data) for .data
    main.o(i.main) refers to main.o(.bss) for .bss
    stm32f4xx_it.o(i.EXTI0_IRQHandler) refers to stm32f4xx_exti.o(i.EXTI_GetITStatus) for EXTI_GetITStatus
    stm32f4xx_it.o(i.EXTI0_IRQHandler) refers to stm32f4xx_exti.o(i.EXTI_ClearITPendingBit) for EXTI_ClearITPendingBit
    stm32f4xx_it.o(i.EXTI0_IRQHandler) refers to stm32f4xx_it.o(.data) for .data
    stm32f4xx_it.o(i.EXTI0_IRQHandler) refers to main.o(.data) for user_mode
    stm32f4xx_it.o(i.EXTI1_IRQHandler) refers to stm32f4xx_exti.o(i.EXTI_GetITStatus) for EXTI_GetITStatus
    stm32f4xx_it.o(i.EXTI1_IRQHandler) refers to stm32f4_discovery.o(i.STM_EVAL_LEDToggle) for STM_EVAL_LEDToggle
    stm32f4xx_it.o(i.EXTI1_IRQHandler) refers to stm32f4xx_exti.o(i.EXTI_ClearITPendingBit) for EXTI_ClearITPendingBit
    stm32f4xx_it.o(i.SysTick_Handler) refers to stm32f4_discovery.o(i.STM_EVAL_LEDToggle) for STM_EVAL_LEDToggle
    stm32f4xx_it.o(i.SysTick_Handler) refers to stm32f4_discovery.o(i.STM_EVAL_LEDOn) for STM_EVAL_LEDOn
    stm32f4xx_it.o(i.SysTick_Handler) refers to stm32f4_discovery.o(i.STM_EVAL_LEDOff) for STM_EVAL_LEDOff
    stm32f4xx_it.o(i.SysTick_Handler) refers to stm32f4xx_it.o(.data) for .data
    stm32f4xx_it.o(i.SysTick_Handler) refers to main.o(.data) for user_mode
    stm32f4xx_it.o(i.USART1_IRQHandler) refers to stm32f4xx_usart.o(i.USART_GetITStatus) for USART_GetITStatus
    stm32f4xx_it.o(i.USART1_IRQHandler) refers to stm32f4xx_usart.o(i.USART_GetFlagStatus) for USART_GetFlagStatus
    stm32f4xx_it.o(i.USART1_IRQHandler) refers to stm32f4xx_usart.o(i.USART_SendData) for USART_SendData
    stm32f4xx_it.o(i.USART1_IRQHandler) refers to stm32f4xx_usart.o(i.USART_ITConfig) for USART_ITConfig
    stm32f4xx_it.o(i.USART1_IRQHandler) refers to stm32f4xx_usart.o(i.USART_ClearITPendingBit) for USART_ClearITPendingBit
    stm32f4xx_it.o(i.USART1_IRQHandler) refers to stm32f4xx_usart.o(i.USART_ReceiveData) for USART_ReceiveData
    stm32f4xx_it.o(i.USART1_IRQHandler) refers to memcpya.o(.text) for __aeabi_memcpy
    stm32f4xx_it.o(i.USART1_IRQHandler) refers to stm32f4xx_it.o(.data) for .data
    stm32f4xx_it.o(i.USART1_IRQHandler) refers to main.o(.data) for USART1_read_index
    stm32f4xx_it.o(i.USART1_IRQHandler) refers to stm32f4xx_it.o(.bss) for .bss
    stm32f4xx_it.o(i.USART1_IRQHandler) refers to main.o(.data) for USART1_gets
    system_stm32f4xx.o(i.SystemCoreClockUpdate) refers to system_stm32f4xx.o(.data) for .data
    headphone.o(i.EVAL_AUDIO_TransferComplete_CallBack) refers to stm32f4_discovery_audio_codec.o(i.Audio_MAL_Play) for Audio_MAL_Play
[...]
    printf7.o(i.__0fprintf$7) refers to fputc.o(i.fputc) for fputc
    printf7.o(i.__0printf$7) refers to printf7.o(i._printf_core) for _printf_core
    printf7.o(i.__0printf$7) refers to fputc.o(i.fputc) for fputc
    printf7.o(i.__0printf$7) refers to stdout.o(.data) for __stdout
    printf7.o(i.__0snprintf$7) refers to printf7.o(i._printf_core) for _printf_core
    printf7.o(i.__0snprintf$7) refers to printf7.o(i._snputc) for _snputc
    printf7.o(i.__0sprintf$7) refers to printf7.o(i._printf_core) for _printf_core
    printf7.o(i.__0sprintf$7) refers to printf7.o(i._sputc) for _sputc
    printf7.o(i.__0vfprintf$7) refers to printf7.o(i._printf_core) for _printf_core
    printf7.o(i.__0vfprintf$7) refers to fputc.o(i.fputc) for fputc
    printf7.o(i.__0vprintf$7) refers to printf7.o(i._printf_core) for _printf_core
    printf7.o(i.__0vprintf$7) refers to fputc.o(i.fputc) for fputc
    printf7.o(i.__0vprintf$7) refers to stdout.o(.data) for __stdout
    printf7.o(i.__0vsnprintf$7) refers to printf7.o(i._printf_core) for _printf_core
    printf7.o(i.__0vsnprintf$7) refers to printf7.o(i._snputc) for _snputc
    printf7.o(i.__0vsprintf$7) refers to printf7.o(i._printf_core) for _printf_core
    printf7.o(i.__0vsprintf$7) refers to printf7.o(i._sputc) for _sputc
    printf7.o(i._printf_core) refers to printf7.o(i._printf_pre_padding) for _printf_pre_padding
    printf7.o(i._printf_core) refers to uldiv.o(.text) for __aeabi_uldivmod
    printf7.o(i._printf_core) refers to printf7.o(i._printf_post_padding) for _printf_post_padding
    printf8.o(i.__0fprintf$8) refers to printf8.o(i._printf_core) for _printf_core
    printf8.o(i.__0fprintf$8) refers to fputc.o(i.fputc) for fputc
    printf8.o(i.__0printf$8) refers to printf8.o(i._printf_core) for _printf_core
    printf8.o(i.__0printf$8) refers to fputc.o(i.fputc) for fputc
    printf8.o(i.__0printf$8) refers to stdout.o(.data) for __stdout
    printf8.o(i.__0snprintf$8) refers to printf8.o(i._printf_core) for _printf_core
    printf8.o(i.__0snprintf$8) refers to printf8.o(i._snputc) for _snputc
    printf8.o(i.__0sprintf$8) refers to printf8.o(i._printf_core) for _printf_core
    printf8.o(i.__0sprintf$8) refers to printf8.o(i._sputc) for _sputc
    printf8.o(i.__0vfprintf$8) refers to printf8.o(i._printf_core) for _printf_core
    printf8.o(i.__0vfprintf$8) refers to fputc.o(i.fputc) for fputc
    printf8.o(i.__0vprintf$8) refers to printf8.o(i._printf_core) for _printf_core
    printf8.o(i.__0vprintf$8) refers to fputc.o(i.fputc) for fputc
    printf8.o(i.__0vprintf$8) refers to stdout.o(.data) for __stdout
    printf8.o(i.__0vsnprintf$8) refers to printf8.o(i._printf_core) for _printf_core
    printf8.o(i.__0vsnprintf$8) refers to printf8.o(i._snputc) for _snputc
    printf8.o(i.__0vsprintf$8) refers to printf8.o(i._printf_core) for _printf_core
    printf8.o(i.__0vsprintf$8) refers to printf8.o(i._sputc) for _sputc
    printf8.o(i._printf_core) refers to printf8.o(i._printf_pre_padding) for _printf_pre_padding
    printf8.o(i._printf_core) refers to uldiv.o(.text) for __aeabi_uldivmod
    printf8.o(i._printf_core) refers to printf8.o(i._printf_post_padding) for _printf_post_padding
    printfa.o(i.__0fprintf) refers (Special) to iusefp.o(.text) for __I$use$fp
    printfa.o(i.__0fprintf) refers to printfa.o(i._printf_core) for _printf_core
    printfa.o(i.__0fprintf) refers to fputc.o(i.fputc) for fputc
    printfa.o(i.__0printf) refers (Special) to iusefp.o(.text) for __I$use$fp
    printfa.o(i.__0printf) refers to printfa.o(i._printf_core) for _printf_core
    printfa.o(i.__0printf) refers to fputc.o(i.fputc) for fputc
    printfa.o(i.__0printf) refers to stdout.o(.data) for __stdout
    printfa.o(i.__0snprintf) refers (Special) to iusefp.o(.text) for __I$use$fp
    printfa.o(i.__0snprintf) refers to printfa.o(i._printf_core) for _printf_core
    printfa.o(i.__0snprintf) refers to printfa.o(i._snputc) for _snputc
    printfa.o(i.__0sprintf) refers (Special) to iusefp.o(.text) for __I$use$fp
    printfa.o(i.__0sprintf) refers to printfa.o(i._printf_core) for _printf_core
    printfa.o(i.__0sprintf) refers to printfa.o(i._sputc) for _sputc
    printfa.o(i.__0vfprintf) refers (Special) to iusefp.o(.text) for __I$use$fp
    printfa.o(i.__0vfprintf) refers to printfa.o(i._printf_core) for _printf_core
    printfa.o(i.__0vfprintf) refers to fputc.o(i.fputc) for fputc
    printfa.o(i.__0vprintf) refers (Special) to iusefp.o(.text) for __I$use$fp
    printfa.o(i.__0vprintf) refers to printfa.o(i._printf_core) for _printf_core
    printfa.o(i.__0vprintf) refers to fputc.o(i.fputc) for fputc
    printfa.o(i.__0vprintf) refers to stdout.o(.data) for __stdout
    printfa.o(i.__0vsnprintf) refers (Special) to iusefp.o(.text) for __I$use$fp
    printfa.o(i.__0vsnprintf) refers to printfa.o(i._printf_core) for _printf_core
    printfa.o(i.__0vsnprintf) refers to printfa.o(i._snputc) for _snputc
    printfa.o(i.__0vsprintf) refers (Special) to iusefp.o(.text) for __I$use$fp
    printfa.o(i.__0vsprintf) refers to printfa.o(i._printf_core) for _printf_core
    printfa.o(i.__0vsprintf) refers to printfa.o(i._sputc) for _sputc
    printfa.o(i._fp_digits) refers (Special) to iusefp.o(.text) for __I$use$fp
    printfa.o(i._fp_digits) refers to dmul.o(.text) for __aeabi_dmul
    printfa.o(i._fp_digits) refers to ddiv.o(.text) for __aeabi_ddiv
    printfa.o(i._fp_digits) refers to cdrcmple.o(.text) for __aeabi_cdrcmple
    printfa.o(i._fp_digits) refers to dadd.o(.text) for __aeabi_dadd
    printfa.o(i._fp_digits) refers to dfixul.o(.text) for __aeabi_d2ulz
    printfa.o(i._fp_digits) refers to uldiv.o(.text) for __aeabi_uldivmod
    printfa.o(i._printf_core) refers (Special) to iusefp.o(.text) for __I$use$fp
    printfa.o(i._printf_core) refers to printfa.o(i._printf_pre_padding) for _printf_pre_padding
    printfa.o(i._printf_core) refers to uldiv.o(.text) for __aeabi_uldivmod
    printfa.o(i._printf_core) refers to printfa.o(i._printf_post_padding) for _printf_post_padding
    printfa.o(i._printf_core) refers to printfa.o(i._fp_digits) for _fp_digits
    printfa.o(i._printf_core) refers to uidiv.o(.text) for __aeabi_uidivmod
    printfa.o(i._printf_post_padding) refers (Special) to iusefp.o(.text) for __I$use$fp
    printfa.o(i._printf_pre_padding) refers (Special) to iusefp.o(.text) for __I$use$fp
    printfa.o(i._snputc) refers (Special) to iusefp.o(.text) for __I$use$fp
    printfa.o(i._sputc) refers (Special) to iusefp.o(.text) for __I$use$fp
    fscalb.o(.text) refers (Special) to iusefp.o(.text) for __I$use$fp
    dadd.o(.text) refers (Special) to iusefp.o(.text) for __I$use$fp
    dadd.o(.text) refers to llshl.o(.text) for __aeabi_llsl
    dadd.o(.text) refers to llsshr.o(.text) for __aeabi_lasr
    dadd.o(.text) refers to depilogue.o(.text) for _double_epilogue
    dmul.o(.text) refers (Special) to iusefp.o(.text) for __I$use$fp
    dmul.o(.text) refers to depilogue.o(.text) for _double_epilogue
    ddiv.o(.text) refers (Special) to iusefp.o(.text) for __I$use$fp
    ddiv.o(.text) refers to depilogue.o(.text) for _double_round
    dfltui.o(.text) refers (Special) to iusefp.o(.text) for __I$use$fp
    dfltui.o(.text) refers to depilogue.o(.text) for _double_epilogue
    dfixui.o(.text) refers (Special) to iusefp.o(.text) for __I$use$fp
    dfixui.o(.text) refers to llushr.o(.text) for __aeabi_llsr
    f2d.o(.text) refers (Special) to iusefp.o(.text) for __I$use$fp
    entry2.o(.ARM.Collect$$$$00000001) refers to entry2.o(.ARM.Collect$$$$00002712) for __lit__00000000
    entry2.o(.ARM.Collect$$$$00002712) refers to startup_stm32f4xx.o(STACK) for __initial_sp
    entry2.o(__vectab_stack_and_reset_area) refers to startup_stm32f4xx.o(STACK) for __initial_sp
    entry2.o(__vectab_stack_and_reset_area) refers to entry.o(.ARM.Collect$$$$00000000) for __main
    entry5.o(.ARM.Collect$$$$00000004) refers to init.o(.text) for __scatterload
    entry9a.o(.ARM.Collect$$$$0000000B) refers to main.o(i.main) for main
    entry9b.o(.ARM.Collect$$$$0000000C) refers to main.o(i.main) for main
    fputc.o(i.fputc) refers (Special) to iusesemip.o(.text) for __I$use$semihosting$fputc
    fputc.o(i.fputc) refers (Special) to semi.o(.text) for __semihosting_library_function
    uldiv.o(.text) refers to llushr.o(.text) for __aeabi_llsr
    uldiv.o(.text) refers to llshl.o(.text) for __aeabi_llsl
    depilogue.o(.text) refers to llshl.o(.text) for __aeabi_llsl
    depilogue.o(.text) refers to llushr.o(.text) for __aeabi_llsr
    dfixul.o(.text) refers to llushr.o(.text) for __aeabi_llsr
    dfixul.o(.text) refers to llshl.o(.text) for __aeabi_llsl
    init.o(.text) refers to entry5.o(.ARM.Collect$$$$00000004) for __main_after_scatterload


==============================================================================

Removing Unused input sections from the image.

    Removing main.o(.emb_text), (8 bytes).
    Removing main.o(i.GPIOInitialize), (76 bytes).
    Removing main.o(i.NVICInitialize), (48 bytes).
    Removing main.o(i.UART_Initialize), (76 bytes).
    Removing stm32f4xx_it.o(.emb_text), (8 bytes).
    Removing system_stm32f4xx.o(.emb_text), (8 bytes).
    Removing system_stm32f4xx.o(i.SystemCoreClockUpdate), (132 bytes).
    Removing system_stm32f4xx.o(.data), (20 bytes).
    Removing headphone.o(.emb_text), (8 bytes).
    Removing headphone.o(i.EVAL_AUDIO_Error_CallBack), (2 bytes).
    Removing headphone.o(i.EVAL_AUDIO_HalfTransfer_CallBack), (2 bytes).
    Removing headphone.o(i.WavePlayBack), (288 bytes).
    Removing headphone.o(i.WavePlayerInit), (32 bytes).
    Removing microphone.o(.emb_text), (8 bytes).
    Removing microphone.o(i.WaveRecorderBeginSampling), (68 bytes).
    Removing microphone.o(i.WaveRecorderInit), (308 bytes).
    Removing microphone.o(i.WaveRecorderStart), (52 bytes).
    Removing dsp.o(.emb_text), (8 bytes).
    Removing dsp.o(i.dsp), (148 bytes).
    Removing dsp.o(i.initFilter), (72 bytes).
    Removing dsp.o(.bss), (2172 bytes).
    Removing dsp.o(.data), (120 bytes).
    Removing dsp.o(.data), (162 bytes).
    Removing dsp.o(.data), (400 bytes).
    Removing gui_interface_communications.o(.emb_text), (8 bytes).
    Removing gui_interface_communications.o(i.USART_put_data), (20 bytes).
    Removing stm32f4_discovery.o(.emb_text), (8 bytes).
    Removing stm32f4_discovery.o(i.STM_EVAL_PBGetState), (24 bytes).
    Removing stm32f4_discovery.o(.data), (4 bytes).
    Removing stm32f4_discovery_audio_codec.o(.emb_text), (8 bytes).
    Removing stm32f4_discovery_audio_codec.o(i.Codec_TIMEOUT_UserCallback), (2 bytes).
    Removing stm32f4_discovery_audio_codec.o(i.Codec_WriteRegister), (672 bytes).
    Removing stm32f4_discovery_audio_codec.o(i.DAC_Config), (80 bytes).
    Removing stm32f4_discovery_audio_codec.o(i.EVAL_AUDIO_DeInit), (228 bytes).
    Removing stm32f4_discovery_audio_codec.o(i.EVAL_AUDIO_Init), (1004 bytes).
    Removing stm32f4_discovery_audio_codec.o(i.EVAL_AUDIO_Mute), (28 bytes).
    Removing stm32f4_discovery_audio_codec.o(i.EVAL_AUDIO_PauseResume), (140 bytes).
    Removing stm32f4_discovery_audio_codec.o(i.EVAL_AUDIO_Play), (148 bytes).
    Removing stm32f4_discovery_audio_codec.o(i.EVAL_AUDIO_SetAudioInterface), (152 bytes).
    Removing stm32f4_discovery_audio_codec.o(i.EVAL_AUDIO_Stop), (128 bytes).
    Removing stm32f4_discovery_audio_codec.o(i.EVAL_AUDIO_VolumeCtl), (82 bytes).
    Removing stm32f4_discovery_audio_codec.o(.bss), (60 bytes).
    Removing misc.o(.emb_text), (8 bytes).
    Removing misc.o(i.NVIC_PriorityGroupConfig), (20 bytes).
    Removing misc.o(i.NVIC_SetVectorTable), (20 bytes).
    Removing misc.o(i.NVIC_SystemLPConfig), (24 bytes).
    Removing misc.o(i.SysTick_CLKSourceConfig), (22 bytes).
    Removing stm32f4xx_syscfg.o(.emb_text), (8 bytes).
    Removing stm32f4xx_syscfg.o(i.SYSCFG_CompensationCellCmd), (12 bytes).
    Removing stm32f4xx_syscfg.o(i.SYSCFG_DeInit), (24 bytes).
    Removing stm32f4xx_syscfg.o(i.SYSCFG_ETH_MediaInterfaceConfig), (12 bytes).
    Removing stm32f4xx_syscfg.o(i.SYSCFG_GetCompensationCellStatus), (20 bytes).
    Removing stm32f4xx_syscfg.o(i.SYSCFG_MemoryRemapConfig), (12 bytes).
    Removing stm32f4xx_syscfg.o(i.SYSCFG_MemorySwappingBank), (12 bytes).
    Removing stm32f4xx_dac.o(.emb_text), (8 bytes).
    Removing stm32f4xx_dac.o(i.DAC_ClearFlag), (16 bytes).
    Removing stm32f4xx_dac.o(i.DAC_ClearITPendingBit), (16 bytes).
    Removing stm32f4xx_dac.o(i.DAC_Cmd), (28 bytes).
    Removing stm32f4xx_dac.o(i.DAC_DMACmd), (28 bytes).
    Removing stm32f4xx_dac.o(i.DAC_DeInit), (24 bytes).
    Removing stm32f4xx_dac.o(i.DAC_DualSoftwareTriggerCmd), (24 bytes).
    Removing stm32f4xx_dac.o(i.DAC_GetDataOutputValue), (24 bytes).
    Removing stm32f4xx_dac.o(i.DAC_GetFlagStatus), (24 bytes).
    Removing stm32f4xx_dac.o(i.DAC_GetITStatus), (40 bytes).
    Removing stm32f4xx_dac.o(i.DAC_ITConfig), (28 bytes).
    Removing stm32f4xx_dac.o(i.DAC_Init), (52 bytes).
    Removing stm32f4xx_dac.o(i.DAC_SetChannel2Data), (22 bytes).
    Removing stm32f4xx_dac.o(i.DAC_SetDualChannelData), (24 bytes).
    Removing stm32f4xx_dac.o(i.DAC_SoftwareTriggerCmd), (32 bytes).
    Removing stm32f4xx_dac.o(i.DAC_StructInit), (12 bytes).
    Removing stm32f4xx_dac.o(i.DAC_WaveGenerationCmd), (28 bytes).
    Removing stm32f4xx_dma.o(.emb_text), (8 bytes).
    Removing stm32f4xx_dma.o(i.DMA_ClearITPendingBit), (44 bytes).
    Removing stm32f4xx_dma.o(i.DMA_DeInit), (388 bytes).
    Removing stm32f4xx_dma.o(i.DMA_DoubleBufferModeCmd), (18 bytes).
    Removing stm32f4xx_dma.o(i.DMA_DoubleBufferModeConfig), (20 bytes).
    Removing stm32f4xx_dma.o(i.DMA_FlowControllerConfig), (18 bytes).
    Removing stm32f4xx_dma.o(i.DMA_GetCurrDataCounter), (6 bytes).
    Removing stm32f4xx_dma.o(i.DMA_GetCurrentMemoryTarget), (16 bytes).
    Removing stm32f4xx_dma.o(i.DMA_GetFIFOStatus), (8 bytes).
    Removing stm32f4xx_dma.o(i.DMA_GetITStatus), (96 bytes).
    Removing stm32f4xx_dma.o(i.DMA_ITConfig), (64 bytes).
    Removing stm32f4xx_dma.o(i.DMA_MemoryTargetConfig), (10 bytes).
    Removing stm32f4xx_dma.o(i.DMA_PeriphIncOffsetSizeConfig), (18 bytes).
    Removing stm32f4xx_dma.o(i.DMA_SetCurrDataCounter), (4 bytes).
    Removing stm32f4xx_dma.o(i.DMA_StructInit), (34 bytes).
    Removing stm32f4xx_gpio.o(.emb_text), (8 bytes).
    Removing stm32f4xx_gpio.o(i.GPIO_DeInit), (300 bytes).
    Removing stm32f4xx_gpio.o(i.GPIO_PinLockConfig), (26 bytes).
    Removing stm32f4xx_gpio.o(i.GPIO_ReadInputData), (6 bytes).
    Removing stm32f4xx_gpio.o(i.GPIO_ReadInputDataBit), (14 bytes).
    Removing stm32f4xx_gpio.o(i.GPIO_ReadOutputData), (6 bytes).
    Removing stm32f4xx_gpio.o(i.GPIO_ReadOutputDataBit), (14 bytes).
    Removing stm32f4xx_gpio.o(i.GPIO_ResetBits), (4 bytes).
    Removing stm32f4xx_gpio.o(i.GPIO_SetBits), (4 bytes).
    Removing stm32f4xx_gpio.o(i.GPIO_StructInit), (18 bytes).
    Removing stm32f4xx_gpio.o(i.GPIO_ToggleBits), (8 bytes).
    Removing stm32f4xx_gpio.o(i.GPIO_Write), (4 bytes).
    Removing stm32f4xx_gpio.o(i.GPIO_WriteBit), (10 bytes).
    Removing stm32f4xx_i2c.o(.emb_text), (8 bytes).
    Removing stm32f4xx_i2c.o(i.I2C_ARPCmd), (18 bytes).
    Removing stm32f4xx_i2c.o(i.I2C_AcknowledgeConfig), (18 bytes).
    Removing stm32f4xx_i2c.o(i.I2C_AnalogFilterCmd), (18 bytes).
    Removing stm32f4xx_i2c.o(i.I2C_CalculatePEC), (18 bytes).
    Removing stm32f4xx_i2c.o(i.I2C_CheckEvent), (26 bytes).
    Removing stm32f4xx_i2c.o(i.I2C_ClearFlag), (6 bytes).
    Removing stm32f4xx_i2c.o(i.I2C_ClearITPendingBit), (6 bytes).
    Removing stm32f4xx_i2c.o(i.I2C_Cmd), (18 bytes).
    Removing stm32f4xx_i2c.o(i.I2C_DMACmd), (18 bytes).
    Removing stm32f4xx_i2c.o(i.I2C_DMALastTransferCmd), (18 bytes).
    Removing stm32f4xx_i2c.o(i.I2C_DeInit), (92 bytes).
    Removing stm32f4xx_i2c.o(i.I2C_DigitalFilterConfig), (16 bytes).
    Removing stm32f4xx_i2c.o(i.I2C_DualAddressCmd), (18 bytes).
    Removing stm32f4xx_i2c.o(i.I2C_FastModeDutyCycleConfig), (20 bytes).
    Removing stm32f4xx_i2c.o(i.I2C_GeneralCallCmd), (18 bytes).
    Removing stm32f4xx_i2c.o(i.I2C_GenerateSTART), (18 bytes).
    Removing stm32f4xx_i2c.o(i.I2C_GenerateSTOP), (18 bytes).
    Removing stm32f4xx_i2c.o(i.I2C_GetFlagStatus), (42 bytes).
    Removing stm32f4xx_i2c.o(i.I2C_GetITStatus), (34 bytes).
    Removing stm32f4xx_i2c.o(i.I2C_GetLastEvent), (14 bytes).
    Removing stm32f4xx_i2c.o(i.I2C_GetPEC), (6 bytes).
    Removing stm32f4xx_i2c.o(i.I2C_ITConfig), (16 bytes).
    Removing stm32f4xx_i2c.o(i.I2C_Init), (196 bytes).
    Removing stm32f4xx_i2c.o(i.I2C_NACKPositionConfig), (20 bytes).
    Removing stm32f4xx_i2c.o(i.I2C_OwnAddress2Config), (16 bytes).
    Removing stm32f4xx_i2c.o(i.I2C_PECPositionConfig), (20 bytes).
    Removing stm32f4xx_i2c.o(i.I2C_ReadRegister), (12 bytes).
    Removing stm32f4xx_i2c.o(i.I2C_ReceiveData), (6 bytes).
    Removing stm32f4xx_i2c.o(i.I2C_SMBusAlertConfig), (20 bytes).
    Removing stm32f4xx_i2c.o(i.I2C_Send7bitAddress), (16 bytes).
    Removing stm32f4xx_i2c.o(i.I2C_SendData), (4 bytes).
    Removing stm32f4xx_i2c.o(i.I2C_SoftwareResetCmd), (18 bytes).
    Removing stm32f4xx_i2c.o(i.I2C_StretchClockCmd), (18 bytes).
    Removing stm32f4xx_i2c.o(i.I2C_StructInit), (28 bytes).
    Removing stm32f4xx_i2c.o(i.I2C_TransmitPEC), (18 bytes).
    Removing stm32f4xx_spi.o(.emb_text), (8 bytes).
    Removing stm32f4xx_spi.o(i.I2S_FullDuplexConfig), (64 bytes).
    Removing stm32f4xx_spi.o(i.I2S_Init), (260 bytes).
    Removing stm32f4xx_spi.o(i.I2S_StructInit), (18 bytes).
    Removing stm32f4xx_spi.o(i.SPI_BiDirectionalLineConfig), (20 bytes).
    Removing stm32f4xx_spi.o(i.SPI_CalculateCRC), (18 bytes).
    Removing stm32f4xx_spi.o(i.SPI_Cmd), (18 bytes).
    Removing stm32f4xx_spi.o(i.SPI_DataSizeConfig), (16 bytes).
    Removing stm32f4xx_spi.o(i.SPI_GetCRC), (10 bytes).
    Removing stm32f4xx_spi.o(i.SPI_GetCRCPolynomial), (4 bytes).
    Removing stm32f4xx_spi.o(i.SPI_I2S_ClearFlag), (6 bytes).
    Removing stm32f4xx_spi.o(i.SPI_I2S_ClearITPendingBit), (16 bytes).
    Removing stm32f4xx_spi.o(i.SPI_I2S_DMACmd), (16 bytes).
    Removing stm32f4xx_spi.o(i.SPI_I2S_DeInit), (176 bytes).
    Removing stm32f4xx_spi.o(i.SPI_I2S_ITConfig), (26 bytes).
    Removing stm32f4xx_spi.o(i.SPI_Init), (84 bytes).
    Removing stm32f4xx_spi.o(i.SPI_NSSInternalSoftwareConfig), (22 bytes).
    Removing stm32f4xx_spi.o(i.SPI_SSOutputCmd), (18 bytes).
    Removing stm32f4xx_spi.o(i.SPI_StructInit), (24 bytes).
    Removing stm32f4xx_spi.o(i.SPI_TIModeCmd), (18 bytes).
    Removing stm32f4xx_spi.o(i.SPI_TransmitCRC), (10 bytes).
    Removing stm32f4xx_exti.o(.emb_text), (8 bytes).
    Removing stm32f4xx_exti.o(i.EXTI_ClearFlag), (12 bytes).
    Removing stm32f4xx_exti.o(i.EXTI_DeInit), (40 bytes).
    Removing stm32f4xx_exti.o(i.EXTI_GenerateSWInterrupt), (16 bytes).
    Removing stm32f4xx_exti.o(i.EXTI_GetFlagStatus), (20 bytes).
    Removing stm32f4xx_exti.o(i.EXTI_StructInit), (14 bytes).
    Removing stm32f4xx_rng.o(.emb_text), (8 bytes).
    Removing stm32f4xx_usart.o(.emb_text), (8 bytes).
    Removing stm32f4xx_usart.o(i.USART_ClearFlag), (6 bytes).
    Removing stm32f4xx_usart.o(i.USART_ClockInit), (34 bytes).
    Removing stm32f4xx_usart.o(i.USART_ClockStructInit), (12 bytes).
    Removing stm32f4xx_usart.o(i.USART_DMACmd), (16 bytes).
    Removing stm32f4xx_usart.o(i.USART_DeInit), (228 bytes).
    Removing stm32f4xx_usart.o(i.USART_HalfDuplexCmd), (18 bytes).
    Removing stm32f4xx_usart.o(i.USART_IrDACmd), (18 bytes).
    Removing stm32f4xx_usart.o(i.USART_IrDAConfig), (16 bytes).
    Removing stm32f4xx_usart.o(i.USART_LINBreakDetectLengthConfig), (16 bytes).
    Removing stm32f4xx_usart.o(i.USART_LINCmd), (18 bytes).
    Removing stm32f4xx_usart.o(i.USART_OneBitMethodCmd), (18 bytes).
    Removing stm32f4xx_usart.o(i.USART_OverSampling8Cmd), (18 bytes).
    Removing stm32f4xx_usart.o(i.USART_ReceiverWakeUpCmd), (18 bytes).
    Removing stm32f4xx_usart.o(i.USART_SendBreak), (10 bytes).
    Removing stm32f4xx_usart.o(i.USART_SetAddress), (16 bytes).
    Removing stm32f4xx_usart.o(i.USART_SetGuardTime), (16 bytes).
    Removing stm32f4xx_usart.o(i.USART_SetPrescaler), (16 bytes).
    Removing stm32f4xx_usart.o(i.USART_SmartCardCmd), (18 bytes).
    Removing stm32f4xx_usart.o(i.USART_SmartCardNACKCmd), (18 bytes).
    Removing stm32f4xx_usart.o(i.USART_StructInit), (22 bytes).
    Removing stm32f4xx_usart.o(i.USART_WakeUpConfig), (16 bytes).
    Removing stm32f4xx_rcc.o(.emb_text), (8 bytes).
    Removing stm32f4xx_rcc.o(i.RCC_AHB1PeriphClockLPModeCmd), (24 bytes).
    Removing stm32f4xx_rcc.o(i.RCC_AHB1PeriphResetCmd), (24 bytes).
    Removing stm32f4xx_rcc.o(i.RCC_AHB2PeriphClockCmd), (24 bytes).
    Removing stm32f4xx_rcc.o(i.RCC_AHB2PeriphClockLPModeCmd), (24 bytes).
    Removing stm32f4xx_rcc.o(i.RCC_AHB2PeriphResetCmd), (24 bytes).
    Removing stm32f4xx_rcc.o(i.RCC_APB1PeriphClockCmd), (24 bytes).
    Removing stm32f4xx_rcc.o(i.RCC_APB1PeriphClockLPModeCmd), (24 bytes).
    Removing stm32f4xx_rcc.o(i.RCC_APB1PeriphResetCmd), (24 bytes).
    Removing stm32f4xx_rcc.o(i.RCC_APB2PeriphClockLPModeCmd), (24 bytes).
    Removing stm32f4xx_rcc.o(i.RCC_APB2PeriphResetCmd), (24 bytes).
    Removing stm32f4xx_rcc.o(i.RCC_AdjustHSICalibrationValue), (20 bytes).
    Removing stm32f4xx_rcc.o(i.RCC_BackupResetCmd), (12 bytes).
    Removing stm32f4xx_rcc.o(i.RCC_ClearFlag), (16 bytes).
    Removing stm32f4xx_rcc.o(i.RCC_ClearITPendingBit), (12 bytes).
    Removing stm32f4xx_rcc.o(i.RCC_ClockSecuritySystemCmd), (12 bytes).
    Removing stm32f4xx_rcc.o(i.RCC_DeInit), (72 bytes).
    Removing stm32f4xx_rcc.o(i.RCC_GetFlagStatus), (56 bytes).
    Removing stm32f4xx_rcc.o(i.RCC_GetITStatus), (20 bytes).
    Removing stm32f4xx_rcc.o(i.RCC_GetSYSCLKSource), (16 bytes).
    Removing stm32f4xx_rcc.o(i.RCC_HCLKConfig), (20 bytes).
    Removing stm32f4xx_rcc.o(i.RCC_HSEConfig), (16 bytes).
    Removing stm32f4xx_rcc.o(i.RCC_HSICmd), (12 bytes).
    Removing stm32f4xx_rcc.o(i.RCC_ITConfig), (24 bytes).
    Removing stm32f4xx_rcc.o(i.RCC_LSEConfig), (28 bytes).
    Removing stm32f4xx_rcc.o(i.RCC_LSEModeConfig), (2 bytes).
    Removing stm32f4xx_rcc.o(i.RCC_LSICmd), (12 bytes).
    Removing stm32f4xx_rcc.o(i.RCC_LTDCCLKDivConfig), (20 bytes).
    Removing stm32f4xx_rcc.o(i.RCC_MCO1Config), (20 bytes).
    Removing stm32f4xx_rcc.o(i.RCC_MCO2Config), (20 bytes).
    Removing stm32f4xx_rcc.o(i.RCC_PCLK1Config), (20 bytes).
    Removing stm32f4xx_rcc.o(i.RCC_PCLK2Config), (20 bytes).
    Removing stm32f4xx_rcc.o(i.RCC_PLLCmd), (12 bytes).
    Removing stm32f4xx_rcc.o(i.RCC_PLLI2SCmd), (12 bytes).
    Removing stm32f4xx_rcc.o(i.RCC_PLLSAICmd), (12 bytes).
    Removing stm32f4xx_rcc.o(i.RCC_RTCCLKCmd), (12 bytes).
    Removing stm32f4xx_rcc.o(i.RCC_RTCCLKConfig), (52 bytes).
    Removing stm32f4xx_rcc.o(i.RCC_SAIPLLI2SClkDivConfig), (20 bytes).
    Removing stm32f4xx_rcc.o(i.RCC_SAIPLLSAIClkDivConfig), (28 bytes).
    Removing stm32f4xx_rcc.o(i.RCC_SYSCLKConfig), (20 bytes).
    Removing stm32f4xx_rcc.o(i.RCC_TIMCLKPresConfig), (12 bytes).
    Removing stm32f4xx_rcc.o(i.RCC_WaitForHSEStartUp), (56 bytes).
    Removing startup_stm32f4xx.o(HEAP), (512 bytes).
    Removing arm_fir_fast_q15.o(.emb_text), (8 bytes).
    Removing arm_fir_fast_q15.o(.text), (478 bytes).
    Removing arm_fir_init_q15.o(.emb_text), (8 bytes).
    Removing arm_fir_init_q15.o(.text), (46 bytes).
    Removing arm_copy_q15.o(.emb_text), (8 bytes).
    Removing arm_copy_q15.o(.text), (126 bytes).
    Removing dfixul.o(.text), (48 bytes).
    Removing cdrcmple.o(.text), (48 bytes).

236 unused section(s) (total 13458 bytes) removed from the image.

==============================================================================

Image Symbol Table

    Local Symbols

    Symbol Name                              Value     Ov Type        Size  Object(Section)

    ../clib/../cmprslib/zerorunl2.c          0x00000000   Number         0  __dczerorl2.o ABSOLUTE
    ../clib/microlib/division.c              0x00000000   Number         0  uldiv.o ABSOLUTE
    ../clib/microlib/division.c              0x00000000   Number         0  uidiv.o ABSOLUTE
    ../clib/microlib/init/entry.s            0x00000000   Number         0  entry7b.o ABSOLUTE
    ../clib/microlib/init/entry.s            0x00000000   Number         0  entry8b.o ABSOLUTE
    ../clib/microlib/init/entry.s            0x00000000   Number         0  entry11b.o ABSOLUTE
    ../clib/microlib/init/entry.s            0x00000000   Number         0  entry11a.o ABSOLUTE
    ../clib/microlib/init/entry.s            0x00000000   Number         0  entry10b.o ABSOLUTE
    ../clib/microlib/init/entry.s            0x00000000   Number         0  entry8a.o ABSOLUTE
    ../clib/microlib/init/entry.s            0x00000000   Number         0  entry10a.o ABSOLUTE
    ../clib/microlib/init/entry.s            0x00000000   Number         0  entry2.o ABSOLUTE
    ../clib/microlib/init/entry.s            0x00000000   Number         0  entry9b.o ABSOLUTE
    ../clib/microlib/init/entry.s            0x00000000   Number         0  entry7a.o ABSOLUTE
    ../clib/microlib/init/entry.s            0x00000000   Number         0  entry.o ABSOLUTE
    ../clib/microlib/init/entry.s            0x00000000   Number         0  entry9a.o ABSOLUTE
    ../clib/microlib/init/entry.s            0x00000000   Number         0  entry5.o ABSOLUTE
    ../clib/microlib/longlong.c              0x00000000   Number         0  llsshr.o ABSOLUTE
    ../clib/microlib/longlong.c              0x00000000   Number         0  llushr.o ABSOLUTE
    ../clib/microlib/longlong.c              0x00000000   Number         0  llshl.o ABSOLUTE
    ../clib/microlib/printf/printf.c         0x00000000   Number         0  printfa.o ABSOLUTE
    ../clib/microlib/printf/printf.c         0x00000000   Number         0  printf8.o ABSOLUTE
    ../clib/microlib/printf/printf.c         0x00000000   Number         0  printf7.o ABSOLUTE
    ../clib/microlib/printf/printf.c         0x00000000   Number         0  printfb.o ABSOLUTE
    ../clib/microlib/printf/printf.c         0x00000000   Number         0  printf0.o ABSOLUTE
    ../clib/microlib/printf/printf.c         0x00000000   Number         0  printf1.o ABSOLUTE
    ../clib/microlib/printf/printf.c         0x00000000   Number         0  printf2.o ABSOLUTE
    ../clib/microlib/printf/printf.c         0x00000000   Number         0  printf3.o ABSOLUTE
    ../clib/microlib/printf/printf.c         0x00000000   Number         0  printf6.o ABSOLUTE
    ../clib/microlib/printf/printf.c         0x00000000   Number         0  printf4.o ABSOLUTE
    ../clib/microlib/printf/printf.c         0x00000000   Number         0  printf5.o ABSOLUTE
    ../clib/microlib/printf/stubs.s          0x00000000   Number         0  stubs.o ABSOLUTE
    ../clib/microlib/stdio/fputc.c           0x00000000   Number         0  fputc.o ABSOLUTE
    ../clib/microlib/stdio/semi.s            0x00000000   Number         0  semi.o ABSOLUTE
    ../clib/microlib/stdio/streams.c         0x00000000   Number         0  stdout.o ABSOLUTE
    ../clib/microlib/string/memcpy.c         0x00000000   Number         0  memcpyb.o ABSOLUTE
    ../clib/microlib/string/memcpy.c         0x00000000   Number         0  memcpya.o ABSOLUTE
    ../clib/microlib/string/memset.c         0x00000000   Number         0  memseta.o ABSOLUTE
    ../clib/microlib/string/strstr.c         0x00000000   Number         0  strstr.o ABSOLUTE
    ../clib/microlib/stubs.s                 0x00000000   Number         0  iusesemip.o ABSOLUTE
    ../clib/microlib/stubs.s                 0x00000000   Number         0  iusefp.o ABSOLUTE
    ../fplib/microlib/f2d.c                  0x00000000   Number         0  f2d.o ABSOLUTE
    ../fplib/microlib/fpadd.c                0x00000000   Number         0  dadd.o ABSOLUTE
    ../fplib/microlib/fpdiv.c                0x00000000   Number         0  ddiv.o ABSOLUTE
    ../fplib/microlib/fpepilogue.c           0x00000000   Number         0  depilogue.o ABSOLUTE
    ../fplib/microlib/fpfix.c                0x00000000   Number         0  dfixul.o ABSOLUTE
    ../fplib/microlib/fpfix.c                0x00000000   Number         0  dfixui.o ABSOLUTE
    ../fplib/microlib/fpflt.c                0x00000000   Number         0  dfltui.o ABSOLUTE
    ../fplib/microlib/fpmul.c                0x00000000   Number         0  dmul.o ABSOLUTE
    ../fplib/microlib/fpscalb.c              0x00000000   Number         0  fscalb.o ABSOLUTE
    ..\..\..\..\stm32f4_dsp_stdperiph_lib\STM32F4xx_DSP_StdPeriph_Lib_V1.6.1\Libraries\STM32F4xx_StdPeriph_Driver\src\stm32f4xx_rcc.c 0x00000000   Number         0  stm32f4xx_rcc.o ABSOLUTE
    ..\..\..\..\stm32f4_dsp_stdperiph_lib\STM32F4xx_DSP_StdPeriph_Lib_V1.6.1\Libraries\STM32F4xx_StdPeriph_Driver\src\stm32f4xx_usart.c 0x00000000   Number         0  stm32f4xx_usart.o ABSOLUTE
    ..\..\Libraries\CMSIS\ST\STM32F4xx\Source\Templates\arm\startup_stm32f4xx.s 0x00000000   Number         0  startup_stm32f4xx.o ABSOLUTE
    ..\..\Libraries\STM32F4xx_StdPeriph_Driver\src\misc.c 0x00000000   Number         0  misc.o ABSOLUTE
    ..\..\Libraries\STM32F4xx_StdPeriph_Driver\src\stm32f4xx_dac.c 0x00000000   Number         0  stm32f4xx_dac.o ABSOLUTE
    ..\..\Libraries\STM32F4xx_StdPeriph_Driver\src\stm32f4xx_dma.c 0x00000000   Number         0  stm32f4xx_dma.o ABSOLUTE
    ..\..\Libraries\STM32F4xx_StdPeriph_Driver\src\stm32f4xx_exti.c 0x00000000   Number         0  stm32f4xx_exti.o ABSOLUTE
    ..\..\Libraries\STM32F4xx_StdPeriph_Driver\src\stm32f4xx_gpio.c 0x00000000   Number         0  stm32f4xx_gpio.o ABSOLUTE
    ..\..\Libraries\STM32F4xx_StdPeriph_Driver\src\stm32f4xx_i2c.c 0x00000000   Number         0  stm32f4xx_i2c.o ABSOLUTE
    ..\..\Libraries\STM32F4xx_StdPeriph_Driver\src\stm32f4xx_rng.c 0x00000000   Number         0  stm32f4xx_rng.o ABSOLUTE
    ..\..\Libraries\STM32F4xx_StdPeriph_Driver\src\stm32f4xx_spi.c 0x00000000   Number         0  stm32f4xx_spi.o ABSOLUTE
    ..\..\Libraries\STM32F4xx_StdPeriph_Driver\src\stm32f4xx_syscfg.c 0x00000000   Number         0  stm32f4xx_syscfg.o ABSOLUTE
    ..\..\Utilities\STM32F4-Discovery\stm32f4_discovery.c 0x00000000   Number         0  stm32f4_discovery.o ABSOLUTE
    ..\..\Utilities\STM32F4-Discovery\stm32f4_discovery_audio_codec.c 0x00000000   Number         0  stm32f4_discovery_audio_codec.o ABSOLUTE
    ..\FilteringFunctions\arm_fir_fast_q15.c 0x00000000   Number         0  arm_fir_fast_q15.o ABSOLUTE
    ..\FilteringFunctions\arm_fir_init_q15.c 0x00000000   Number         0  arm_fir_init_q15.o ABSOLUTE
    ..\SupportFunctions\arm_copy_q15.c       0x00000000   Number         0  arm_copy_q15.o ABSOLUTE
    ..\\..\\..\\..\\stm32f4_dsp_stdperiph_lib\\STM32F4xx_DSP_StdPeriph_Lib_V1.6.1\\Libraries\\STM32F4xx_StdPeriph_Driver\\src\\stm32f4xx_rcc.c 0x00000000   Number         0  stm32f4xx_rcc.o ABSOLUTE
    ..\\..\\..\\..\\stm32f4_dsp_stdperiph_lib\\STM32F4xx_DSP_StdPeriph_Lib_V1.6.1\\Libraries\\STM32F4xx_StdPeriph_Driver\\src\\stm32f4xx_usart.c 0x00000000   Number         0  stm32f4xx_usart.o ABSOLUTE
    ..\\..\\Libraries\\STM32F4xx_StdPeriph_Driver\\src\\misc.c 0x00000000   Number         0  misc.o ABSOLUTE
    ..\\..\\Libraries\\STM32F4xx_StdPeriph_Driver\\src\\stm32f4xx_dac.c 0x00000000   Number         0  stm32f4xx_dac.o ABSOLUTE
    ..\\..\\Libraries\\STM32F4xx_StdPeriph_Driver\\src\\stm32f4xx_dma.c 0x00000000   Number         0  stm32f4xx_dma.o ABSOLUTE
    ..\\..\\Libraries\\STM32F4xx_StdPeriph_Driver\\src\\stm32f4xx_exti.c 0x00000000   Number         0  stm32f4xx_exti.o ABSOLUTE
    ..\\..\\Libraries\\STM32F4xx_StdPeriph_Driver\\src\\stm32f4xx_gpio.c 0x00000000   Number         0  stm32f4xx_gpio.o ABSOLUTE
    ..\\..\\Libraries\\STM32F4xx_StdPeriph_Driver\\src\\stm32f4xx_i2c.c 0x00000000   Number         0  stm32f4xx_i2c.o ABSOLUTE
    ..\\..\\Libraries\\STM32F4xx_StdPeriph_Driver\\src\\stm32f4xx_rng.c 0x00000000   Number         0  stm32f4xx_rng.o ABSOLUTE
    ..\\..\\Libraries\\STM32F4xx_StdPeriph_Driver\\src\\stm32f4xx_spi.c 0x00000000   Number         0  stm32f4xx_spi.o ABSOLUTE
    ..\\..\\Libraries\\STM32F4xx_StdPeriph_Driver\\src\\stm32f4xx_syscfg.c 0x00000000   Number         0  stm32f4xx_syscfg.o ABSOLUTE
    ..\\..\\Utilities\\STM32F4-Discovery\\stm32f4_discovery.c 0x00000000   Number         0  stm32f4_discovery.o ABSOLUTE
    ..\\..\\Utilities\\STM32F4-Discovery\\stm32f4_discovery_audio_codec.c 0x00000000   Number         0  stm32f4_discovery_audio_codec.o ABSOLUTE
    ..\\FilteringFunctions\\arm_fir_fast_q15.c 0x00000000   Number         0  arm_fir_fast_q15.o ABSOLUTE
    ..\\FilteringFunctions\\arm_fir_init_q15.c 0x00000000   Number         0  arm_fir_init_q15.o ABSOLUTE
    ..\\SupportFunctions\\arm_copy_q15.c     0x00000000   Number         0  arm_copy_q15.o ABSOLUTE
    ..\\src\\dsp.c                           0x00000000   Number         0  dsp.o ABSOLUTE
    ..\\src\\gui_interface_communications.c  0x00000000   Number         0  gui_interface_communications.o ABSOLUTE
    ..\\src\\headphone.c                     0x00000000   Number         0  headphone.o ABSOLUTE
    ..\\src\\main.c                          0x00000000   Number         0  main.o ABSOLUTE
    ..\\src\\microphone.c                    0x00000000   Number         0  microphone.o ABSOLUTE
    ..\\src\\stm32f4xx_it.c                  0x00000000   Number         0  stm32f4xx_it.o ABSOLUTE
    ..\\src\\system_stm32f4xx.c              0x00000000   Number         0  system_stm32f4xx.o ABSOLUTE
    ..\src\dsp.c                             0x00000000   Number         0  dsp.o ABSOLUTE
    ..\src\gui_interface_communications.c    0x00000000   Number         0  gui_interface_communications.o ABSOLUTE
    ..\src\headphone.c                       0x00000000   Number         0  headphone.o ABSOLUTE
    ..\src\main.c                            0x00000000   Number         0  main.o ABSOLUTE
    ..\src\microphone.c                      0x00000000   Number         0  microphone.o ABSOLUTE
    ..\src\pdm_filter.c                      0x00000000   Number         0  pdm_filter.o ABSOLUTE
    ..\src\stm32f4xx_it.c                    0x00000000   Number         0  stm32f4xx_it.o ABSOLUTE
    ..\src\system_stm32f4xx.c                0x00000000   Number         0  system_stm32f4xx.o ABSOLUTE
    cdrcmple.s                               0x00000000   Number         0  cdrcmple.o ABSOLUTE
    dc.s                                     0x00000000   Number         0  dc.o ABSOLUTE
    handlers.s                               0x00000000   Number         0  handlers.o ABSOLUTE
    init.s                                   0x00000000   Number         0  init.o ABSOLUTE
    RESET                                    0x08000000   Section      392  startup_stm32f4xx.o(RESET)
    .ARM.Collect$$$$00000000                 0x08000188   Section        0  entry.o(.ARM.Collect$$$$00000000)
    .ARM.Collect$$$$00000001                 0x08000188   Section        4  entry2.o(.ARM.Collect$$$$00000001)
    .ARM.Collect$$$$00000004                 0x0800018c   Section        4  entry5.o(.ARM.Collect$$$$00000004)
    .ARM.Collect$$$$00000008                 0x08000190   Section        0  entry7b.o(.ARM.Collect$$$$00000008)
    .ARM.Collect$$$$0000000A                 0x08000190   Section        0  entry8b.o(.ARM.Collect$$$$0000000A)
    .ARM.Collect$$$$0000000B                 0x08000190   Section        8  entry9a.o(.ARM.Collect$$$$0000000B)
    .ARM.Collect$$$$0000000D                 0x08000198   Section        0  entry10a.o(.ARM.Collect$$$$0000000D)
    .ARM.Collect$$$$0000000F                 0x08000198   Section        0  entry11a.o(.ARM.Collect$$$$0000000F)
    .ARM.Collect$$$$00002712                 0x08000198   Section        4  entry2.o(.ARM.Collect$$$$00002712)
    __lit__00000000                          0x08000198   Data           4  entry2.o(.ARM.Collect$$$$00002712)
    .text                                    0x0800019c   Section       36  startup_stm32f4xx.o(.text)
    $v0                                      0x0800019c   Number         0  startup_stm32f4xx.o(.text)
    .text                                    0x080001c0   Section        0  pdm_filter.o(.text)
    .text                                    0x08000dbc   Section        0  memcpya.o(.text)
    .text                                    0x08000de0   Section        0  strstr.o(.text)
    .text                                    0x08000e04   Section        0  fscalb.o(.text)
    .text                                    0x08000e1c   Section        0  dadd.o(.text)
    .text                                    0x08000f6a   Section        0  dmul.o(.text)
    .text                                    0x0800104e   Section        0  ddiv.o(.text)
    .text                                    0x0800112c   Section        0  dfltui.o(.text)
    .text                                    0x08001146   Section        0  dfixui.o(.text)
    .text                                    0x08001178   Section        0  f2d.o(.text)
    .text                                    0x0800119e   Section        0  uldiv.o(.text)
    .text                                    0x08001200   Section        0  llshl.o(.text)
    .text                                    0x0800121e   Section        0  llushr.o(.text)
    .text                                    0x0800123e   Section        0  llsshr.o(.text)
    .text                                    0x08001262   Section        0  iusefp.o(.text)
    .text                                    0x08001262   Section        0  depilogue.o(.text)
    .text                                    0x0800131c   Section       36  init.o(.text)
    .text                                    0x08001340   Section        0  __dczerorl2.o(.text)
    i.Audio_MAL_IRQHandler                   0x08001398   Section        0  stm32f4_discovery_audio_codec.o(i.Audio_MAL_IRQHandler)
    Audio_MAL_IRQHandler                     0x08001399   Thumb Code   156  stm32f4_discovery_audio_codec.o(i.Audio_MAL_IRQHandler)
    i.Audio_MAL_Play                         0x0800143c   Section        0  stm32f4_discovery_audio_codec.o(i.Audio_MAL_Play)
    i.BusFault_Handler                       0x080014a4   Section        0  stm32f4xx_it.o(i.BusFault_Handler)
    i.DAC_SetChannel1Data                    0x080014a6   Section        0  stm32f4xx_dac.o(i.DAC_SetChannel1Data)
    i.DMA1_Stream0_IRQHandler                0x080014bc   Section        0  stm32f4_discovery_audio_codec.o(i.DMA1_Stream0_IRQHandler)
    i.DMA1_Stream7_IRQHandler                0x080014c0   Section        0  stm32f4_discovery_audio_codec.o(i.DMA1_Stream7_IRQHandler)
    i.DMA_ClearFlag                          0x080014c4   Section        0  stm32f4xx_dma.o(i.DMA_ClearFlag)
    i.DMA_Cmd                                0x080014f0   Section        0  stm32f4xx_dma.o(i.DMA_Cmd)
    i.DMA_GetCmdStatus                       0x08001502   Section        0  stm32f4xx_dma.o(i.DMA_GetCmdStatus)
    i.DMA_GetFlagStatus                      0x08001514   Section        0  stm32f4xx_dma.o(i.DMA_GetFlagStatus)
    i.DMA_Init                               0x08001548   Section        0  stm32f4xx_dma.o(i.DMA_Init)
    i.DebugMon_Handler                       0x080015c0   Section        0  stm32f4xx_it.o(i.DebugMon_Handler)
    i.EVAL_AUDIO_GetSampleCallBack           0x080015c2   Section        0  headphone.o(i.EVAL_AUDIO_GetSampleCallBack)
    i.EVAL_AUDIO_TransferComplete_CallBack   0x080015c8   Section        0  headphone.o(i.EVAL_AUDIO_TransferComplete_CallBack)
    i.EXTI0_IRQHandler                       0x080015f8   Section        0  stm32f4xx_it.o(i.EXTI0_IRQHandler)
    i.EXTI1_IRQHandler                       0x08001644   Section        0  stm32f4xx_it.o(i.EXTI1_IRQHandler)
    i.EXTI_ClearITPendingBit                 0x08001664   Section        0  stm32f4xx_exti.o(i.EXTI_ClearITPendingBit)
    i.EXTI_GetITStatus                       0x08001670   Section        0  stm32f4xx_exti.o(i.EXTI_GetITStatus)
    i.EXTI_Init                              0x08001684   Section        0  stm32f4xx_exti.o(i.EXTI_Init)
    i.GPIO_Init                              0x08001714   Section        0  stm32f4xx_gpio.o(i.GPIO_Init)
    i.GPIO_PinAFConfig                       0x080017a4   Section        0  stm32f4xx_gpio.o(i.GPIO_PinAFConfig)
    i.HardFault_Handler                      0x080017c6   Section        0  stm32f4xx_it.o(i.HardFault_Handler)
    i.I2S_Cmd                                0x080017c8   Section        0  stm32f4xx_spi.o(i.I2S_Cmd)
    i.MemManage_Handler                      0x080017da   Section        0  stm32f4xx_it.o(i.MemManage_Handler)
    i.NMI_Handler                            0x080017dc   Section        0  stm32f4xx_it.o(i.NMI_Handler)
    i.NVIC_Init                              0x080017e0   Section        0  misc.o(i.NVIC_Init)
    i.PendSV_Handler                         0x08001850   Section        0  stm32f4xx_it.o(i.PendSV_Handler)
    i.RCC_AHB1PeriphClockCmd                 0x08001854   Section        0  stm32f4xx_rcc.o(i.RCC_AHB1PeriphClockCmd)
    i.RCC_APB2PeriphClockCmd                 0x0800186c   Section        0  stm32f4xx_rcc.o(i.RCC_APB2PeriphClockCmd)
    i.RCC_GetClocksFreq                      0x08001884   Section        0  stm32f4xx_rcc.o(i.RCC_GetClocksFreq)
    i.SPI2_IRQHandler                        0x0800192c   Section        0  microphone.o(i.SPI2_IRQHandler)
    i.SPI3_IRQHandler                        0x08001988   Section        0  stm32f4_discovery_audio_codec.o(i.SPI3_IRQHandler)
    i.SPI_I2S_GetFlagStatus                  0x080019c8   Section        0  stm32f4xx_spi.o(i.SPI_I2S_GetFlagStatus)
    i.SPI_I2S_GetITStatus                    0x080019d6   Section        0  stm32f4xx_spi.o(i.SPI_I2S_GetITStatus)
    i.SPI_I2S_ReceiveData                    0x08001a04   Section        0  stm32f4xx_spi.o(i.SPI_I2S_ReceiveData)
    i.SPI_I2S_SendData                       0x08001a08   Section        0  stm32f4xx_spi.o(i.SPI_I2S_SendData)
    i.STM_EVAL_LEDInit                       0x08001a0c   Section        0  stm32f4_discovery.o(i.STM_EVAL_LEDInit)
    i.STM_EVAL_LEDOff                        0x08001a58   Section        0  stm32f4_discovery.o(i.STM_EVAL_LEDOff)
    i.STM_EVAL_LEDOn                         0x08001a70   Section        0  stm32f4_discovery.o(i.STM_EVAL_LEDOn)
    i.STM_EVAL_LEDToggle                     0x08001a88   Section        0  stm32f4_discovery.o(i.STM_EVAL_LEDToggle)
    i.STM_EVAL_PBInit                        0x08001aa4   Section        0  stm32f4_discovery.o(i.STM_EVAL_PBInit)
    i.SVC_Handler                            0x08001b48   Section        0  stm32f4xx_it.o(i.SVC_Handler)
    i.SYSCFG_EXTILineConfig                  0x08001b4a   Section        0  stm32f4xx_syscfg.o(i.SYSCFG_EXTILineConfig)
    i.SysTick_Handler                        0x08001b78   Section        0  stm32f4xx_it.o(i.SysTick_Handler)
    i.SystemInit                             0x08001c58   Section        0  system_stm32f4xx.o(i.SystemInit)
    i.USART1_IRQHandler                      0x08001d84   Section        0  stm32f4xx_it.o(i.USART1_IRQHandler)
    i.USART_ClearITPendingBit                0x08001e50   Section        0  stm32f4xx_usart.o(i.USART_ClearITPendingBit)
    i.USART_Cmd                              0x08001e5e   Section        0  stm32f4xx_usart.o(i.USART_Cmd)
    i.USART_GetFlagStatus                    0x08001e70   Section        0  stm32f4xx_usart.o(i.USART_GetFlagStatus)
    i.USART_GetITStatus                      0x08001e7e   Section        0  stm32f4xx_usart.o(i.USART_GetITStatus)
    i.USART_ITConfig                         0x08001eca   Section        0  stm32f4xx_usart.o(i.USART_ITConfig)
    i.USART_Init                             0x08001efc   Section        0  stm32f4xx_usart.o(i.USART_Init)
    i.USART_ReceiveData                      0x08001fb4   Section        0  stm32f4xx_usart.o(i.USART_ReceiveData)
    i.USART_SendData                         0x08001fbc   Section        0  stm32f4xx_usart.o(i.USART_SendData)
    i.USART_puts                             0x08001fc4   Section        0  gui_interface_communications.o(i.USART_puts)
    i.UsageFault_Handler                     0x08001ff0   Section        0  stm32f4xx_it.o(i.UsageFault_Handler)
    i.WaveRecorderCallback                   0x08001ff4   Section        0  headphone.o(i.WaveRecorderCallback)
    i.__0snprintf$4                          0x08002074   Section        0  printf4.o(i.__0snprintf$4)
    i.__scatterload_copy                     0x0800209c   Section       14  handlers.o(i.__scatterload_copy)
    i.__scatterload_null                     0x080020aa   Section        2  handlers.o(i.__scatterload_null)
    i.__scatterload_zeroinit                 0x080020ac   Section       14  handlers.o(i.__scatterload_zeroinit)
    i._printf_core                           0x080020bc   Section        0  printf4.o(i._printf_core)
    _printf_core                             0x080020bd   Thumb Code   552  printf4.o(i._printf_core)
    i._snputc                                0x080022e8   Section        0  printf4.o(i._snputc)
    _snputc                                  0x080022e9   Thumb Code    22  printf4.o(i._snputc)
    i.main                                   0x08002300   Section        0  main.o(i.main)
    .constdata                               0x08002550   Section       36  stm32f4_discovery.o(.constdata)
    .data                                    0x20000000   Section       20  main.o(.data)
    .data                                    0x20000014   Section        4  main.o(.data)
    .data                                    0x20000018   Section        4  main.o(.data)
    .data                                    0x2000001c   Section       12  stm32f4xx_it.o(.data)
    RxByte                                   0x2000001e   Data           2  stm32f4xx_it.o(.data)
    last_button_time                         0x20000020   Data           4  stm32f4xx_it.o(.data)
    .data                                    0x20000028   Section       12  headphone.o(.data)
    volume                                   0x20000028   Data           1  headphone.o(.data)
    next_buff                                0x20000029   Data           1  headphone.o(.data)
    mic_head                                 0x2000002a   Data           2  headphone.o(.data)
    mic_tail                                 0x2000002c   Data           2  headphone.o(.data)
    clip_timer                               0x20000030   Data           4  headphone.o(.data)
    .data                                    0x20000034   Section       24  microphone.o(.data)
    AudioRecInited                           0x20000034   Data           4  microphone.o(.data)
    InternalBufferSize                       0x20000044   Data           4  microphone.o(.data)
    .data                                    0x2000004c   Section       20  stm32f4_discovery.o(.data)
    .data                                    0x20000060   Section       64  stm32f4_discovery_audio_codec.o(.data)
    .data                                    0x200000a0   Section       16  stm32f4xx_rcc.o(.data)
    APBAHBPrescTable                         0x200000a0   Data          16  stm32f4xx_rcc.o(.data)
    .data                                    0x200000b0   Section      772  pdm_filter.o(.data)
    .bss                                     0x200003b4   Section       32  main.o(.bss)
    .bss                                     0x200003d4   Section       10  stm32f4xx_it.o(.bss)
    rx_buffer                                0x200003d4   Data          10  stm32f4xx_it.o(.bss)
    .bss                                     0x200003de   Section     7168  headphone.o(.bss)
    buff0                                    0x200003de   Data        2048  headphone.o(.bss)
    buff1                                    0x20000bde   Data        2048  headphone.o(.bss)
    micbuff                                  0x200013de   Data        3072  headphone.o(.bss)
    .bss                                     0x20001fe0   Section      212  microphone.o(.bss)
    InternalBuffer                           0x20002034   Data         128  microphone.o(.bss)
    .bss                                     0x200020b4   Section       60  stm32f4_discovery_audio_codec.o(.bss)
    STACK                                    0x200020f0   Section     1024  startup_stm32f4xx.o(STACK)

    Global Symbols

    Symbol Name                              Value     Ov Type        Size  Object(Section)

    BuildAttributes$$THM_ISAv4$E$P$D$K$B$S$7EM$VFPi3$EXTD16$VFPS$VFMA$PE$A:L22UL41UL21$X:L11$S22US41US21$IEEE1$IW$USESV6$~STKCKD$USESV7$~SHL$OTIME$ROPI$EBA8$MICROLIB$REQ8$PRES8$EABIv2 0x00000000   Number         0  anon$$obj.o ABSOLUTE
    __ARM_use_no_argv                        0x00000000   Number         0  main.o ABSOLUTE
    _printf_a                                0x00000000   Number         0  stubs.o ABSOLUTE
    _printf_c                                0x00000000   Number         0  stubs.o ABSOLUTE
    _printf_charcount                        0x00000000   Number         0  stubs.o ABSOLUTE
    _printf_d                                0x00000000   Number         0  stubs.o ABSOLUTE
    _printf_e                                0x00000000   Number         0  stubs.o ABSOLUTE
    _printf_f                                0x00000000   Number         0  stubs.o ABSOLUTE
    _printf_flags                            0x00000000   Number         0  stubs.o ABSOLUTE
    _printf_fp_dec                           0x00000000   Number         0  stubs.o ABSOLUTE
    _printf_fp_hex                           0x00000000   Number         0  stubs.o ABSOLUTE
    _printf_g                                0x00000000   Number         0  stubs.o ABSOLUTE
    _printf_i                                0x00000000   Number         0  stubs.o ABSOLUTE
    _printf_int_dec                          0x00000000   Number         0  stubs.o ABSOLUTE
    _printf_l                                0x00000000   Number         0  stubs.o ABSOLUTE
    _printf_lc                               0x00000000   Number         0  stubs.o ABSOLUTE
    _printf_ll                               0x00000000   Number         0  stubs.o ABSOLUTE
    _printf_lld                              0x00000000   Number         0  stubs.o ABSOLUTE
    _printf_lli                              0x00000000   Number         0  stubs.o ABSOLUTE
    _printf_llo                              0x00000000   Number         0  stubs.o ABSOLUTE
    _printf_llu                              0x00000000   Number         0  stubs.o ABSOLUTE
    _printf_llx                              0x00000000   Number         0  stubs.o ABSOLUTE
    _printf_longlong_dec                     0x00000000   Number         0  stubs.o ABSOLUTE
    _printf_longlong_hex                     0x00000000   Number         0  stubs.o ABSOLUTE
    _printf_longlong_oct                     0x00000000   Number         0  stubs.o ABSOLUTE
    _printf_ls                               0x00000000   Number         0  stubs.o ABSOLUTE
    _printf_mbtowc                           0x00000000   Number         0  stubs.o ABSOLUTE
    _printf_n                                0x00000000   Number         0  stubs.o ABSOLUTE
    _printf_o                                0x00000000   Number         0  stubs.o ABSOLUTE
    _printf_p                                0x00000000   Number         0  stubs.o ABSOLUTE
    _printf_percent                          0x00000000   Number         0  stubs.o ABSOLUTE
    _printf_pre_padding                      0x00000000   Number         0  stubs.o ABSOLUTE
    _printf_return_value                     0x00000000   Number         0  stubs.o ABSOLUTE
    _printf_s                                0x00000000   Number         0  stubs.o ABSOLUTE
    _printf_sizespec                         0x00000000   Number         0  stubs.o ABSOLUTE
    _printf_str                              0x00000000   Number         0  stubs.o ABSOLUTE
    _printf_truncate_signed                  0x00000000   Number         0  stubs.o ABSOLUTE
    _printf_truncate_unsigned                0x00000000   Number         0  stubs.o ABSOLUTE
    _printf_u                                0x00000000   Number         0  stubs.o ABSOLUTE
    _printf_wc                               0x00000000   Number         0  stubs.o ABSOLUTE
    _printf_wctomb                           0x00000000   Number         0  stubs.o ABSOLUTE
    _printf_widthprec                        0x00000000   Number         0  stubs.o ABSOLUTE
    _printf_x                                0x00000000   Number         0  stubs.o ABSOLUTE
    __cpp_initialize__aeabi_                  - Undefined Weak Reference
    __cxa_finalize                            - Undefined Weak Reference
    _clock_init                               - Undefined Weak Reference
    _microlib_exit                            - Undefined Weak Reference
    __Vectors_Size                           0x00000188   Number         0  startup_stm32f4xx.o ABSOLUTE
    __Vectors                                0x08000000   Data           4  startup_stm32f4xx.o(RESET)
    __Vectors_End                            0x08000188   Data           0  startup_stm32f4xx.o(RESET)
    __main                                   0x08000189   Thumb Code     0  entry.o(.ARM.Collect$$$$00000000)
    _main_stk                                0x08000189   Thumb Code     0  entry2.o(.ARM.Collect$$$$00000001)
    _main_scatterload                        0x0800018d   Thumb Code     0  entry5.o(.ARM.Collect$$$$00000004)
    __main_after_scatterload                 0x08000191   Thumb Code     0  entry5.o(.ARM.Collect$$$$00000004)
    _main_clock                              0x08000191   Thumb Code     0  entry7b.o(.ARM.Collect$$$$00000008)
    _main_cpp_init                           0x08000191   Thumb Code     0  entry8b.o(.ARM.Collect$$$$0000000A)
    _main_init                               0x08000191   Thumb Code     0  entry9a.o(.ARM.Collect$$$$0000000B)
    __rt_final_cpp                           0x08000199   Thumb Code     0  entry10a.o(.ARM.Collect$$$$0000000D)
    __rt_final_exit                          0x08000199   Thumb Code     0  entry11a.o(.ARM.Collect$$$$0000000F)
    Reset_Handler                            0x0800019d   Thumb Code     8  startup_stm32f4xx.o(.text)
    ADC_IRQHandler                           0x080001b7   Thumb Code     0  startup_stm32f4xx.o(.text)
    CAN1_RX0_IRQHandler                      0x080001b7   Thumb Code     0  startup_stm32f4xx.o(.text)
    CAN1_RX1_IRQHandler                      0x080001b7   Thumb Code     0  startup_stm32f4xx.o(.text)
    CAN1_SCE_IRQHandler                      0x080001b7   Thumb Code     0  startup_stm32f4xx.o(.text)
    CAN1_TX_IRQHandler                       0x080001b7   Thumb Code     0  startup_stm32f4xx.o(.text)
    CAN2_RX0_IRQHandler                      0x080001b7   Thumb Code     0  startup_stm32f4xx.o(.text)
    CAN2_RX1_IRQHandler                      0x080001b7   Thumb Code     0  startup_stm32f4xx.o(.text)
    CAN2_SCE_IRQHandler                      0x080001b7   Thumb Code     0  startup_stm32f4xx.o(.text)
    CAN2_TX_IRQHandler                       0x080001b7   Thumb Code     0  startup_stm32f4xx.o(.text)
    CRYP_IRQHandler                          0x080001b7   Thumb Code     0  startup_stm32f4xx.o(.text)
    DCMI_IRQHandler                          0x080001b7   Thumb Code     0  startup_stm32f4xx.o(.text)
    DMA1_Stream1_IRQHandler                  0x080001b7   Thumb Code     0  startup_stm32f4xx.o(.text)
    DMA1_Stream2_IRQHandler                  0x080001b7   Thumb Code     0  startup_stm32f4xx.o(.text)
    DMA1_Stream3_IRQHandler                  0x080001b7   Thumb Code     0  startup_stm32f4xx.o(.text)
    DMA1_Stream4_IRQHandler                  0x080001b7   Thumb Code     0  startup_stm32f4xx.o(.text)
    DMA1_Stream5_IRQHandler                  0x080001b7   Thumb Code     0  startup_stm32f4xx.o(.text)
    DMA1_Stream6_IRQHandler                  0x080001b7   Thumb Code     0  startup_stm32f4xx.o(.text)
    DMA2_Stream0_IRQHandler                  0x080001b7   Thumb Code     0  startup_stm32f4xx.o(.text)
    DMA2_Stream1_IRQHandler                  0x080001b7   Thumb Code     0  startup_stm32f4xx.o(.text)
    DMA2_Stream2_IRQHandler                  0x080001b7   Thumb Code     0  startup_stm32f4xx.o(.text)
    DMA2_Stream3_IRQHandler                  0x080001b7   Thumb Code     0  startup_stm32f4xx.o(.text)
    DMA2_Stream4_IRQHandler                  0x080001b7   Thumb Code     0  startup_stm32f4xx.o(.text)
    DMA2_Stream5_IRQHandler                  0x080001b7   Thumb Code     0  startup_stm32f4xx.o(.text)
    DMA2_Stream6_IRQHandler                  0x080001b7   Thumb Code     0  startup_stm32f4xx.o(.text)
    DMA2_Stream7_IRQHandler                  0x080001b7   Thumb Code     0  startup_stm32f4xx.o(.text)
    ETH_IRQHandler                           0x080001b7   Thumb Code     0  startup_stm32f4xx.o(.text)
    ETH_WKUP_IRQHandler                      0x080001b7   Thumb Code     0  startup_stm32f4xx.o(.text)
    EXTI15_10_IRQHandler                     0x080001b7   Thumb Code     0  startup_stm32f4xx.o(.text)
    EXTI2_IRQHandler                         0x080001b7   Thumb Code     0  startup_stm32f4xx.o(.text)
    EXTI3_IRQHandler                         0x080001b7   Thumb Code     0  startup_stm32f4xx.o(.text)
    EXTI4_IRQHandler                         0x080001b7   Thumb Code     0  startup_stm32f4xx.o(.text)
    EXTI9_5_IRQHandler                       0x080001b7   Thumb Code     0  startup_stm32f4xx.o(.text)
    FLASH_IRQHandler                         0x080001b7   Thumb Code     0  startup_stm32f4xx.o(.text)
    FPU_IRQHandler                           0x080001b7   Thumb Code     0  startup_stm32f4xx.o(.text)
    FSMC_IRQHandler                          0x080001b7   Thumb Code     0  startup_stm32f4xx.o(.text)
    HASH_RNG_IRQHandler                      0x080001b7   Thumb Code     0  startup_stm32f4xx.o(.text)
    I2C1_ER_IRQHandler                       0x080001b7   Thumb Code     0  startup_stm32f4xx.o(.text)
    I2C1_EV_IRQHandler                       0x080001b7   Thumb Code     0  startup_stm32f4xx.o(.text)
    I2C2_ER_IRQHandler                       0x080001b7   Thumb Code     0  startup_stm32f4xx.o(.text)
    I2C2_EV_IRQHandler                       0x080001b7   Thumb Code     0  startup_stm32f4xx.o(.text)
    I2C3_ER_IRQHandler                       0x080001b7   Thumb Code     0  startup_stm32f4xx.o(.text)
    I2C3_EV_IRQHandler                       0x080001b7   Thumb Code     0  startup_stm32f4xx.o(.text)
    OTG_FS_IRQHandler                        0x080001b7   Thumb Code     0  startup_stm32f4xx.o(.text)
    OTG_FS_WKUP_IRQHandler                   0x080001b7   Thumb Code     0  startup_stm32f4xx.o(.text)
    OTG_HS_EP1_IN_IRQHandler                 0x080001b7   Thumb Code     0  startup_stm32f4xx.o(.text)
    OTG_HS_EP1_OUT_IRQHandler                0x080001b7   Thumb Code     0  startup_stm32f4xx.o(.text)
    OTG_HS_IRQHandler                        0x080001b7   Thumb Code     0  startup_stm32f4xx.o(.text)
    OTG_HS_WKUP_IRQHandler                   0x080001b7   Thumb Code     0  startup_stm32f4xx.o(.text)
    PVD_IRQHandler                           0x080001b7   Thumb Code     0  startup_stm32f4xx.o(.text)
    RCC_IRQHandler                           0x080001b7   Thumb Code     0  startup_stm32f4xx.o(.text)
    RTC_Alarm_IRQHandler                     0x080001b7   Thumb Code     0  startup_stm32f4xx.o(.text)
    RTC_WKUP_IRQHandler                      0x080001b7   Thumb Code     0  startup_stm32f4xx.o(.text)
    SDIO_IRQHandler                          0x080001b7   Thumb Code     0  startup_stm32f4xx.o(.text)
    SPI1_IRQHandler                          0x080001b7   Thumb Code     0  startup_stm32f4xx.o(.text)
    TAMP_STAMP_IRQHandler                    0x080001b7   Thumb Code     0  startup_stm32f4xx.o(.text)
    TIM1_BRK_TIM9_IRQHandler                 0x080001b7   Thumb Code     0  startup_stm32f4xx.o(.text)
    TIM1_CC_IRQHandler                       0x080001b7   Thumb Code     0  startup_stm32f4xx.o(.text)
    TIM1_TRG_COM_TIM11_IRQHandler            0x080001b7   Thumb Code     0  startup_stm32f4xx.o(.text)
    TIM1_UP_TIM10_IRQHandler                 0x080001b7   Thumb Code     0  startup_stm32f4xx.o(.text)
    TIM2_IRQHandler                          0x080001b7   Thumb Code     0  startup_stm32f4xx.o(.text)
    TIM3_IRQHandler                          0x080001b7   Thumb Code     0  startup_stm32f4xx.o(.text)
    TIM4_IRQHandler                          0x080001b7   Thumb Code     0  startup_stm32f4xx.o(.text)
    TIM5_IRQHandler                          0x080001b7   Thumb Code     0  startup_stm32f4xx.o(.text)
    TIM6_DAC_IRQHandler                      0x080001b7   Thumb Code     0  startup_stm32f4xx.o(.text)
    TIM7_IRQHandler                          0x080001b7   Thumb Code     0  startup_stm32f4xx.o(.text)
    TIM8_BRK_TIM12_IRQHandler                0x080001b7   Thumb Code     0  startup_stm32f4xx.o(.text)
    TIM8_CC_IRQHandler                       0x080001b7   Thumb Code     0  startup_stm32f4xx.o(.text)
    TIM8_TRG_COM_TIM14_IRQHandler            0x080001b7   Thumb Code     0  startup_stm32f4xx.o(.text)
    TIM8_UP_TIM13_IRQHandler                 0x080001b7   Thumb Code     0  startup_stm32f4xx.o(.text)
    UART4_IRQHandler                         0x080001b7   Thumb Code     0  startup_stm32f4xx.o(.text)
    UART5_IRQHandler                         0x080001b7   Thumb Code     0  startup_stm32f4xx.o(.text)
    USART2_IRQHandler                        0x080001b7   Thumb Code     0  startup_stm32f4xx.o(.text)
    USART3_IRQHandler                        0x080001b7   Thumb Code     0  startup_stm32f4xx.o(.text)
    USART6_IRQHandler                        0x080001b7   Thumb Code     0  startup_stm32f4xx.o(.text)
    WWDG_IRQHandler                          0x080001b7   Thumb Code     0  startup_stm32f4xx.o(.text)
    PDM_Filter_Init                          0x080001c1   Thumb Code   222  pdm_filter.o(.text)
    PDM_Filter_64_LSB                        0x0800029f   Thumb Code   660  pdm_filter.o(.text)
    PDM_Filter_80_LSB                        0x08000533   Thumb Code   692  pdm_filter.o(.text)
    PDM_Filter_64_MSB                        0x080007e7   Thumb Code   658  pdm_filter.o(.text)
    PDM_Filter_80_MSB                        0x08000a79   Thumb Code   830  pdm_filter.o(.text)
    __aeabi_memcpy                           0x08000dbd   Thumb Code    36  memcpya.o(.text)
    __aeabi_memcpy4                          0x08000dbd   Thumb Code     0  memcpya.o(.text)
    __aeabi_memcpy8                          0x08000dbd   Thumb Code     0  memcpya.o(.text)
    strstr                                   0x08000de1   Thumb Code    36  strstr.o(.text)
    __ARM_scalbnf                            0x08000e05   Thumb Code    24  fscalb.o(.text)
    scalbnf                                  0x08000e05   Thumb Code     0  fscalb.o(.text)
    __aeabi_dadd                             0x08000e1d   Thumb Code   322  dadd.o(.text)
    __aeabi_dsub                             0x08000f5f   Thumb Code     6  dadd.o(.text)
    __aeabi_drsub                            0x08000f65   Thumb Code     6  dadd.o(.text)
    __aeabi_dmul                             0x08000f6b   Thumb Code   228  dmul.o(.text)
    __aeabi_ddiv                             0x0800104f   Thumb Code   222  ddiv.o(.text)
    __aeabi_ui2d                             0x0800112d   Thumb Code    26  dfltui.o(.text)
    __aeabi_d2uiz                            0x08001147   Thumb Code    50  dfixui.o(.text)
    __aeabi_f2d                              0x08001179   Thumb Code    38  f2d.o(.text)
    __aeabi_uldivmod                         0x0800119f   Thumb Code    98  uldiv.o(.text)
    __aeabi_llsl                             0x08001201   Thumb Code    30  llshl.o(.text)
    _ll_shift_l                              0x08001201   Thumb Code     0  llshl.o(.text)
    __aeabi_llsr                             0x0800121f   Thumb Code    32  llushr.o(.text)
    _ll_ushift_r                             0x0800121f   Thumb Code     0  llushr.o(.text)
    __aeabi_lasr                             0x0800123f   Thumb Code    36  llsshr.o(.text)
    _ll_sshift_r                             0x0800123f   Thumb Code     0  llsshr.o(.text)
    __I$use$fp                               0x08001263   Thumb Code     0  iusefp.o(.text)
    _double_round                            0x08001263   Thumb Code    30  depilogue.o(.text)
    _double_epilogue                         0x08001281   Thumb Code   156  depilogue.o(.text)
    __scatterload                            0x0800131d   Thumb Code    28  init.o(.text)
    __scatterload_rt2                        0x0800131d   Thumb Code     0  init.o(.text)
    __decompress                             0x08001341   Thumb Code     0  __dczerorl2.o(.text)
    __decompress1                            0x08001341   Thumb Code    86  __dczerorl2.o(.text)
    Audio_MAL_Play                           0x0800143d   Thumb Code    86  stm32f4_discovery_audio_codec.o(i.Audio_MAL_Play)
    BusFault_Handler                         0x080014a5   Thumb Code     2  stm32f4xx_it.o(i.BusFault_Handler)
    DAC_SetChannel1Data                      0x080014a7   Thumb Code    22  stm32f4xx_dac.o(i.DAC_SetChannel1Data)
    DMA1_Stream0_IRQHandler                  0x080014bd   Thumb Code     4  stm32f4_discovery_audio_codec.o(i.DMA1_Stream0_IRQHandler)
    DMA1_Stream7_IRQHandler                  0x080014c1   Thumb Code     4  stm32f4_discovery_audio_codec.o(i.DMA1_Stream7_IRQHandler)
    DMA_ClearFlag                            0x080014c5   Thumb Code    28  stm32f4xx_dma.o(i.DMA_ClearFlag)
    DMA_Cmd                                  0x080014f1   Thumb Code    18  stm32f4xx_dma.o(i.DMA_Cmd)
    DMA_GetCmdStatus                         0x08001503   Thumb Code    16  stm32f4xx_dma.o(i.DMA_GetCmdStatus)
    DMA_GetFlagStatus                        0x08001515   Thumb Code    36  stm32f4xx_dma.o(i.DMA_GetFlagStatus)
    DMA_Init                                 0x08001549   Thumb Code   116  stm32f4xx_dma.o(i.DMA_Init)
    DebugMon_Handler                         0x080015c1   Thumb Code     2  stm32f4xx_it.o(i.DebugMon_Handler)
    EVAL_AUDIO_GetSampleCallBack             0x080015c3   Thumb Code     4  headphone.o(i.EVAL_AUDIO_GetSampleCallBack)
    EVAL_AUDIO_TransferComplete_CallBack     0x080015c9   Thumb Code    34  headphone.o(i.EVAL_AUDIO_TransferComplete_CallBack)
    EXTI0_IRQHandler                         0x080015f9   Thumb Code    66  stm32f4xx_it.o(i.EXTI0_IRQHandler)
    EXTI1_IRQHandler                         0x08001645   Thumb Code    30  stm32f4xx_it.o(i.EXTI1_IRQHandler)
    EXTI_ClearITPendingBit                   0x08001665   Thumb Code     6  stm32f4xx_exti.o(i.EXTI_ClearITPendingBit)
    EXTI_GetITStatus                         0x08001671   Thumb Code    16  stm32f4xx_exti.o(i.EXTI_GetITStatus)
    EXTI_Init                                0x08001685   Thumb Code   134  stm32f4xx_exti.o(i.EXTI_Init)
    GPIO_Init                                0x08001715   Thumb Code   144  stm32f4xx_gpio.o(i.GPIO_Init)
    GPIO_PinAFConfig                         0x080017a5   Thumb Code    34  stm32f4xx_gpio.o(i.GPIO_PinAFConfig)
    HardFault_Handler                        0x080017c7   Thumb Code     2  stm32f4xx_it.o(i.HardFault_Handler)
    I2S_Cmd                                  0x080017c9   Thumb Code    18  stm32f4xx_spi.o(i.I2S_Cmd)
    MemManage_Handler                        0x080017db   Thumb Code     2  stm32f4xx_it.o(i.MemManage_Handler)
    NMI_Handler                              0x080017dd   Thumb Code     2  stm32f4xx_it.o(i.NMI_Handler)
    NVIC_Init                                0x080017e1   Thumb Code   106  misc.o(i.NVIC_Init)
    PendSV_Handler                           0x08001851   Thumb Code     2  stm32f4xx_it.o(i.PendSV_Handler)
    RCC_AHB1PeriphClockCmd                   0x08001855   Thumb Code    18  stm32f4xx_rcc.o(i.RCC_AHB1PeriphClockCmd)
    RCC_APB2PeriphClockCmd                   0x0800186d   Thumb Code    18  stm32f4xx_rcc.o(i.RCC_APB2PeriphClockCmd)
    RCC_GetClocksFreq                        0x08001885   Thumb Code   150  stm32f4xx_rcc.o(i.RCC_GetClocksFreq)
    SPI2_IRQHandler                          0x0800192d   Thumb Code    76  microphone.o(i.SPI2_IRQHandler)
    SPI3_IRQHandler                          0x08001989   Thumb Code    54  stm32f4_discovery_audio_codec.o(i.SPI3_IRQHandler)
    SPI_I2S_GetFlagStatus                    0x080019c9   Thumb Code    14  stm32f4xx_spi.o(i.SPI_I2S_GetFlagStatus)
    SPI_I2S_GetITStatus                      0x080019d7   Thumb Code    46  stm32f4xx_spi.o(i.SPI_I2S_GetITStatus)
    SPI_I2S_ReceiveData                      0x08001a05   Thumb Code     4  stm32f4xx_spi.o(i.SPI_I2S_ReceiveData)
    SPI_I2S_SendData                         0x08001a09   Thumb Code     4  stm32f4xx_spi.o(i.SPI_I2S_SendData)
    STM_EVAL_LEDInit                         0x08001a0d   Thumb Code    64  stm32f4_discovery.o(i.STM_EVAL_LEDInit)
    STM_EVAL_LEDOff                          0x08001a59   Thumb Code    16  stm32f4_discovery.o(i.STM_EVAL_LEDOff)
    STM_EVAL_LEDOn                           0x08001a71   Thumb Code    16  stm32f4_discovery.o(i.STM_EVAL_LEDOn)
    STM_EVAL_LEDToggle                       0x08001a89   Thumb Code    20  stm32f4_discovery.o(i.STM_EVAL_LEDToggle)
    STM_EVAL_PBInit                          0x08001aa5   Thumb Code   140  stm32f4_discovery.o(i.STM_EVAL_PBInit)
    SVC_Handler                              0x08001b49   Thumb Code     2  stm32f4xx_it.o(i.SVC_Handler)
    SYSCFG_EXTILineConfig                    0x08001b4b   Thumb Code    46  stm32f4xx_syscfg.o(i.SYSCFG_EXTILineConfig)
    SysTick_Handler                          0x08001b79   Thumb Code   214  stm32f4xx_it.o(i.SysTick_Handler)
    SystemInit                               0x08001c59   Thumb Code   254  system_stm32f4xx.o(i.SystemInit)
    USART1_IRQHandler                        0x08001d85   Thumb Code   178  stm32f4xx_it.o(i.USART1_IRQHandler)
    USART_ClearITPendingBit                  0x08001e51   Thumb Code    14  stm32f4xx_usart.o(i.USART_ClearITPendingBit)
    USART_Cmd                                0x08001e5f   Thumb Code    18  stm32f4xx_usart.o(i.USART_Cmd)
    USART_GetFlagStatus                      0x08001e71   Thumb Code    14  stm32f4xx_usart.o(i.USART_GetFlagStatus)
    USART_GetITStatus                        0x08001e7f   Thumb Code    76  stm32f4xx_usart.o(i.USART_GetITStatus)
    USART_ITConfig                           0x08001ecb   Thumb Code    48  stm32f4xx_usart.o(i.USART_ITConfig)
    USART_Init                               0x08001efd   Thumb Code   180  stm32f4xx_usart.o(i.USART_Init)
    USART_ReceiveData                        0x08001fb5   Thumb Code     8  stm32f4xx_usart.o(i.USART_ReceiveData)
    USART_SendData                           0x08001fbd   Thumb Code     8  stm32f4xx_usart.o(i.USART_SendData)
    USART_puts                               0x08001fc5   Thumb Code    40  gui_interface_communications.o(i.USART_puts)
    UsageFault_Handler                       0x08001ff1   Thumb Code     2  stm32f4xx_it.o(i.UsageFault_Handler)
    WaveRecorderCallback                     0x08001ff5   Thumb Code   118  headphone.o(i.WaveRecorderCallback)
    __0snprintf$4                            0x08002075   Thumb Code    36  printf4.o(i.__0snprintf$4)
    __1snprintf$4                            0x08002075   Thumb Code     0  printf4.o(i.__0snprintf$4)
    __2snprintf                              0x08002075   Thumb Code     0  printf4.o(i.__0snprintf$4)
    __scatterload_copy                       0x0800209d   Thumb Code    14  handlers.o(i.__scatterload_copy)
    __scatterload_null                       0x080020ab   Thumb Code     2  handlers.o(i.__scatterload_null)
    __scatterload_zeroinit                   0x080020ad   Thumb Code    14  handlers.o(i.__scatterload_zeroinit)
    main                                     0x08002301   Thumb Code   444  main.o(i.main)
    BUTTON_PORT_SOURCE                       0x08002550   Data           1  stm32f4_discovery.o(.constdata)
    BUTTON_PIN_SOURCE                        0x08002551   Data           1  stm32f4_discovery.o(.constdata)
    BUTTON_IRQn                              0x08002552   Data           1  stm32f4_discovery.o(.constdata)
    BUTTON_PIN                               0x08002554   Data           2  stm32f4_discovery.o(.constdata)
    BUTTON_EXTI_LINE                         0x08002556   Data           2  stm32f4_discovery.o(.constdata)
    BUTTON_CLK                               0x08002558   Data           4  stm32f4_discovery.o(.constdata)
    GPIO_PIN                                 0x0800255c   Data           8  stm32f4_discovery.o(.constdata)
    GPIO_CLK                                 0x08002564   Data          16  stm32f4_discovery.o(.constdata)
    Region$$Table$$Base                      0x08002574   Number         0  anon$$obj.o(Region$$Table)
    Region$$Table$$Limit                     0x08002594   Number         0  anon$$obj.o(Region$$Table)
    USART1_valid_line                        0x20000000   Data           4  main.o(.data)
    USART1_gets                              0x20000004   Data           5  main.o(.data)
    GPIO_InitStructure                       0x2000000c   Data           8  main.o(.data)
    USART1_read_index                        0x20000014   Data           4  main.o(.data)
    user_mode                                0x20000018   Data           4  main.o(.data)
    LED_Toggle                               0x2000001c   Data           1  stm32f4xx_it.o(.data)
    msec_counter                             0x20000024   Data           4  stm32f4xx_it.o(.data)
    AudioRecBitRes                           0x20000038   Data           4  microphone.o(.data)
    AudioRecChnlNbr                          0x2000003c   Data           4  microphone.o(.data)
    AudioRecCurrSize                         0x20000040   Data           4  microphone.o(.data)
    pAudioRecBuf                             0x20000048   Data           4  microphone.o(.data)
    BUTTON_PORT                              0x2000004c   Data           4  stm32f4_discovery.o(.data)
    GPIO_PORT                                0x20000050   Data          16  stm32f4_discovery.o(.data)
    OutputDev                                0x20000060   Data           1  stm32f4_discovery_audio_codec.o(.data)
    AudioTotalSize                           0x20000064   Data           4  stm32f4_discovery_audio_codec.o(.data)
    AudioRemSize                             0x20000068   Data           4  stm32f4_discovery_audio_codec.o(.data)
    CODECTimeout                             0x2000006c   Data           4  stm32f4_discovery_audio_codec.o(.data)
    CurrAudioInterface                       0x20000070   Data           4  stm32f4_discovery_audio_codec.o(.data)
    AUDIO_MAL_DMA_CLOCK                      0x20000074   Data           4  stm32f4_discovery_audio_codec.o(.data)
    AUDIO_MAL_DMA_STREAM                     0x20000078   Data           4  stm32f4_discovery_audio_codec.o(.data)
    AUDIO_MAL_DMA_DREG                       0x2000007c   Data           4  stm32f4_discovery_audio_codec.o(.data)
    AUDIO_MAL_DMA_CHANNEL                    0x20000080   Data           4  stm32f4_discovery_audio_codec.o(.data)
    AUDIO_MAL_DMA_IRQ                        0x20000084   Data           4  stm32f4_discovery_audio_codec.o(.data)
    AUDIO_MAL_DMA_FLAG_TC                    0x20000088   Data           4  stm32f4_discovery_audio_codec.o(.data)
    AUDIO_MAL_DMA_FLAG_HT                    0x2000008c   Data           4  stm32f4_discovery_audio_codec.o(.data)
    AUDIO_MAL_DMA_FLAG_FE                    0x20000090   Data           4  stm32f4_discovery_audio_codec.o(.data)
    AUDIO_MAL_DMA_FLAG_TE                    0x20000094   Data           4  stm32f4_discovery_audio_codec.o(.data)
    AUDIO_MAL_DMA_FLAG_DME                   0x20000098   Data           4  stm32f4_discovery_audio_codec.o(.data)
    CurrentPos                               0x2000009c   Data           4  stm32f4_discovery_audio_codec.o(.data)
    stm32_crc                                0x200000b0   Data           4  pdm_filter.o(.data)
    T0                                       0x200000b4   Data         256  pdm_filter.o(.data)
    T1                                       0x200001b4   Data         256  pdm_filter.o(.data)
    T2                                       0x200002b4   Data         256  pdm_filter.o(.data)
    RCC_Clocks                               0x200003b4   Data          16  main.o(.bss)
    USART_InitStructure                      0x200003c4   Data          16  main.o(.bss)
    Filter                                   0x20001fe0   Data          52  microphone.o(.bss)
    RecBuf                                   0x20002014   Data          32  microphone.o(.bss)
    DMA_InitStructure                        0x200020b4   Data          60  stm32f4_discovery_audio_codec.o(.bss)
    __initial_sp                             0x200024f0   Data           0  startup_stm32f4xx.o(STACK)



==============================================================================

Memory Map of the image

  Image Entry point : 0x08000189

  Load Region LR_IROM1 (Base: 0x08000000, Size: 0x00002948, Max: 0x00100000, ABSOLUTE, COMPRESSED[0x000027e8])

    Execution Region ER_IROM1 (Base: 0x08000000, Size: 0x00002594, Max: 0x00100000, ABSOLUTE)

    Base Addr    Size         Type   Attr      Idx    E Section Name        Object

    0x08000000   0x00000188   Data   RO          303    RESET               startup_stm32f4xx.o
    0x08000188   0x00000000   Code   RO          313  * .ARM.Collect$$$$00000000  mc_w.l(entry.o)
    0x08000188   0x00000004   Code   RO          458    .ARM.Collect$$$$00000001  mc_w.l(entry2.o)
    0x0800018c   0x00000004   Code   RO          461    .ARM.Collect$$$$00000004  mc_w.l(entry5.o)
    0x08000190   0x00000000   Code   RO          463    .ARM.Collect$$$$00000008  mc_w.l(entry7b.o)
    0x08000190   0x00000000   Code   RO          465    .ARM.Collect$$$$0000000A  mc_w.l(entry8b.o)
    0x08000190   0x00000008   Code   RO          466    .ARM.Collect$$$$0000000B  mc_w.l(entry9a.o)
    0x08000198   0x00000000   Code   RO          468    .ARM.Collect$$$$0000000D  mc_w.l(entry10a.o)
    0x08000198   0x00000000   Code   RO          470    .ARM.Collect$$$$0000000F  mc_w.l(entry11a.o)
    0x08000198   0x00000004   Code   RO          459    .ARM.Collect$$$$00002712  mc_w.l(entry2.o)
    0x0800019c   0x00000024   Code   RO          304    .text               startup_stm32f4xx.o
    0x080001c0   0x00000bfc   Code   RO          305    .text               libPDMFilter_Keil.lib(pdm_filter.o)
    0x08000dbc   0x00000024   Code   RO          316    .text               mc_w.l(memcpya.o)
    0x08000de0   0x00000024   Code   RO          318    .text               mc_w.l(strstr.o)
    0x08000e04   0x00000018   Code   RO          451    .text               mf_w.l(fscalb.o)
    0x08000e1c   0x0000014e   Code   RO          452    .text               mf_w.l(dadd.o)
    0x08000f6a   0x000000e4   Code   RO          453    .text               mf_w.l(dmul.o)
    0x0800104e   0x000000de   Code   RO          454    .text               mf_w.l(ddiv.o)
    0x0800112c   0x0000001a   Code   RO          455    .text               mf_w.l(dfltui.o)
    0x08001146   0x00000032   Code   RO          456    .text               mf_w.l(dfixui.o)
    0x08001178   0x00000026   Code   RO          457    .text               mf_w.l(f2d.o)
    0x0800119e   0x00000062   Code   RO          475    .text               mc_w.l(uldiv.o)
    0x08001200   0x0000001e   Code   RO          476    .text               mc_w.l(llshl.o)
    0x0800121e   0x00000020   Code   RO          477    .text               mc_w.l(llushr.o)
    0x0800123e   0x00000024   Code   RO          478    .text               mc_w.l(llsshr.o)
    0x08001262   0x00000000   Code   RO          479    .text               mc_w.l(iusefp.o)
    0x08001262   0x000000ba   Code   RO          480    .text               mf_w.l(depilogue.o)
    0x0800131c   0x00000024   Code   RO          483    .text               mc_w.l(init.o)
    0x08001340   0x00000056   Code   RO          491    .text               mc_w.l(__dczerorl2.o)
    0x08001396   0x00000002   PAD
    0x08001398   0x000000a4   Code   RO           67    i.Audio_MAL_IRQHandler  stm32f4_discovery_audio_codec.o
    0x0800143c   0x00000068   Code   RO           68    i.Audio_MAL_Play    stm32f4_discovery_audio_codec.o
    0x080014a4   0x00000002   Code   RO           11    i.BusFault_Handler  stm32f4xx_it.o
    0x080014a6   0x00000016   Code   RO          112    i.DAC_SetChannel1Data  stm32f4xx_dac.o
    0x080014bc   0x00000004   Code   RO           72    i.DMA1_Stream0_IRQHandler  stm32f4_discovery_audio_codec.o
    0x080014c0   0x00000004   Code   RO           73    i.DMA1_Stream7_IRQHandler  stm32f4_discovery_audio_codec.o
    0x080014c4   0x0000002c   Code   RO          119    i.DMA_ClearFlag     stm32f4xx_dma.o
    0x080014f0   0x00000012   Code   RO          121    i.DMA_Cmd           stm32f4xx_dma.o
    0x08001502   0x00000010   Code   RO          126    i.DMA_GetCmdStatus  stm32f4xx_dma.o
    0x08001512   0x00000002   PAD
    0x08001514   0x00000034   Code   RO          130    i.DMA_GetFlagStatus  stm32f4xx_dma.o
    0x08001548   0x00000078   Code   RO          133    i.DMA_Init          stm32f4xx_dma.o
    0x080015c0   0x00000002   Code   RO           12    i.DebugMon_Handler  stm32f4xx_it.o
    0x080015c2   0x00000004   Code   RO           31    i.EVAL_AUDIO_GetSampleCallBack  headphone.o
    0x080015c6   0x00000002   PAD
    0x080015c8   0x00000030   Code   RO           33    i.EVAL_AUDIO_TransferComplete_CallBack  headphone.o
    0x080015f8   0x0000004c   Code   RO           13    i.EXTI0_IRQHandler  stm32f4xx_it.o
    0x08001644   0x0000001e   Code   RO           14    i.EXTI1_IRQHandler  stm32f4xx_it.o
    0x08001662   0x00000002   PAD
    0x08001664   0x0000000c   Code   RO          217    i.EXTI_ClearITPendingBit  stm32f4xx_exti.o
    0x08001670   0x00000014   Code   RO          221    i.EXTI_GetITStatus  stm32f4xx_exti.o
    0x08001684   0x00000090   Code   RO          222    i.EXTI_Init         stm32f4xx_exti.o
    0x08001714   0x00000090   Code   RO          140    i.GPIO_Init         stm32f4xx_gpio.o
    0x080017a4   0x00000022   Code   RO          141    i.GPIO_PinAFConfig  stm32f4xx_gpio.o
    0x080017c6   0x00000002   Code   RO           15    i.HardFault_Handler  stm32f4xx_it.o
    0x080017c8   0x00000012   Code   RO          190    i.I2S_Cmd           stm32f4xx_spi.o
    0x080017da   0x00000002   Code   RO           16    i.MemManage_Handler  stm32f4xx_it.o
    0x080017dc   0x00000002   Code   RO           17    i.NMI_Handler       stm32f4xx_it.o
    0x080017de   0x00000002   PAD
    0x080017e0   0x00000070   Code   RO           87    i.NVIC_Init         misc.o
    0x08001850   0x00000002   Code   RO           18    i.PendSV_Handler    stm32f4xx_it.o
    0x08001852   0x00000002   PAD
    0x08001854   0x00000018   Code   RO          256    i.RCC_AHB1PeriphClockCmd  stm32f4xx_rcc.o
    0x0800186c   0x00000018   Code   RO          265    i.RCC_APB2PeriphClockCmd  stm32f4xx_rcc.o
    0x08001884   0x000000a8   Code   RO          274    i.RCC_GetClocksFreq  stm32f4xx_rcc.o
    0x0800192c   0x0000005c   Code   RO           40    i.SPI2_IRQHandler   microphone.o
    0x08001988   0x00000040   Code   RO           82    i.SPI3_IRQHandler   stm32f4_discovery_audio_codec.o
    0x080019c8   0x0000000e   Code   RO          204    i.SPI_I2S_GetFlagStatus  stm32f4xx_spi.o
    0x080019d6   0x0000002e   Code   RO          205    i.SPI_I2S_GetITStatus  stm32f4xx_spi.o
    0x08001a04   0x00000004   Code   RO          207    i.SPI_I2S_ReceiveData  stm32f4xx_spi.o
    0x08001a08   0x00000004   Code   RO          208    i.SPI_I2S_SendData  stm32f4xx_spi.o
    0x08001a0c   0x0000004c   Code   RO           57    i.STM_EVAL_LEDInit  stm32f4_discovery.o
    0x08001a58   0x00000018   Code   RO           58    i.STM_EVAL_LEDOff   stm32f4_discovery.o
    0x08001a70   0x00000018   Code   RO           59    i.STM_EVAL_LEDOn    stm32f4_discovery.o
    0x08001a88   0x0000001c   Code   RO           60    i.STM_EVAL_LEDToggle  stm32f4_discovery.o
    0x08001aa4   0x000000a4   Code   RO           62    i.STM_EVAL_PBInit   stm32f4_discovery.o
    0x08001b48   0x00000002   Code   RO           19    i.SVC_Handler       stm32f4xx_it.o
    0x08001b4a   0x0000002e   Code   RO           96    i.SYSCFG_EXTILineConfig  stm32f4xx_syscfg.o
    0x08001b78   0x000000e0   Code   RO           20    i.SysTick_Handler   stm32f4xx_it.o
    0x08001c58   0x0000012c   Code   RO           27    i.SystemInit        system_stm32f4xx.o
    0x08001d84   0x000000cc   Code   RO           21    i.USART1_IRQHandler  stm32f4xx_it.o
    0x08001e50   0x0000000e   Code   RO          227    i.USART_ClearITPendingBit  stm32f4xx_usart.o
    0x08001e5e   0x00000012   Code   RO          230    i.USART_Cmd         stm32f4xx_usart.o
    0x08001e70   0x0000000e   Code   RO          233    i.USART_GetFlagStatus  stm32f4xx_usart.o
    0x08001e7e   0x0000004c   Code   RO          234    i.USART_GetITStatus  stm32f4xx_usart.o
    0x08001eca   0x00000030   Code   RO          236    i.USART_ITConfig    stm32f4xx_usart.o
    0x08001efa   0x00000002   PAD
    0x08001efc   0x000000b8   Code   RO          237    i.USART_Init        stm32f4xx_usart.o
    0x08001fb4   0x00000008   Code   RO          244    i.USART_ReceiveData  stm32f4xx_usart.o
    0x08001fbc   0x00000008   Code   RO          247    i.USART_SendData    stm32f4xx_usart.o
    0x08001fc4   0x0000002c   Code   RO           55    i.USART_puts        gui_interface_communications.o
    0x08001ff0   0x00000002   Code   RO           22    i.UsageFault_Handler  stm32f4xx_it.o
    0x08001ff2   0x00000002   PAD
    0x08001ff4   0x00000080   Code   RO           36    i.WaveRecorderCallback  headphone.o
    0x08002074   0x00000028   Code   RO          377    i.__0snprintf$4     mc_w.l(printf4.o)
    0x0800209c   0x0000000e   Code   RO          488    i.__scatterload_copy  mc_w.l(handlers.o)
    0x080020aa   0x00000002   Code   RO          489    i.__scatterload_null  mc_w.l(handlers.o)
    0x080020ac   0x0000000e   Code   RO          490    i.__scatterload_zeroinit  mc_w.l(handlers.o)
    0x080020ba   0x00000002   PAD
    0x080020bc   0x0000022c   Code   RO          383    i._printf_core      mc_w.l(printf4.o)
    0x080022e8   0x00000016   Code   RO          384    i._snputc           mc_w.l(printf4.o)
    0x080022fe   0x00000002   PAD
    0x08002300   0x00000250   Code   RO            5    i.main              main.o
    0x08002550   0x00000024   Data   RO           63    .constdata          stm32f4_discovery.o
    0x08002574   0x00000020   Data   RO          486    Region$$Table       anon$$obj.o


    Execution Region RW_IRAM1 (Base: 0x20000000, Size: 0x000024f0, Max: 0x00020000, ABSOLUTE, COMPRESSED[0x00000254])

    Base Addr    Size         Type   Attr      Idx    E Section Name        Object

    0x20000000   0x00000014   Data   RW            7    .data               main.o
    0x20000014   0x00000004   Data   RW            8    .data               main.o
    0x20000018   0x00000004   Data   RW            9    .data               main.o
    0x2000001c   0x0000000c   Data   RW           24    .data               stm32f4xx_it.o
    0x20000028   0x0000000c   Data   RW           38    .data               headphone.o
    0x20000034   0x00000018   Data   RW           45    .data               microphone.o
    0x2000004c   0x00000014   Data   RW           64    .data               stm32f4_discovery.o
    0x20000060   0x00000040   Data   RW           85    .data               stm32f4_discovery_audio_codec.o
    0x200000a0   0x00000010   Data   RW          300    .data               stm32f4xx_rcc.o
    0x200000b0   0x00000304   Data   RW          306    .data               libPDMFilter_Keil.lib(pdm_filter.o)
    0x200003b4   0x00000020   Zero   RW            6    .bss                main.o
    0x200003d4   0x0000000a   Zero   RW           23    .bss                stm32f4xx_it.o
    0x200003de   0x00001c00   Zero   RW           37    .bss                headphone.o
    0x20001fde   0x00000002   PAD
    0x20001fe0   0x000000d4   Zero   RW           44    .bss                microphone.o
    0x200020b4   0x0000003c   Zero   RW           83    .bss                stm32f4_discovery_audio_codec.o
    0x200020f0   0x00000400   Zero   RW          301    STACK               startup_stm32f4xx.o


==============================================================================

Image component sizes


      Code (inc. data)   RO Data    RW Data    ZI Data      Debug   Object Name

        44          4          0          0          0          0   gui_interface_communications.o
       180         24          0         12       7168          0   headphone.o
       592        148          0         28         32          0   main.o
        92         16          0         24        212          0   microphone.o
       112          6          0          0          0          0   misc.o
        36          8        392          0       1024          0   startup_stm32f4xx.o
       316         60         36         20          0          0   stm32f4_discovery.o
       340         36          0         64         60          0   stm32f4_discovery_audio_codec.o
        22          0          0          0          0          0   stm32f4xx_dac.o
       250         36          0          0          0          0   stm32f4xx_dma.o
       176         20          0          0          0          0   stm32f4xx_exti.o
       178          0          0          0          0          0   stm32f4xx_gpio.o
       550         46          0         12         10          0   stm32f4xx_it.o
       216         30          0         16          0          0   stm32f4xx_rcc.o
        86          0          0          0          0          0   stm32f4xx_spi.o
        46          0          0          0          0          0   stm32f4xx_syscfg.o
       370          4          0          0          0          0   stm32f4xx_usart.o
       300         46          0          0          0          0   system_stm32f4xx.o

    ----------------------------------------------------------------------
      3920        484        460        176       8508          0   Object Totals
         0          0         32          0          0          0   (incl. Generated)
        14          0          0          0          2          0   (incl. Padding)

    ----------------------------------------------------------------------

      Code (inc. data)   RO Data    RW Data    ZI Data      Debug   Library Member Name

      3068         54          0        772          0          0   pdm_filter.o
        86          0          0          0          0          0   __dczerorl2.o
         0          0          0          0          0          0   entry.o
         0          0          0          0          0          0   entry10a.o
         0          0          0          0          0          0   entry11a.o
         8          4          0          0          0          0   entry2.o
         4          0          0          0          0          0   entry5.o
         0          0          0          0          0          0   entry7b.o
         0          0          0          0          0          0   entry8b.o
         8          4          0          0          0          0   entry9a.o
        30          0          0          0          0          0   handlers.o
        36          8          0          0          0          0   init.o
         0          0          0          0          0          0   iusefp.o
        30          0          0          0          0          0   llshl.o
        36          0          0          0          0          0   llsshr.o
        32          0          0          0          0          0   llushr.o
        36          0          0          0          0          0   memcpya.o
       618          8          0          0          0          0   printf4.o
        36          0          0          0          0          0   strstr.o
        98          0          0          0          0          0   uldiv.o
       334          0          0          0          0          0   dadd.o
       222          0          0          0          0          0   ddiv.o
       186          0          0          0          0          0   depilogue.o
        50          0          0          0          0          0   dfixui.o
        26          0          0          0          0          0   dfltui.o
       228          0          0          0          0          0   dmul.o
        38          0          0          0          0          0   f2d.o
        24          0          0          0          0          0   fscalb.o

    ----------------------------------------------------------------------
      5240         78          0        772          0          0   Library Totals
         6          0          0          0          0          0   (incl. Padding)

    ----------------------------------------------------------------------

      Code (inc. data)   RO Data    RW Data    ZI Data      Debug   Library Name

      3068         54          0        772          0          0   libPDMFilter_Keil.lib
      1058         24          0          0          0          0   mc_w.l
      1108          0          0          0          0          0   mf_w.l

    ----------------------------------------------------------------------
      5240         78          0        772          0          0   Library Totals

    ----------------------------------------------------------------------

==============================================================================


      Code (inc. data)   RO Data    RW Data    ZI Data      Debug   

      9160        562        460        948       8508          0   Grand Totals
      9160        562        460        596       8508          0   ELF Image Totals (compressed)
      9160        562        460        596          0          0   ROM Totals

==============================================================================

    Total RO  Size (Code + RO Data)                 9620 (   9.39kB)
    Total RW  Size (RW Data + ZI Data)              9456 (   9.23kB)
    Total ROM Size (Code + RO Data + RW Data)      10216 (   9.98kB)

==============================================================================

